Component: ARM Compiler 5.06 update 6 (build 750) Tool: armlink [4d35ed]

==============================================================================

Section Cross References

    startup_stm32h750xx.o(RESET) refers to startup_stm32h750xx.o(STACK) for __initial_sp
    startup_stm32h750xx.o(RESET) refers to startup_stm32h750xx.o(.text) for Reset_Handler
    startup_stm32h750xx.o(RESET) refers to stm32h7xx_it.o(i.NMI_Handler) for NMI_Handler
    startup_stm32h750xx.o(RESET) refers to stm32h7xx_it.o(i.HardFault_Handler) for HardFault_Handler
    startup_stm32h750xx.o(RESET) refers to stm32h7xx_it.o(i.MemManage_Handler) for MemManage_Handler
    startup_stm32h750xx.o(RESET) refers to stm32h7xx_it.o(i.BusFault_Handler) for BusFault_Handler
    startup_stm32h750xx.o(RESET) refers to stm32h7xx_it.o(i.UsageFault_Handler) for UsageFault_Handler
    startup_stm32h750xx.o(RESET) refers to port.o(.emb_text) for SVC_Handler
    startup_stm32h750xx.o(RESET) refers to stm32h7xx_it.o(i.DebugMon_Handler) for DebugMon_Handler
    startup_stm32h750xx.o(RESET) refers to stm32h7xx_it.o(i.SysTick_Handler) for SysTick_Handler
    startup_stm32h750xx.o(RESET) refers to stm32h7xx_it.o(i.USART1_IRQHandler) for USART1_IRQHandler
    startup_stm32h750xx.o(RESET) refers to stm32h7xx_it.o(i.SDMMC1_IRQHandler) for SDMMC1_IRQHandler
    startup_stm32h750xx.o(.text) refers to system_stm32h7xx.o(i.SystemInit) for SystemInit
    startup_stm32h750xx.o(.text) refers to entry.o(.ARM.Collect$$$$00000000) for __main
    led.o(i.LED_Init) refers to memseta.o(.text) for __aeabi_memclr4
    led.o(i.LED_Init) refers to stm32h7xx_hal_gpio.o(i.HAL_GPIO_WritePin) for HAL_GPIO_WritePin
    led.o(i.LED_Init) refers to stm32h7xx_hal_gpio.o(i.HAL_GPIO_Init) for HAL_GPIO_Init
    usart.o(i.HAL_UART_MspInit) refers to memseta.o(.text) for __aeabi_memclr4
    usart.o(i.HAL_UART_MspInit) refers to stm32h7xx_hal_gpio.o(i.HAL_GPIO_Init) for HAL_GPIO_Init
    usart.o(i.USART1_Init) refers to stm32h7xx_hal_uart.o(i.HAL_UART_Init) for HAL_UART_Init
    usart.o(i.USART1_Init) refers to stm32h7xx_hal_uart_ex.o(i.HAL_UARTEx_SetTxFifoThreshold) for HAL_UARTEx_SetTxFifoThreshold
    usart.o(i.USART1_Init) refers to stm32h7xx_hal_uart_ex.o(i.HAL_UARTEx_SetRxFifoThreshold) for HAL_UARTEx_SetRxFifoThreshold
    usart.o(i.USART1_Init) refers to stm32h7xx_hal_uart_ex.o(i.HAL_UARTEx_DisableFifoMode) for HAL_UARTEx_DisableFifoMode
    usart.o(i.USART1_Init) refers to usart.o(.bss) for .bss
    usart.o(i.fputc) refers to stm32h7xx_hal_uart.o(i.HAL_UART_Transmit) for HAL_UART_Transmit
    usart.o(i.fputc) refers to usart.o(.bss) for .bss
    sdmmc_sd.o(i.BSP_SD_DETECT_IRQHandler) refers to stm32h7xx_hal_exti.o(i.HAL_EXTI_IRQHandler) for HAL_EXTI_IRQHandler
    sdmmc_sd.o(i.BSP_SD_DETECT_IRQHandler) refers to sdmmc_sd.o(.data) for .data
    sdmmc_sd.o(i.BSP_SD_DeInit) refers to stm32h7xx_hal_sd.o(i.HAL_SD_DeInit) for HAL_SD_DeInit
    sdmmc_sd.o(i.BSP_SD_DeInit) refers to stm32h7xx_hal_cortex.o(i.HAL_NVIC_DisableIRQ) for HAL_NVIC_DisableIRQ
    sdmmc_sd.o(i.BSP_SD_DeInit) refers to stm32h7xx_hal_gpio.o(i.HAL_GPIO_DeInit) for HAL_GPIO_DeInit
    sdmmc_sd.o(i.BSP_SD_DeInit) refers to sdmmc_sd.o(.bss) for .bss
    sdmmc_sd.o(i.BSP_SD_DetectITConfig) refers to stm32h7xx_hal_exti.o(i.HAL_EXTI_GetHandle) for HAL_EXTI_GetHandle
    sdmmc_sd.o(i.BSP_SD_DetectITConfig) refers to stm32h7xx_hal_exti.o(i.HAL_EXTI_RegisterCallback) for HAL_EXTI_RegisterCallback
    sdmmc_sd.o(i.BSP_SD_DetectITConfig) refers to sdmmc_sd.o(.constdata) for .constdata
    sdmmc_sd.o(i.BSP_SD_DetectITConfig) refers to sdmmc_sd.o(.data) for .data
    sdmmc_sd.o(i.BSP_SD_Erase) refers to stm32h7xx_hal_sd.o(i.HAL_SD_Erase) for HAL_SD_Erase
    sdmmc_sd.o(i.BSP_SD_Erase) refers to sdmmc_sd.o(.bss) for .bss
    sdmmc_sd.o(i.BSP_SD_GetCardInfo) refers to stm32h7xx_hal_sd.o(i.HAL_SD_GetCardInfo) for HAL_SD_GetCardInfo
    sdmmc_sd.o(i.BSP_SD_GetCardInfo) refers to sdmmc_sd.o(.bss) for .bss
    sdmmc_sd.o(i.BSP_SD_GetCardState) refers to stm32h7xx_hal_sd.o(i.HAL_SD_GetCardState) for HAL_SD_GetCardState
    sdmmc_sd.o(i.BSP_SD_GetCardState) refers to sdmmc_sd.o(.bss) for .bss
    sdmmc_sd.o(i.BSP_SD_IRQHandler) refers to stm32h7xx_hal_sd.o(i.HAL_SD_IRQHandler) for HAL_SD_IRQHandler
    sdmmc_sd.o(i.BSP_SD_IRQHandler) refers to sdmmc_sd.o(.bss) for .bss
    sdmmc_sd.o(i.BSP_SD_Init) refers to sdmmc_sd.o(i.BSP_SD_IsDetected) for BSP_SD_IsDetected
    sdmmc_sd.o(i.BSP_SD_Init) refers to sdmmc_sd.o(i.SD_MspInit) for SD_MspInit
    sdmmc_sd.o(i.BSP_SD_Init) refers to sdmmc_sd.o(i.MX_SDMMC1_SD_Init) for MX_SDMMC1_SD_Init
    sdmmc_sd.o(i.BSP_SD_Init) refers to stm32h7xx_hal_sd.o(i.HAL_SD_ConfigWideBusOperation) for HAL_SD_ConfigWideBusOperation
    sdmmc_sd.o(i.BSP_SD_Init) refers to stm32h7xx_hal_sd.o(i.HAL_SD_ConfigSpeedBusOperation) for HAL_SD_ConfigSpeedBusOperation
    sdmmc_sd.o(i.BSP_SD_Init) refers to sdmmc_sd.o(.bss) for .bss
[...]
    xDelayedTaskList1                        0x20010d7c   Data          20  tasks.o(.bss)
    xDelayedTaskList2                        0x20010d90   Data          20  tasks.o(.bss)
    xPendingReadyList                        0x20010da4   Data          20  tasks.o(.bss)
    xTasksWaitingTermination                 0x20010db8   Data          20  tasks.o(.bss)
    xSuspendedTaskList                       0x20010dcc   Data          20  tasks.o(.bss)
    .bss                                     0x20010de0   Section       64  queue.o(.bss)
    .bss                                     0x20010e20   Section    32768  heap_4.o(.bss)
    ucHeap                                   0x20010e20   Data       32768  heap_4.o(.bss)
    STACK                                    0x20018e20   Section     1024  startup_stm32h750xx.o(STACK)

    Global Symbols

    Symbol Name                              Value     Ov Type        Size  Object(Section)

    BuildAttributes$$THM_ISAv4$E$P$D$K$B$S$7EM$VFPv5_D16$PE$PLD8$A:L22UL41UL21$X:L11$S22US41US21$IEEE1$IW$USESV6$~STKCKD$USESV7$~SHL$OSPACE$ROPI$EBA8$MICROLIB$REQ8$PRES8$EABIv2 0x00000000   Number         0  anon$$obj.o ABSOLUTE
    __ARM_use_no_argv                        0x00000000   Number         0  main.o ABSOLUTE
    _printf_a                                0x00000000   Number         0  stubs.o ABSOLUTE
    _printf_c                                0x00000000   Number         0  stubs.o ABSOLUTE
    _printf_charcount                        0x00000000   Number         0  stubs.o ABSOLUTE
    _printf_d                                0x00000000   Number         0  stubs.o ABSOLUTE
    _printf_e                                0x00000000   Number         0  stubs.o ABSOLUTE
    _printf_f                                0x00000000   Number         0  stubs.o ABSOLUTE
    _printf_flags                            0x00000000   Number         0  stubs.o ABSOLUTE
    _printf_fp_dec                           0x00000000   Number         0  stubs.o ABSOLUTE
    _printf_fp_hex                           0x00000000   Number         0  stubs.o ABSOLUTE
    _printf_g                                0x00000000   Number         0  stubs.o ABSOLUTE
    _printf_i                                0x00000000   Number         0  stubs.o ABSOLUTE
    _printf_int_dec                          0x00000000   Number         0  stubs.o ABSOLUTE
    _printf_l                                0x00000000   Number         0  stubs.o ABSOLUTE
    _printf_lc                               0x00000000   Number         0  stubs.o ABSOLUTE
    _printf_ll                               0x00000000   Number         0  stubs.o ABSOLUTE
    _printf_lld                              0x00000000   Number         0  stubs.o ABSOLUTE
    _printf_lli                              0x00000000   Number         0  stubs.o ABSOLUTE
    _printf_llo                              0x00000000   Number         0  stubs.o ABSOLUTE
    _printf_llu                              0x00000000   Number         0  stubs.o ABSOLUTE
    _printf_llx                              0x00000000   Number         0  stubs.o ABSOLUTE
    _printf_longlong_dec                     0x00000000   Number         0  stubs.o ABSOLUTE
    _printf_longlong_hex                     0x00000000   Number         0  stubs.o ABSOLUTE
    _printf_longlong_oct                     0x00000000   Number         0  stubs.o ABSOLUTE
    _printf_ls                               0x00000000   Number         0  stubs.o ABSOLUTE
    _printf_mbtowc                           0x00000000   Number         0  stubs.o ABSOLUTE
    _printf_n                                0x00000000   Number         0  stubs.o ABSOLUTE
    _printf_o                                0x00000000   Number         0  stubs.o ABSOLUTE
    _printf_p                                0x00000000   Number         0  stubs.o ABSOLUTE
    _printf_percent                          0x00000000   Number         0  stubs.o ABSOLUTE
    _printf_pre_padding                      0x00000000   Number         0  stubs.o ABSOLUTE
    _printf_return_value                     0x00000000   Number         0  stubs.o ABSOLUTE
    _printf_s                                0x00000000   Number         0  stubs.o ABSOLUTE
    _printf_sizespec                         0x00000000   Number         0  stubs.o ABSOLUTE
    _printf_str                              0x00000000   Number         0  stubs.o ABSOLUTE
    _printf_truncate_signed                  0x00000000   Number         0  stubs.o ABSOLUTE
    _printf_truncate_unsigned                0x00000000   Number         0  stubs.o ABSOLUTE
    _printf_u                                0x00000000   Number         0  stubs.o ABSOLUTE
    _printf_wc                               0x00000000   Number         0  stubs.o ABSOLUTE
    _printf_wctomb                           0x00000000   Number         0  stubs.o ABSOLUTE
    _printf_widthprec                        0x00000000   Number         0  stubs.o ABSOLUTE
    _printf_x                                0x00000000   Number         0  stubs.o ABSOLUTE
    __cpp_initialize__aeabi_                  - Undefined Weak Reference
    __cxa_finalize                            - Undefined Weak Reference
    __decompress                              - Undefined Weak Reference
    _clock_init                               - Undefined Weak Reference
    _microlib_exit                            - Undefined Weak Reference
    __Vectors_Size                           0x00000298   Number         0  startup_stm32h750xx.o ABSOLUTE
    __Vectors                                0x08000000   Data           4  startup_stm32h750xx.o(RESET)
    __Vectors_End                            0x08000298   Data           0  startup_stm32h750xx.o(RESET)
    __main                                   0x08000299   Thumb Code     0  entry.o(.ARM.Collect$$$$00000000)
    _main_stk                                0x08000299   Thumb Code     0  entry2.o(.ARM.Collect$$$$00000001)
    _main_scatterload                        0x0800029d   Thumb Code     0  entry5.o(.ARM.Collect$$$$00000004)
    __main_after_scatterload                 0x080002a1   Thumb Code     0  entry5.o(.ARM.Collect$$$$00000004)
    _main_clock                              0x080002a1   Thumb Code     0  entry7b.o(.ARM.Collect$$$$00000008)
    _main_cpp_init                           0x080002a1   Thumb Code     0  entry8b.o(.ARM.Collect$$$$0000000A)
    _main_init                               0x080002a1   Thumb Code     0  entry9a.o(.ARM.Collect$$$$0000000B)
    __rt_final_cpp                           0x080002a9   Thumb Code     0  entry10a.o(.ARM.Collect$$$$0000000D)
    __rt_final_exit                          0x080002a9   Thumb Code     0  entry11a.o(.ARM.Collect$$$$0000000F)
    SVC_Handler                              0x080002ad   Thumb Code    28  port.o(.emb_text)
    __asm___6_port_c_39a90d8d__prvStartFirstTask 0x080002cd   Thumb Code    36  port.o(.emb_text)
    __asm___6_port_c_39a90d8d__prvEnableVFP  0x080002f5   Thumb Code    16  port.o(.emb_text)
    PendSV_Handler                           0x08000309   Thumb Code    92  port.o(.emb_text)
    vPortGetIPSR                             0x08000369   Thumb Code     6  port.o(.emb_text)
    Reset_Handler                            0x08000371   Thumb Code     8  startup_stm32h750xx.o(.text)
    ADC3_IRQHandler                          0x0800038b   Thumb Code     0  startup_stm32h750xx.o(.text)
    ADC_IRQHandler                           0x0800038b   Thumb Code     0  startup_stm32h750xx.o(.text)
    BDMA_Channel0_IRQHandler                 0x0800038b   Thumb Code     0  startup_stm32h750xx.o(.text)
    BDMA_Channel1_IRQHandler                 0x0800038b   Thumb Code     0  startup_stm32h750xx.o(.text)
    BDMA_Channel2_IRQHandler                 0x0800038b   Thumb Code     0  startup_stm32h750xx.o(.text)
    BDMA_Channel3_IRQHandler                 0x0800038b   Thumb Code     0  startup_stm32h750xx.o(.text)
    BDMA_Channel4_IRQHandler                 0x0800038b   Thumb Code     0  startup_stm32h750xx.o(.text)
    BDMA_Channel5_IRQHandler                 0x0800038b   Thumb Code     0  startup_stm32h750xx.o(.text)
    BDMA_Channel6_IRQHandler                 0x0800038b   Thumb Code     0  startup_stm32h750xx.o(.text)
    BDMA_Channel7_IRQHandler                 0x0800038b   Thumb Code     0  startup_stm32h750xx.o(.text)
    CEC_IRQHandler                           0x0800038b   Thumb Code     0  startup_stm32h750xx.o(.text)
    COMP1_IRQHandler                         0x0800038b   Thumb Code     0  startup_stm32h750xx.o(.text)
    CRS_IRQHandler                           0x0800038b   Thumb Code     0  startup_stm32h750xx.o(.text)
    CRYP_IRQHandler                          0x0800038b   Thumb Code     0  startup_stm32h750xx.o(.text)
    DCMI_IRQHandler                          0x0800038b   Thumb Code     0  startup_stm32h750xx.o(.text)
    DFSDM1_FLT0_IRQHandler                   0x0800038b   Thumb Code     0  startup_stm32h750xx.o(.text)
    DFSDM1_FLT1_IRQHandler                   0x0800038b   Thumb Code     0  startup_stm32h750xx.o(.text)
    DFSDM1_FLT2_IRQHandler                   0x0800038b   Thumb Code     0  startup_stm32h750xx.o(.text)
    DFSDM1_FLT3_IRQHandler                   0x0800038b   Thumb Code     0  startup_stm32h750xx.o(.text)
    DMA1_Stream0_IRQHandler                  0x0800038b   Thumb Code     0  startup_stm32h750xx.o(.text)
    DMA1_Stream1_IRQHandler                  0x0800038b   Thumb Code     0  startup_stm32h750xx.o(.text)
    DMA1_Stream2_IRQHandler                  0x0800038b   Thumb Code     0  startup_stm32h750xx.o(.text)
    DMA1_Stream3_IRQHandler                  0x0800038b   Thumb Code     0  startup_stm32h750xx.o(.text)
    DMA1_Stream4_IRQHandler                  0x0800038b   Thumb Code     0  startup_stm32h750xx.o(.text)
    DMA1_Stream5_IRQHandler                  0x0800038b   Thumb Code     0  startup_stm32h750xx.o(.text)
    DMA1_Stream6_IRQHandler                  0x0800038b   Thumb Code     0  startup_stm32h750xx.o(.text)
    DMA1_Stream7_IRQHandler                  0x0800038b   Thumb Code     0  startup_stm32h750xx.o(.text)
    DMA2D_IRQHandler                         0x0800038b   Thumb Code     0  startup_stm32h750xx.o(.text)
    DMA2_Stream0_IRQHandler                  0x0800038b   Thumb Code     0  startup_stm32h750xx.o(.text)
    DMA2_Stream1_IRQHandler                  0x0800038b   Thumb Code     0  startup_stm32h750xx.o(.text)
    DMA2_Stream2_IRQHandler                  0x0800038b   Thumb Code     0  startup_stm32h750xx.o(.text)
    DMA2_Stream3_IRQHandler                  0x0800038b   Thumb Code     0  startup_stm32h750xx.o(.text)
    DMA2_Stream4_IRQHandler                  0x0800038b   Thumb Code     0  startup_stm32h750xx.o(.text)
    DMA2_Stream5_IRQHandler                  0x0800038b   Thumb Code     0  startup_stm32h750xx.o(.text)
    DMA2_Stream6_IRQHandler                  0x0800038b   Thumb Code     0  startup_stm32h750xx.o(.text)
    DMA2_Stream7_IRQHandler                  0x0800038b   Thumb Code     0  startup_stm32h750xx.o(.text)
    DMAMUX1_OVR_IRQHandler                   0x0800038b   Thumb Code     0  startup_stm32h750xx.o(.text)
    DMAMUX2_OVR_IRQHandler                   0x0800038b   Thumb Code     0  startup_stm32h750xx.o(.text)
    ECC_IRQHandler                           0x0800038b   Thumb Code     0  startup_stm32h750xx.o(.text)
    ETH_IRQHandler                           0x0800038b   Thumb Code     0  startup_stm32h750xx.o(.text)
    ETH_WKUP_IRQHandler                      0x0800038b   Thumb Code     0  startup_stm32h750xx.o(.text)
    EXTI0_IRQHandler                         0x0800038b   Thumb Code     0  startup_stm32h750xx.o(.text)
    EXTI15_10_IRQHandler                     0x0800038b   Thumb Code     0  startup_stm32h750xx.o(.text)
    EXTI1_IRQHandler                         0x0800038b   Thumb Code     0  startup_stm32h750xx.o(.text)
    EXTI2_IRQHandler                         0x0800038b   Thumb Code     0  startup_stm32h750xx.o(.text)
    EXTI3_IRQHandler                         0x0800038b   Thumb Code     0  startup_stm32h750xx.o(.text)
    EXTI4_IRQHandler                         0x0800038b   Thumb Code     0  startup_stm32h750xx.o(.text)
    EXTI9_5_IRQHandler                       0x0800038b   Thumb Code     0  startup_stm32h750xx.o(.text)
    FDCAN1_IT0_IRQHandler                    0x0800038b   Thumb Code     0  startup_stm32h750xx.o(.text)
    FDCAN1_IT1_IRQHandler                    0x0800038b   Thumb Code     0  startup_stm32h750xx.o(.text)
    FDCAN2_IT0_IRQHandler                    0x0800038b   Thumb Code     0  startup_stm32h750xx.o(.text)
    FDCAN2_IT1_IRQHandler                    0x0800038b   Thumb Code     0  startup_stm32h750xx.o(.text)
    FDCAN_CAL_IRQHandler                     0x0800038b   Thumb Code     0  startup_stm32h750xx.o(.text)
    FLASH_IRQHandler                         0x0800038b   Thumb Code     0  startup_stm32h750xx.o(.text)
    FMC_IRQHandler                           0x0800038b   Thumb Code     0  startup_stm32h750xx.o(.text)
    FPU_IRQHandler                           0x0800038b   Thumb Code     0  startup_stm32h750xx.o(.text)
    HASH_RNG_IRQHandler                      0x0800038b   Thumb Code     0  startup_stm32h750xx.o(.text)
    HRTIM1_FLT_IRQHandler                    0x0800038b   Thumb Code     0  startup_stm32h750xx.o(.text)
    HRTIM1_Master_IRQHandler                 0x0800038b   Thumb Code     0  startup_stm32h750xx.o(.text)
    HRTIM1_TIMA_IRQHandler                   0x0800038b   Thumb Code     0  startup_stm32h750xx.o(.text)
    HRTIM1_TIMB_IRQHandler                   0x0800038b   Thumb Code     0  startup_stm32h750xx.o(.text)
    HRTIM1_TIMC_IRQHandler                   0x0800038b   Thumb Code     0  startup_stm32h750xx.o(.text)
    HRTIM1_TIMD_IRQHandler                   0x0800038b   Thumb Code     0  startup_stm32h750xx.o(.text)
    HRTIM1_TIME_IRQHandler                   0x0800038b   Thumb Code     0  startup_stm32h750xx.o(.text)
    HSEM1_IRQHandler                         0x0800038b   Thumb Code     0  startup_stm32h750xx.o(.text)
    I2C1_ER_IRQHandler                       0x0800038b   Thumb Code     0  startup_stm32h750xx.o(.text)
    I2C1_EV_IRQHandler                       0x0800038b   Thumb Code     0  startup_stm32h750xx.o(.text)
    I2C2_ER_IRQHandler                       0x0800038b   Thumb Code     0  startup_stm32h750xx.o(.text)
    I2C2_EV_IRQHandler                       0x0800038b   Thumb Code     0  startup_stm32h750xx.o(.text)
    I2C3_ER_IRQHandler                       0x0800038b   Thumb Code     0  startup_stm32h750xx.o(.text)
    I2C3_EV_IRQHandler                       0x0800038b   Thumb Code     0  startup_stm32h750xx.o(.text)
    I2C4_ER_IRQHandler                       0x0800038b   Thumb Code     0  startup_stm32h750xx.o(.text)
    I2C4_EV_IRQHandler                       0x0800038b   Thumb Code     0  startup_stm32h750xx.o(.text)
    JPEG_IRQHandler                          0x0800038b   Thumb Code     0  startup_stm32h750xx.o(.text)
    LPTIM1_IRQHandler                        0x0800038b   Thumb Code     0  startup_stm32h750xx.o(.text)
    LPTIM2_IRQHandler                        0x0800038b   Thumb Code     0  startup_stm32h750xx.o(.text)
    LPTIM3_IRQHandler                        0x0800038b   Thumb Code     0  startup_stm32h750xx.o(.text)
    LPTIM4_IRQHandler                        0x0800038b   Thumb Code     0  startup_stm32h750xx.o(.text)
    LPTIM5_IRQHandler                        0x0800038b   Thumb Code     0  startup_stm32h750xx.o(.text)
    LPUART1_IRQHandler                       0x0800038b   Thumb Code     0  startup_stm32h750xx.o(.text)
    LTDC_ER_IRQHandler                       0x0800038b   Thumb Code     0  startup_stm32h750xx.o(.text)
    LTDC_IRQHandler                          0x0800038b   Thumb Code     0  startup_stm32h750xx.o(.text)
    MDIOS_IRQHandler                         0x0800038b   Thumb Code     0  startup_stm32h750xx.o(.text)
    MDIOS_WKUP_IRQHandler                    0x0800038b   Thumb Code     0  startup_stm32h750xx.o(.text)
    MDMA_IRQHandler                          0x0800038b   Thumb Code     0  startup_stm32h750xx.o(.text)
    OTG_FS_EP1_IN_IRQHandler                 0x0800038b   Thumb Code     0  startup_stm32h750xx.o(.text)
    OTG_FS_EP1_OUT_IRQHandler                0x0800038b   Thumb Code     0  startup_stm32h750xx.o(.text)
    OTG_FS_IRQHandler                        0x0800038b   Thumb Code     0  startup_stm32h750xx.o(.text)
    OTG_FS_WKUP_IRQHandler                   0x0800038b   Thumb Code     0  startup_stm32h750xx.o(.text)
    OTG_HS_EP1_IN_IRQHandler                 0x0800038b   Thumb Code     0  startup_stm32h750xx.o(.text)
    OTG_HS_EP1_OUT_IRQHandler                0x0800038b   Thumb Code     0  startup_stm32h750xx.o(.text)
    OTG_HS_IRQHandler                        0x0800038b   Thumb Code     0  startup_stm32h750xx.o(.text)
    OTG_HS_WKUP_IRQHandler                   0x0800038b   Thumb Code     0  startup_stm32h750xx.o(.text)
    PVD_AVD_IRQHandler                       0x0800038b   Thumb Code     0  startup_stm32h750xx.o(.text)
    QUADSPI_IRQHandler                       0x0800038b   Thumb Code     0  startup_stm32h750xx.o(.text)
    RCC_IRQHandler                           0x0800038b   Thumb Code     0  startup_stm32h750xx.o(.text)
    RTC_Alarm_IRQHandler                     0x0800038b   Thumb Code     0  startup_stm32h750xx.o(.text)
    RTC_WKUP_IRQHandler                      0x0800038b   Thumb Code     0  startup_stm32h750xx.o(.text)
    SAI1_IRQHandler                          0x0800038b   Thumb Code     0  startup_stm32h750xx.o(.text)
    SAI2_IRQHandler                          0x0800038b   Thumb Code     0  startup_stm32h750xx.o(.text)
    SAI3_IRQHandler                          0x0800038b   Thumb Code     0  startup_stm32h750xx.o(.text)
    SAI4_IRQHandler                          0x0800038b   Thumb Code     0  startup_stm32h750xx.o(.text)
    SDMMC2_IRQHandler                        0x0800038b   Thumb Code     0  startup_stm32h750xx.o(.text)
    SPDIF_RX_IRQHandler                      0x0800038b   Thumb Code     0  startup_stm32h750xx.o(.text)
    SPI1_IRQHandler                          0x0800038b   Thumb Code     0  startup_stm32h750xx.o(.text)
    SPI2_IRQHandler                          0x0800038b   Thumb Code     0  startup_stm32h750xx.o(.text)
    SPI3_IRQHandler                          0x0800038b   Thumb Code     0  startup_stm32h750xx.o(.text)
    SPI4_IRQHandler                          0x0800038b   Thumb Code     0  startup_stm32h750xx.o(.text)
    SPI5_IRQHandler                          0x0800038b   Thumb Code     0  startup_stm32h750xx.o(.text)
    SPI6_IRQHandler                          0x0800038b   Thumb Code     0  startup_stm32h750xx.o(.text)
    SWPMI1_IRQHandler                        0x0800038b   Thumb Code     0  startup_stm32h750xx.o(.text)
    TAMP_STAMP_IRQHandler                    0x0800038b   Thumb Code     0  startup_stm32h750xx.o(.text)
    TIM15_IRQHandler                         0x0800038b   Thumb Code     0  startup_stm32h750xx.o(.text)
    TIM16_IRQHandler                         0x0800038b   Thumb Code     0  startup_stm32h750xx.o(.text)
    TIM17_IRQHandler                         0x0800038b   Thumb Code     0  startup_stm32h750xx.o(.text)
    TIM1_BRK_IRQHandler                      0x0800038b   Thumb Code     0  startup_stm32h750xx.o(.text)
    TIM1_CC_IRQHandler                       0x0800038b   Thumb Code     0  startup_stm32h750xx.o(.text)
    TIM1_TRG_COM_IRQHandler                  0x0800038b   Thumb Code     0  startup_stm32h750xx.o(.text)
    TIM1_UP_IRQHandler                       0x0800038b   Thumb Code     0  startup_stm32h750xx.o(.text)
    TIM2_IRQHandler                          0x0800038b   Thumb Code     0  startup_stm32h750xx.o(.text)
    TIM3_IRQHandler                          0x0800038b   Thumb Code     0  startup_stm32h750xx.o(.text)
    TIM4_IRQHandler                          0x0800038b   Thumb Code     0  startup_stm32h750xx.o(.text)
    TIM5_IRQHandler                          0x0800038b   Thumb Code     0  startup_stm32h750xx.o(.text)
    TIM6_DAC_IRQHandler                      0x0800038b   Thumb Code     0  startup_stm32h750xx.o(.text)
    TIM7_IRQHandler                          0x0800038b   Thumb Code     0  startup_stm32h750xx.o(.text)
    TIM8_BRK_TIM12_IRQHandler                0x0800038b   Thumb Code     0  startup_stm32h750xx.o(.text)
    TIM8_CC_IRQHandler                       0x0800038b   Thumb Code     0  startup_stm32h750xx.o(.text)
    TIM8_TRG_COM_TIM14_IRQHandler            0x0800038b   Thumb Code     0  startup_stm32h750xx.o(.text)
    TIM8_UP_TIM13_IRQHandler                 0x0800038b   Thumb Code     0  startup_stm32h750xx.o(.text)
    UART4_IRQHandler                         0x0800038b   Thumb Code     0  startup_stm32h750xx.o(.text)
    UART5_IRQHandler                         0x0800038b   Thumb Code     0  startup_stm32h750xx.o(.text)
    UART7_IRQHandler                         0x0800038b   Thumb Code     0  startup_stm32h750xx.o(.text)
    UART8_IRQHandler                         0x0800038b   Thumb Code     0  startup_stm32h750xx.o(.text)
    USART2_IRQHandler                        0x0800038b   Thumb Code     0  startup_stm32h750xx.o(.text)
    USART3_IRQHandler                        0x0800038b   Thumb Code     0  startup_stm32h750xx.o(.text)
    USART6_IRQHandler                        0x0800038b   Thumb Code     0  startup_stm32h750xx.o(.text)
    WAKEUP_PIN_IRQHandler                    0x0800038b   Thumb Code     0  startup_stm32h750xx.o(.text)
    WWDG_IRQHandler                          0x0800038b   Thumb Code     0  startup_stm32h750xx.o(.text)
    __aeabi_uldivmod                         0x08000395   Thumb Code    98  uldiv.o(.text)
    __aeabi_memcpy                           0x080003f7   Thumb Code    36  memcpya.o(.text)
    __aeabi_memcpy4                          0x080003f7   Thumb Code     0  memcpya.o(.text)
    __aeabi_memcpy8                          0x080003f7   Thumb Code     0  memcpya.o(.text)
    __aeabi_memset                           0x0800041b   Thumb Code    14  memseta.o(.text)
    __aeabi_memset4                          0x0800041b   Thumb Code     0  memseta.o(.text)
    __aeabi_memset8                          0x0800041b   Thumb Code     0  memseta.o(.text)
    __aeabi_memclr                           0x08000429   Thumb Code     4  memseta.o(.text)
    __aeabi_memclr4                          0x08000429   Thumb Code     0  memseta.o(.text)
    __aeabi_memclr8                          0x08000429   Thumb Code     0  memseta.o(.text)
    memset                                   0x0800042d   Thumb Code    18  memseta.o(.text)
    __aeabi_uidiv                            0x0800043f   Thumb Code     0  uidiv.o(.text)
    __aeabi_uidivmod                         0x0800043f   Thumb Code    44  uidiv.o(.text)
    __aeabi_llsl                             0x0800046b   Thumb Code    30  llshl.o(.text)
    _ll_shift_l                              0x0800046b   Thumb Code     0  llshl.o(.text)
    __aeabi_llsr                             0x08000489   Thumb Code    32  llushr.o(.text)
    _ll_ushift_r                             0x08000489   Thumb Code     0  llushr.o(.text)
    __I$use$fp                               0x080004a9   Thumb Code     0  iusefp.o(.text)
    __aeabi_dadd                             0x080004a9   Thumb Code   322  dadd.o(.text)
    __aeabi_dsub                             0x080005eb   Thumb Code     6  dadd.o(.text)
    __aeabi_drsub                            0x080005f1   Thumb Code     6  dadd.o(.text)
    __aeabi_dmul                             0x080005f7   Thumb Code   228  dmul.o(.text)
    __aeabi_ddiv                             0x080006db   Thumb Code   222  ddiv.o(.text)
    __aeabi_d2ulz                            0x080007b9   Thumb Code    48  dfixul.o(.text)
    __aeabi_cdrcmple                         0x080007e9   Thumb Code    48  cdrcmple.o(.text)
    __scatterload                            0x08000819   Thumb Code    28  init.o(.text)
    __scatterload_rt2                        0x08000819   Thumb Code     0  init.o(.text)
    __aeabi_lasr                             0x0800083d   Thumb Code    36  llsshr.o(.text)
    _ll_sshift_r                             0x0800083d   Thumb Code     0  llsshr.o(.text)
    _double_round                            0x08000861   Thumb Code    30  depilogue.o(.text)
    _double_epilogue                         0x0800087f   Thumb Code   156  depilogue.o(.text)
    BSP_SD_Erase                             0x0800091d   Thumb Code    30  sdmmc_sd.o(i.BSP_SD_Erase)
    BSP_SD_GetCardState                      0x08000941   Thumb Code    28  sdmmc_sd.o(i.BSP_SD_GetCardState)
    BSP_SD_Init                              0x08000961   Thumb Code    74  sdmmc_sd.o(i.BSP_SD_Init)
    BSP_SD_IsDetected                        0x080009b1   Thumb Code    12  sdmmc_sd.o(i.BSP_SD_IsDetected)
    BSP_SD_ReadBlocks                        0x080009bd   Thumb Code    38  sdmmc_sd.o(i.BSP_SD_ReadBlocks)
    BSP_SD_ReadCpltCallback                  0x080009e9   Thumb Code     2  sdmmc_sd.o(i.BSP_SD_ReadCpltCallback)
    BSP_SD_WriteBlocks                       0x080009ed   Thumb Code    38  sdmmc_sd.o(i.BSP_SD_WriteBlocks)
    BSP_SD_WriteCpltCallback                 0x08000a19   Thumb Code     2  sdmmc_sd.o(i.BSP_SD_WriteCpltCallback)
    BusFault_Handler                         0x08000a1b   Thumb Code     2  stm32h7xx_it.o(i.BusFault_Handler)
    DebugMon_Handler                         0x08000a1d   Thumb Code     2  stm32h7xx_it.o(i.DebugMon_Handler)
    FMC_SDRAM_Init                           0x08000a1f   Thumb Code   106  stm32h7xx_ll_fmc.o(i.FMC_SDRAM_Init)
    FMC_SDRAM_ProgramRefreshRate             0x08000a89   Thumb Code    18  stm32h7xx_ll_fmc.o(i.FMC_SDRAM_ProgramRefreshRate)
    FMC_SDRAM_SendCommand                    0x08000a9b   Thumb Code    38  stm32h7xx_ll_fmc.o(i.FMC_SDRAM_SendCommand)
    FMC_SDRAM_Timing_Init                    0x08000ac1   Thumb Code   164  stm32h7xx_ll_fmc.o(i.FMC_SDRAM_Timing_Init)
    FreeGUI_Handler                          0x08000b71   Thumb Code    28  freegui.o(i.FreeGUI_Handler)
    FreeRTOS_Start                           0x08000b8d   Thumb Code   166  rtos_task.o(i.FreeRTOS_Start)
    Free_draw_Fill                           0x08000cb1   Thumb Code    50  freegui.o(i.Free_draw_Fill)
    HAL_DMA_Abort                            0x08000ce5   Thumb Code   836  stm32h7xx_hal_dma.o(i.HAL_DMA_Abort)
    HAL_DMA_Abort_IT                         0x08001045   Thumb Code   602  stm32h7xx_hal_dma.o(i.HAL_DMA_Abort_IT)
    HAL_Delay                                0x080012c9   Thumb Code    32  stm32h7xx_hal.o(i.HAL_Delay)
    HAL_GPIO_Init                            0x080013fd   Thumb Code   506  stm32h7xx_hal_gpio.o(i.HAL_GPIO_Init)
    HAL_GPIO_TogglePin                       0x08001629   Thumb Code    16  stm32h7xx_hal_gpio.o(i.HAL_GPIO_TogglePin)
    HAL_GPIO_WritePin                        0x08001639   Thumb Code    10  stm32h7xx_hal_gpio.o(i.HAL_GPIO_WritePin)
    HAL_GetREVID                             0x08001645   Thumb Code     8  stm32h7xx_hal.o(i.HAL_GetREVID)
    HAL_GetTick                              0x08001651   Thumb Code     6  stm32h7xx_hal.o(i.HAL_GetTick)
    HAL_IncTick                              0x0800165d   Thumb Code    12  stm32h7xx_hal.o(i.HAL_IncTick)
    HAL_Init                                 0x0800166d   Thumb Code    74  stm32h7xx_hal.o(i.HAL_Init)
    HAL_InitTick                             0x080016c9   Thumb Code    56  stm32h7xx_hal.o(i.HAL_InitTick)
    HAL_MspInit                              0x08001709   Thumb Code    22  stm32h7xx_hal_msp.o(i.HAL_MspInit)
    HAL_NVIC_EnableIRQ                       0x08001725   Thumb Code    26  stm32h7xx_hal_cortex.o(i.HAL_NVIC_EnableIRQ)
    HAL_NVIC_SetPriority                     0x08001741   Thumb Code    60  stm32h7xx_hal_cortex.o(i.HAL_NVIC_SetPriority)
    HAL_NVIC_SetPriorityGrouping             0x08001781   Thumb Code    28  stm32h7xx_hal_cortex.o(i.HAL_NVIC_SetPriorityGrouping)
    HAL_PWREx_ConfigSupply                   0x080017a5   Thumb Code    78  stm32h7xx_hal_pwr_ex.o(i.HAL_PWREx_ConfigSupply)
    HAL_RCCEx_GetD3PCLK1Freq                 0x080017f9   Thumb Code    26  stm32h7xx_hal_rcc_ex.o(i.HAL_RCCEx_GetD3PCLK1Freq)
    HAL_RCCEx_GetPLL1ClockFreq               0x0800181d   Thumb Code   298  stm32h7xx_hal_rcc_ex.o(i.HAL_RCCEx_GetPLL1ClockFreq)
    HAL_RCCEx_GetPLL2ClockFreq               0x08001965   Thumb Code   296  stm32h7xx_hal_rcc_ex.o(i.HAL_RCCEx_GetPLL2ClockFreq)
    HAL_RCCEx_GetPLL3ClockFreq               0x08001aa9   Thumb Code   296  stm32h7xx_hal_rcc_ex.o(i.HAL_RCCEx_GetPLL3ClockFreq)
    HAL_RCCEx_GetPeriphCLKFreq               0x08001bed   Thumb Code   596  stm32h7xx_hal_rcc_ex.o(i.HAL_RCCEx_GetPeriphCLKFreq)
    HAL_RCCEx_PeriphCLKConfig                0x08001e59   Thumb Code  2258  stm32h7xx_hal_rcc_ex.o(i.HAL_RCCEx_PeriphCLKConfig)
    HAL_RCC_ClockConfig                      0x0800272d   Thumb Code   580  stm32h7xx_hal_rcc.o(i.HAL_RCC_ClockConfig)
    HAL_RCC_GetHCLKFreq                      0x08002989   Thumb Code    52  stm32h7xx_hal_rcc.o(i.HAL_RCC_GetHCLKFreq)
    HAL_RCC_GetPCLK1Freq                     0x080029cd   Thumb Code    26  stm32h7xx_hal_rcc.o(i.HAL_RCC_GetPCLK1Freq)
    HAL_RCC_GetPCLK2Freq                     0x080029f1   Thumb Code    26  stm32h7xx_hal_rcc.o(i.HAL_RCC_GetPCLK2Freq)
    HAL_RCC_GetSysClockFreq                  0x08002a15   Thumb Code   278  stm32h7xx_hal_rcc.o(i.HAL_RCC_GetSysClockFreq)
    HAL_RCC_OscConfig                        0x08002b4d   Thumb Code  1322  stm32h7xx_hal_rcc.o(i.HAL_RCC_OscConfig)
    HAL_SDEx_Read_DMADoubleBuf0CpltCallback  0x0800307d   Thumb Code     2  stm32h7xx_hal_sd.o(i.HAL_SDEx_Read_DMADoubleBuf0CpltCallback)
    HAL_SDEx_Read_DMADoubleBuf1CpltCallback  0x0800307f   Thumb Code     2  stm32h7xx_hal_sd.o(i.HAL_SDEx_Read_DMADoubleBuf1CpltCallback)
    HAL_SDEx_Write_DMADoubleBuf0CpltCallback 0x08003081   Thumb Code     2  stm32h7xx_hal_sd.o(i.HAL_SDEx_Write_DMADoubleBuf0CpltCallback)
    HAL_SDEx_Write_DMADoubleBuf1CpltCallback 0x08003083   Thumb Code     2  stm32h7xx_hal_sd.o(i.HAL_SDEx_Write_DMADoubleBuf1CpltCallback)
    HAL_SDRAM_Init                           0x08003085   Thumb Code    76  stm32h7xx_hal_sdram.o(i.HAL_SDRAM_Init)
    HAL_SDRAM_MspInit                        0x080030d5   Thumb Code     4  sdram.o(i.HAL_SDRAM_MspInit)
    HAL_SDRAM_ProgramRefreshRate             0x080030d9   Thumb Code    46  stm32h7xx_hal_sdram.o(i.HAL_SDRAM_ProgramRefreshRate)
    HAL_SDRAM_SendCommand                    0x08003109   Thumb Code    60  stm32h7xx_hal_sdram.o(i.HAL_SDRAM_SendCommand)
    HAL_SD_ConfigSpeedBusOperation           0x08003145   Thumb Code   176  stm32h7xx_hal_sd.o(i.HAL_SD_ConfigSpeedBusOperation)
    HAL_SD_ConfigWideBusOperation            0x080031f9   Thumb Code   378  stm32h7xx_hal_sd.o(i.HAL_SD_ConfigWideBusOperation)
    HAL_SD_Erase                             0x08003381   Thumb Code   190  stm32h7xx_hal_sd.o(i.HAL_SD_Erase)
    HAL_SD_ErrorCallback                     0x08003445   Thumb Code     2  stm32h7xx_hal_sd.o(i.HAL_SD_ErrorCallback)
    HAL_SD_GetCardCSD                        0x08003449   Thumb Code   440  stm32h7xx_hal_sd.o(i.HAL_SD_GetCardCSD)
    HAL_SD_GetCardState                      0x08003605   Thumb Code    44  stm32h7xx_hal_sd.o(i.HAL_SD_GetCardState)
    HAL_SD_GetCardStatus                     0x08003631   Thumb Code   200  stm32h7xx_hal_sd.o(i.HAL_SD_GetCardStatus)
    HAL_SD_IRQHandler                        0x080036fd   Thumb Code   570  stm32h7xx_hal_sd.o(i.HAL_SD_IRQHandler)
    HAL_SD_Init                              0x0800393d   Thumb Code   154  stm32h7xx_hal_sd.o(i.HAL_SD_Init)
    HAL_SD_InitCard                          0x080039d9   Thumb Code   150  stm32h7xx_hal_sd.o(i.HAL_SD_InitCard)
    HAL_SD_MspInit                           0x08003a7d   Thumb Code     2  stm32h7xx_hal_sd.o(i.HAL_SD_MspInit)
    HAL_SD_ReadBlocks                        0x08003a81   Thumb Code   444  stm32h7xx_hal_sd.o(i.HAL_SD_ReadBlocks)
    HAL_SD_RxCpltCallback                    0x08003c45   Thumb Code    20  sdmmc_sd.o(i.HAL_SD_RxCpltCallback)
    HAL_SD_TxCpltCallback                    0x08003c5d   Thumb Code    20  sdmmc_sd.o(i.HAL_SD_TxCpltCallback)
    HAL_SD_WriteBlocks                       0x08003c75   Thumb Code   466  stm32h7xx_hal_sd.o(i.HAL_SD_WriteBlocks)
    HAL_SPI_Init                             0x08003e51   Thumb Code   330  stm32h7xx_hal_spi.o(i.HAL_SPI_Init)
    HAL_SPI_MspInit                          0x08003fa9   Thumb Code   220  lcd_spi_169.o(i.HAL_SPI_MspInit)
    HAL_SPI_Transmit                         0x08004099   Thumb Code   568  stm32h7xx_hal_spi.o(i.HAL_SPI_Transmit)
    HAL_SYSTICK_Config                       0x080042d1   Thumb Code    38  stm32h7xx_hal_cortex.o(i.HAL_SYSTICK_Config)
    HAL_UARTEx_DisableFifoMode               0x080042f7   Thumb Code    64  stm32h7xx_hal_uart_ex.o(i.HAL_UARTEx_DisableFifoMode)
    HAL_UARTEx_RxEventCallback               0x08004337   Thumb Code     2  stm32h7xx_hal_uart.o(i.HAL_UARTEx_RxEventCallback)
    HAL_UARTEx_RxFifoFullCallback            0x08004339   Thumb Code     2  stm32h7xx_hal_uart_ex.o(i.HAL_UARTEx_RxFifoFullCallback)
    HAL_UARTEx_SetRxFifoThreshold            0x0800433b   Thumb Code    76  stm32h7xx_hal_uart_ex.o(i.HAL_UARTEx_SetRxFifoThreshold)
    HAL_UARTEx_SetTxFifoThreshold            0x08004387   Thumb Code    76  stm32h7xx_hal_uart_ex.o(i.HAL_UARTEx_SetTxFifoThreshold)
    HAL_UARTEx_TxFifoEmptyCallback           0x080043d3   Thumb Code     2  stm32h7xx_hal_uart_ex.o(i.HAL_UARTEx_TxFifoEmptyCallback)
    HAL_UARTEx_WakeupCallback                0x080043d5   Thumb Code     2  stm32h7xx_hal_uart_ex.o(i.HAL_UARTEx_WakeupCallback)
    HAL_UART_ErrorCallback                   0x080043d7   Thumb Code     2  stm32h7xx_hal_uart.o(i.HAL_UART_ErrorCallback)
    HAL_UART_IRQHandler                      0x080043d9   Thumb Code   838  stm32h7xx_hal_uart.o(i.HAL_UART_IRQHandler)
    HAL_UART_Init                            0x08004739   Thumb Code   106  stm32h7xx_hal_uart.o(i.HAL_UART_Init)
    HAL_UART_MspInit                         0x080047a5   Thumb Code   120  usart.o(i.HAL_UART_MspInit)
    HAL_UART_Receive                         0x08004829   Thumb Code   254  stm32h7xx_hal_uart.o(i.HAL_UART_Receive)
    HAL_UART_Transmit                        0x08004927   Thumb Code   190  stm32h7xx_hal_uart.o(i.HAL_UART_Transmit)
    HAL_UART_TxCpltCallback                  0x080049e5   Thumb Code     2  stm32h7xx_hal_uart.o(i.HAL_UART_TxCpltCallback)
    HardFault_Handler                        0x080049e7   Thumb Code     2  stm32h7xx_it.o(i.HardFault_Handler)
    LCD_Clear                                0x080049e9   Thumb Code    78  lcd_spi_169.o(i.LCD_Clear)
    LCD_DisplayChar                          0x08004a41   Thumb Code   166  lcd_spi_169.o(i.LCD_DisplayChar)
    LCD_DisplayNumber                        0x08004af5   Thumb Code    42  lcd_spi_169.o(i.LCD_DisplayNumber)
    LCD_DisplayString                        0x08004b31   Thumb Code    50  lcd_spi_169.o(i.LCD_DisplayString)
    LCD_FillRect                             0x08004b6d   Thumb Code    76  lcd_spi_169.o(i.LCD_FillRect)
    LCD_SPI_CloseTransfer                    0x08004bc1   Thumb Code   188  lcd_spi_169.o(i.LCD_SPI_CloseTransfer)
    LCD_SPI_Transmit                         0x08004c7d   Thumb Code   344  lcd_spi_169.o(i.LCD_SPI_Transmit)
    LCD_SPI_WaitOnFlagUntilTimeout           0x08004dd5   Thumb Code    66  lcd_spi_169.o(i.LCD_SPI_WaitOnFlagUntilTimeout)
    LCD_SetAddress                           0x08004e19   Thumb Code    78  lcd_spi_169.o(i.LCD_SetAddress)
    LCD_SetBackColor                         0x08004e6d   Thumb Code    30  lcd_spi_169.o(i.LCD_SetBackColor)
    LCD_SetColor                             0x08004e91   Thumb Code    30  lcd_spi_169.o(i.LCD_SetColor)
    LCD_SetDirection                         0x08004eb5   Thumb Code   106  lcd_spi_169.o(i.LCD_SetDirection)
    LCD_WriteBuff                            0x08004f25   Thumb Code    56  lcd_spi_169.o(i.LCD_WriteBuff)
    LCD_WriteCommand                         0x08004f65   Thumb Code    30  lcd_spi_169.o(i.LCD_WriteCommand)
    LCD_WriteData_16bit                      0x08004f8d   Thumb Code    52  lcd_spi_169.o(i.LCD_WriteData_16bit)
    LCD_WriteData_8bit                       0x08004fc9   Thumb Code    28  lcd_spi_169.o(i.LCD_WriteData_8bit)
    LED_Init                                 0x08004fed   Thumb Code    70  led.o(i.LED_Init)
    MX_FMC_Init                              0x0800503d   Thumb Code   104  sdram.o(i.MX_FMC_Init)
    MX_SDMMC1_SD_Init                        0x080050ad   Thumb Code    38  sdmmc_sd.o(i.MX_SDMMC1_SD_Init)
    MX_SPI5_Init                             0x080050d9   Thumb Code    72  lcd_spi_169.o(i.MX_SPI5_Init)
    MemManage_Handler                        0x08005129   Thumb Code     2  stm32h7xx_it.o(i.MemManage_Handler)
    NMI_Handler                              0x0800512b   Thumb Code     2  stm32h7xx_it.o(i.NMI_Handler)
    SDMMC1_IRQHandler                        0x0800536d   Thumb Code     6  stm32h7xx_it.o(i.SDMMC1_IRQHandler)
    SDMMC_CmdAppCommand                      0x08005373   Thumb Code    52  stm32h7xx_ll_sdmmc.o(i.SDMMC_CmdAppCommand)
    SDMMC_CmdAppOperCommand                  0x080053a7   Thumb Code    46  stm32h7xx_ll_sdmmc.o(i.SDMMC_CmdAppOperCommand)
    SDMMC_CmdBlockLength                     0x080053d5   Thumb Code    50  stm32h7xx_ll_sdmmc.o(i.SDMMC_CmdBlockLength)
    SDMMC_CmdBusWidth                        0x08005407   Thumb Code    52  stm32h7xx_ll_sdmmc.o(i.SDMMC_CmdBusWidth)
    SDMMC_CmdErase                           0x0800543b   Thumb Code    52  stm32h7xx_ll_sdmmc.o(i.SDMMC_CmdErase)
    SDMMC_CmdGoIdleState                     0x08005471   Thumb Code    74  stm32h7xx_ll_sdmmc.o(i.SDMMC_CmdGoIdleState)
    SDMMC_CmdOperCond                        0x080054c5   Thumb Code    40  stm32h7xx_ll_sdmmc.o(i.SDMMC_CmdOperCond)
    SDMMC_CmdReadMultiBlock                  0x080054ed   Thumb Code    52  stm32h7xx_ll_sdmmc.o(i.SDMMC_CmdReadMultiBlock)
    SDMMC_CmdReadSingleBlock                 0x08005521   Thumb Code    52  stm32h7xx_ll_sdmmc.o(i.SDMMC_CmdReadSingleBlock)
    SDMMC_CmdSDEraseEndAdd                   0x08005555   Thumb Code    52  stm32h7xx_ll_sdmmc.o(i.SDMMC_CmdSDEraseEndAdd)
    SDMMC_CmdSDEraseStartAdd                 0x08005589   Thumb Code    50  stm32h7xx_ll_sdmmc.o(i.SDMMC_CmdSDEraseStartAdd)
    SDMMC_CmdSelDesel                        0x080055bb   Thumb Code    52  stm32h7xx_ll_sdmmc.o(i.SDMMC_CmdSelDesel)
    SDMMC_CmdSendCID                         0x080055ef   Thumb Code    44  stm32h7xx_ll_sdmmc.o(i.SDMMC_CmdSendCID)
    SDMMC_CmdSendCSD                         0x0800561b   Thumb Code    48  stm32h7xx_ll_sdmmc.o(i.SDMMC_CmdSendCSD)
    SDMMC_CmdSendSCR                         0x0800564b   Thumb Code    50  stm32h7xx_ll_sdmmc.o(i.SDMMC_CmdSendSCR)
    SDMMC_CmdSendStatus                      0x0800567d   Thumb Code    52  stm32h7xx_ll_sdmmc.o(i.SDMMC_CmdSendStatus)
    SDMMC_CmdSetRelAdd                       0x080056b1   Thumb Code    50  stm32h7xx_ll_sdmmc.o(i.SDMMC_CmdSetRelAdd)
    SDMMC_CmdStatusRegister                  0x080056e3   Thumb Code    50  stm32h7xx_ll_sdmmc.o(i.SDMMC_CmdStatusRegister)
    SDMMC_CmdStopTransfer                    0x08005715   Thumb Code    78  stm32h7xx_ll_sdmmc.o(i.SDMMC_CmdStopTransfer)
    SDMMC_CmdSwitch                          0x08005769   Thumb Code    52  stm32h7xx_ll_sdmmc.o(i.SDMMC_CmdSwitch)
    SDMMC_CmdWriteMultiBlock                 0x0800579d   Thumb Code    52  stm32h7xx_ll_sdmmc.o(i.SDMMC_CmdWriteMultiBlock)
    SDMMC_CmdWriteSingleBlock                0x080057d1   Thumb Code    52  stm32h7xx_ll_sdmmc.o(i.SDMMC_CmdWriteSingleBlock)
    SDMMC_ConfigData                         0x08005805   Thumb Code    38  stm32h7xx_ll_sdmmc.o(i.SDMMC_ConfigData)
    SDMMC_GetCmdResp1                        0x0800582d   Thumb Code   280  stm32h7xx_ll_sdmmc.o(i.SDMMC_GetCmdResp1)
    SDMMC_GetCmdResp2                        0x08005951   Thumb Code    76  stm32h7xx_ll_sdmmc.o(i.SDMMC_GetCmdResp2)
    SDMMC_GetCmdResp3                        0x080059a5   Thumb Code    62  stm32h7xx_ll_sdmmc.o(i.SDMMC_GetCmdResp3)
    SDMMC_GetCmdResp6                        0x080059ed   Thumb Code   130  stm32h7xx_ll_sdmmc.o(i.SDMMC_GetCmdResp6)
    SDMMC_GetCmdResp7                        0x08005a79   Thumb Code    82  stm32h7xx_ll_sdmmc.o(i.SDMMC_GetCmdResp7)
    SDMMC_GetPowerState                      0x08005ad1   Thumb Code     8  stm32h7xx_ll_sdmmc.o(i.SDMMC_GetPowerState)
    SDMMC_GetResponse                        0x08005ad9   Thumb Code     6  stm32h7xx_ll_sdmmc.o(i.SDMMC_GetResponse)
    SDMMC_Init                               0x08005ae1   Thumb Code    28  stm32h7xx_ll_sdmmc.o(i.SDMMC_Init)
    SDMMC_PowerState_ON                      0x08005b01   Thumb Code    12  stm32h7xx_ll_sdmmc.o(i.SDMMC_PowerState_ON)
    SDMMC_ReadFIFO                           0x08005b0d   Thumb Code     6  stm32h7xx_ll_sdmmc.o(i.SDMMC_ReadFIFO)
    SDMMC_SendCommand                        0x08005b15   Thumb Code    34  stm32h7xx_ll_sdmmc.o(i.SDMMC_SendCommand)
    SDMMC_WriteFIFO                          0x08005b3d   Thumb Code    10  stm32h7xx_ll_sdmmc.o(i.SDMMC_WriteFIFO)
    SDRAM_Initialization_Sequence            0x08005b47   Thumb Code   122  sdram.o(i.SDRAM_Initialization_Sequence)
    SPI_LCD_Init                             0x08006181   Thumb Code   428  lcd_spi_169.o(i.SPI_LCD_Init)
    SysTick_Handler                          0x0800637f   Thumb Code    24  stm32h7xx_it.o(i.SysTick_Handler)
    SystemClock_Config                       0x08006399   Thumb Code   256  main.o(i.SystemClock_Config)
    SystemInit                               0x080064a5   Thumb Code   180  system_stm32h7xx.o(i.SystemInit)
    UART_AdvFeatureConfig                    0x080065c5   Thumb Code   200  stm32h7xx_hal_uart.o(i.UART_AdvFeatureConfig)
    UART_CheckIdleState                      0x0800668d   Thumb Code    96  stm32h7xx_hal_uart.o(i.UART_CheckIdleState)
    UART_SetConfig                           0x08006755   Thumb Code   876  stm32h7xx_hal_uart.o(i.UART_SetConfig)
    UART_WaitOnFlagUntilTimeout              0x08006b01   Thumb Code   202  stm32h7xx_hal_uart.o(i.UART_WaitOnFlagUntilTimeout)
    USART1_IRQHandler                        0x08006bcd   Thumb Code     6  stm32h7xx_it.o(i.USART1_IRQHandler)
    USART1_Init                              0x08006bd9   Thumb Code    66  usart.o(i.USART1_Init)
    UsageFault_Handler                       0x08006c25   Thumb Code     2  stm32h7xx_it.o(i.UsageFault_Handler)
    __0printf                                0x08006c29   Thumb Code    22  printfa.o(i.__0printf)
    __1printf                                0x08006c29   Thumb Code     0  printfa.o(i.__0printf)
    __2printf                                0x08006c29   Thumb Code     0  printfa.o(i.__0printf)
    __c89printf                              0x08006c29   Thumb Code     0  printfa.o(i.__0printf)
    printf                                   0x08006c29   Thumb Code     0  printfa.o(i.__0printf)
    __0sprintf                               0x08006c49   Thumb Code    34  printfa.o(i.__0sprintf)
    __1sprintf                               0x08006c49   Thumb Code     0  printfa.o(i.__0sprintf)
    __2sprintf                               0x08006c49   Thumb Code     0  printfa.o(i.__0sprintf)
    __c89sprintf                             0x08006c49   Thumb Code     0  printfa.o(i.__0sprintf)
    sprintf                                  0x08006c49   Thumb Code     0  printfa.o(i.__0sprintf)
    __scatterload_copy                       0x08006c93   Thumb Code    14  handlers.o(i.__scatterload_copy)
    __scatterload_null                       0x08006ca1   Thumb Code     2  handlers.o(i.__scatterload_null)
    __scatterload_zeroinit                   0x08006ca3   Thumb Code    14  handlers.o(i.__scatterload_zeroinit)
    device_testing_TaskCode                  0x0800756d   Thumb Code    40  rtos_task.o(i.device_testing_TaskCode)
    fputc                                    0x08007599   Thumb Code    18  usart.o(i.fputc)
    lcd_TaskCode                             0x080075b1   Thumb Code    50  rtos_task.o(i.lcd_TaskCode)
    led_TaskCode                             0x080075e9   Thumb Code    22  rtos_task.o(i.led_TaskCode)
    main                                     0x08007605   Thumb Code   136  main.o(i.main)
    pvPortMalloc                             0x08007fb1   Thumb Code   304  heap_4.o(i.pvPortMalloc)
    pvTaskIncrementMutexHeldCount            0x0800812d   Thumb Code    16  tasks.o(i.pvTaskIncrementMutexHeldCount)
    pxPortInitialiseStack                    0x08008141   Thumb Code    42  port.o(i.pxPortInitialiseStack)
    recv_usart_TaskCode                      0x08008171   Thumb Code    42  rtos_task.o(i.recv_usart_TaskCode)
    sd_test                                  0x080081d5   Thumb Code   306  rtos_task.o(i.sd_test)
    sdram_test                               0x0800845d   Thumb Code   272  rtos_task.o(i.sdram_test)
    sys_init                                 0x080086c1   Thumb Code    50  rtos_task.o(i.sys_init)
    usart_TaskCode                           0x08008729   Thumb Code    50  rtos_task.o(i.usart_TaskCode)
    uxListRemove                             0x08008771   Thumb Code    36  list.o(i.uxListRemove)
    uxTaskGetNumberOfTasks                   0x08008795   Thumb Code     6  tasks.o(i.uxTaskGetNumberOfTasks)
    vListInitialise                          0x080087a1   Thumb Code    22  list.o(i.vListInitialise)
    vListInitialiseItem                      0x080087b7   Thumb Code     6  list.o(i.vListInitialiseItem)
    vListInsert                              0x080087bd   Thumb Code    48  list.o(i.vListInsert)
    vPortEnterCritical                       0x080087ed   Thumb Code    54  port.o(i.vPortEnterCritical)
    vPortExitCritical                        0x08008875   Thumb Code    34  port.o(i.vPortExitCritical)
    vPortFree                                0x080088e5   Thumb Code   122  heap_4.o(i.vPortFree)
    vPortSetupTimerInterrupt                 0x080089ad   Thumb Code    32  port.o(i.vPortSetupTimerInterrupt)
    vQueueAddToRegistry                      0x080089d1   Thumb Code    74  queue.o(i.vQueueAddToRegistry)
    vQueueWaitForMessageRestricted           0x08008a4d   Thumb Code    68  queue.o(i.vQueueWaitForMessageRestricted)
    vTaskDelay                               0x08008a91   Thumb Code    64  tasks.o(i.vTaskDelay)
    vTaskInternalSetTimeOutState             0x08008b05   Thumb Code    12  tasks.o(i.vTaskInternalSetTimeOutState)
    vTaskMissedYield                         0x08008b15   Thumb Code     8  tasks.o(i.vTaskMissedYield)
    vTaskPlaceOnEventList                    0x08008b21   Thumb Code    44  tasks.o(i.vTaskPlaceOnEventList)
    vTaskPlaceOnEventListRestricted          0x08008b7d   Thumb Code    78  tasks.o(i.vTaskPlaceOnEventListRestricted)
    vTaskPriorityDisinheritAfterTimeout      0x08008bfd   Thumb Code   190  tasks.o(i.vTaskPriorityDisinheritAfterTimeout)
    vTaskStartScheduler                      0x08008cf1   Thumb Code   120  tasks.o(i.vTaskStartScheduler)
    vTaskSuspendAll                          0x08008da5   Thumb Code    10  tasks.o(i.vTaskSuspendAll)
    vTaskSwitchContext                       0x08008db5   Thumb Code    86  tasks.o(i.vTaskSwitchContext)
    xPortStartScheduler                      0x08008e41   Thumb Code   174  port.o(i.xPortStartScheduler)
    xPortSysTickHandler                      0x08008f49   Thumb Code    42  port.o(i.xPortSysTickHandler)
    xQueueCreateMutex                        0x08008f79   Thumb Code    36  queue.o(i.xQueueCreateMutex)
    xQueueGenericCreate                      0x08008f9d   Thumb Code    98  queue.o(i.xQueueGenericCreate)
    xQueueGenericReset                       0x0800902d   Thumb Code   178  queue.o(i.xQueueGenericReset)
    xQueueGenericSend                        0x08009111   Thumb Code   356  queue.o(i.xQueueGenericSend)
    xQueueReceive                            0x080092a5   Thumb Code   296  queue.o(i.xQueueReceive)
    xQueueSemaphoreTake                      0x080093fd   Thumb Code   348  queue.o(i.xQueueSemaphoreTake)
    xTaskCheckForTimeOut                     0x08009589   Thumb Code   104  tasks.o(i.xTaskCheckForTimeOut)
    xTaskCreate                              0x08009621   Thumb Code    92  tasks.o(i.xTaskCreate)
    xTaskGetSchedulerState                   0x0800967d   Thumb Code    22  tasks.o(i.xTaskGetSchedulerState)
    xTaskGetTickCount                        0x08009699   Thumb Code     6  tasks.o(i.xTaskGetTickCount)
    xTaskIncrementTick                       0x080096a5   Thumb Code   296  tasks.o(i.xTaskIncrementTick)
    xTaskPriorityDisinherit                  0x08009801   Thumb Code   170  tasks.o(i.xTaskPriorityDisinherit)
    xTaskPriorityInherit                     0x080098e1   Thumb Code   174  tasks.o(i.xTaskPriorityInherit)
    xTaskRemoveFromEventList                 0x08009999   Thumb Code   208  tasks.o(i.xTaskRemoveFromEventList)
    xTaskResumeAll                           0x08009aa1   Thumb Code   312  tasks.o(i.xTaskResumeAll)
    xTimerCreateTimerTask                    0x08009c15   Thumb Code    58  timers.o(i.xTimerCreateTimerTask)
    ASCII_2412_Table                         0x08009c90   Data        4560  lcd_fonts.o(.constdata)
    UARTPrescTable                           0x0800ae60   Data          24  stm32h7xx_hal_uart.o(.constdata)
    D1CorePrescTable                         0x0800ae88   Data          16  system_stm32h7xx.o(.constdata)
    Region$$Table$$Base                      0x0800aee0   Number         0  anon$$obj.o(Region$$Table)
    Region$$Table$$Limit                     0x0800af00   Number         0  anon$$obj.o(Region$$Table)
    ASCII_Font24                             0x20000000   Data          12  lcd_fonts.o(.data)
    recv_uart_buf                            0x20000014   Data           1  rtos_task.o(.data)
    ledHandle                                0x20000018   Data           4  rtos_task.o(.data)
    usartHandle                              0x2000001c   Data           4  rtos_task.o(.data)
    lcdtHandle                               0x20000020   Data           4  rtos_task.o(.data)
    device_testingramtHandle                 0x20000024   Data           4  rtos_task.o(.data)
    SD_Status                                0x20000028   Data           4  rtos_task.o(.data)
    usart_Semaphore                          0x2000002c   Data           4  rtos_task.o(.data)
    uwTickFreq                               0x20000030   Data           1  stm32h7xx_hal.o(.data)
    uwTickPrio                               0x20000034   Data           4  stm32h7xx_hal.o(.data)
    uwTick                                   0x20000038   Data           4  stm32h7xx_hal.o(.data)
    SystemCoreClock                          0x2000003c   Data           4  system_stm32h7xx.o(.data)
    SystemD2Clock                            0x20000040   Data           4  system_stm32h7xx.o(.data)
    pxCurrentTCB                             0x20000058   Data           4  tasks.o(.data)
    __stdout                                 0x200000c0   Data           4  stdout.o(.data)
    huart1                                   0x200000c4   Data         144  usart.o(.bss)
    hsd_sdmmc                                0x20000154   Data         124  sdmmc_sd.o(.bss)
    hsdram1                                  0x200001d0   Data          52  sdram.o(.bss)
    command                                  0x20000204   Data          16  sdram.o(.bss)
    hspi5                                    0x20000214   Data         136  lcd_spi_169.o(.bss)
    LCD_Buff                                 0x2000029c   Data        2048  lcd_spi_169.o(.bss)
    LCD                                      0x20000a9c   Data          16  lcd_spi_169.o(.bss)
    main_win                                 0x20000aac   Data          20  rtos_task.o(.bss)
    Returned                                 0x20000ac0   Data          20  rtos_task.o(.bss)
    SD_WriteBuffer                           0x20000ad4   Data       32768  rtos_task.o(.bss)
    SD_ReadBuffer                            0x20008ad4   Data       32768  rtos_task.o(.bss)
    xQueueRegistry                           0x20010de0   Data          64  queue.o(.bss)
    __initial_sp                             0x20019220   Data           0  startup_stm32h750xx.o(STACK)



==============================================================================

Memory Map of the image

  Image Entry point : 0x08000299

  Load Region LR_IROM1 (Base: 0x08000000, Size: 0x0000afc4, Max: 0x00020000, ABSOLUTE)

    Execution Region ER_IROM1 (Exec base: 0x08000000, Load base: 0x08000000, Size: 0x0000af00, Max: 0x00020000, ABSOLUTE)

    Exec Addr    Load Addr    Size         Type   Attr      Idx    E Section Name        Object

    0x08000000   0x08000000   0x00000298   Data   RO            3    RESET               startup_stm32h750xx.o
    0x08000298   0x08000298   0x00000000   Code   RO         7966  * .ARM.Collect$$$$00000000  mc_w.l(entry.o)
    0x08000298   0x08000298   0x00000004   Code   RO         8244    .ARM.Collect$$$$00000001  mc_w.l(entry2.o)
    0x0800029c   0x0800029c   0x00000004   Code   RO         8247    .ARM.Collect$$$$00000004  mc_w.l(entry5.o)
    0x080002a0   0x080002a0   0x00000000   Code   RO         8249    .ARM.Collect$$$$00000008  mc_w.l(entry7b.o)
    0x080002a0   0x080002a0   0x00000000   Code   RO         8251    .ARM.Collect$$$$0000000A  mc_w.l(entry8b.o)
    0x080002a0   0x080002a0   0x00000008   Code   RO         8252    .ARM.Collect$$$$0000000B  mc_w.l(entry9a.o)
    0x080002a8   0x080002a8   0x00000000   Code   RO         8254    .ARM.Collect$$$$0000000D  mc_w.l(entry10a.o)
    0x080002a8   0x080002a8   0x00000000   Code   RO         8256    .ARM.Collect$$$$0000000F  mc_w.l(entry11a.o)
    0x080002a8   0x080002a8   0x00000004   Code   RO         8245    .ARM.Collect$$$$00002712  mc_w.l(entry2.o)
    0x080002ac   0x080002ac   0x000000c2   Code   RO         7774    .emb_text           port.o
    0x0800036e   0x0800036e   0x00000002   PAD
    0x08000370   0x08000370   0x00000024   Code   RO            4    .text               startup_stm32h750xx.o
    0x08000394   0x08000394   0x00000062   Code   RO         7969    .text               mc_w.l(uldiv.o)
    0x080003f6   0x080003f6   0x00000024   Code   RO         7971    .text               mc_w.l(memcpya.o)
    0x0800041a   0x0800041a   0x00000024   Code   RO         7975    .text               mc_w.l(memseta.o)
    0x0800043e   0x0800043e   0x0000002c   Code   RO         8259    .text               mc_w.l(uidiv.o)
    0x0800046a   0x0800046a   0x0000001e   Code   RO         8261    .text               mc_w.l(llshl.o)
    0x08000488   0x08000488   0x00000020   Code   RO         8263    .text               mc_w.l(llushr.o)
    0x080004a8   0x080004a8   0x00000000   Code   RO         8265    .text               mc_w.l(iusefp.o)
    0x080004a8   0x080004a8   0x0000014e   Code   RO         8266    .text               mf_w.l(dadd.o)
    0x080005f6   0x080005f6   0x000000e4   Code   RO         8268    .text               mf_w.l(dmul.o)
    0x080006da   0x080006da   0x000000de   Code   RO         8270    .text               mf_w.l(ddiv.o)
    0x080007b8   0x080007b8   0x00000030   Code   RO         8272    .text               mf_w.l(dfixul.o)
    0x080007e8   0x080007e8   0x00000030   Code   RO         8274    .text               mf_w.l(cdrcmple.o)
    0x08000818   0x08000818   0x00000024   Code   RO         8276    .text               mc_w.l(init.o)
    0x0800083c   0x0800083c   0x00000024   Code   RO         8278    .text               mc_w.l(llsshr.o)
    0x08000860   0x08000860   0x000000ba   Code   RO         8280    .text               mf_w.l(depilogue.o)
    0x0800091a   0x0800091a   0x00000002   PAD
    0x0800091c   0x0800091c   0x00000024   Code   RO          221    i.BSP_SD_Erase      sdmmc_sd.o
    0x08000940   0x08000940   0x00000020   Code   RO          223    i.BSP_SD_GetCardState  sdmmc_sd.o
    0x08000960   0x08000960   0x00000050   Code   RO          225    i.BSP_SD_Init       sdmmc_sd.o
    0x080009b0   0x080009b0   0x0000000c   Code   RO          226    i.BSP_SD_IsDetected  sdmmc_sd.o
    0x080009bc   0x080009bc   0x0000002c   Code   RO          227    i.BSP_SD_ReadBlocks  sdmmc_sd.o
    0x080009e8   0x080009e8   0x00000002   Code   RO          230    i.BSP_SD_ReadCpltCallback  sdmmc_sd.o
    0x080009ea   0x080009ea   0x00000002   PAD
    0x080009ec   0x080009ec   0x0000002c   Code   RO          231    i.BSP_SD_WriteBlocks  sdmmc_sd.o
    0x08000a18   0x08000a18   0x00000002   Code   RO          234    i.BSP_SD_WriteCpltCallback  sdmmc_sd.o
    0x08000a1a   0x08000a1a   0x00000002   Code   RO          979    i.BusFault_Handler  stm32h7xx_it.o
    0x08000a1c   0x08000a1c   0x00000002   Code   RO          980    i.DebugMon_Handler  stm32h7xx_it.o
    0x08000a1e   0x08000a1e   0x0000006a   Code   RO         6035    i.FMC_SDRAM_Init    stm32h7xx_ll_fmc.o
    0x08000a88   0x08000a88   0x00000012   Code   RO         6036    i.FMC_SDRAM_ProgramRefreshRate  stm32h7xx_ll_fmc.o
    0x08000a9a   0x08000a9a   0x00000026   Code   RO         6037    i.FMC_SDRAM_SendCommand  stm32h7xx_ll_fmc.o
    0x08000ac0   0x08000ac0   0x000000b0   Code   RO         6039    i.FMC_SDRAM_Timing_Init  stm32h7xx_ll_fmc.o
    0x08000b70   0x08000b70   0x0000001c   Code   RO         7929    i.FreeGUI_Handler   freegui.o
    0x08000b8c   0x08000b8c   0x00000124   Code   RO          744    i.FreeRTOS_Start    rtos_task.o
    0x08000cb0   0x08000cb0   0x00000032   Code   RO         7930    i.Free_draw_Fill    freegui.o
    0x08000ce2   0x08000ce2   0x00000002   PAD
    0x08000ce4   0x08000ce4   0x00000360   Code   RO         1793    i.HAL_DMA_Abort     stm32h7xx_hal_dma.o
    0x08001044   0x08001044   0x00000284   Code   RO         1794    i.HAL_DMA_Abort_IT  stm32h7xx_hal_dma.o
    0x080012c8   0x080012c8   0x00000024   Code   RO         1090    i.HAL_Delay         stm32h7xx_hal.o
    0x080012ec   0x080012ec   0x00000110   Code   RO          390    i.HAL_FMC_MspInit   sdram.o
    0x080013fc   0x080013fc   0x0000022c   Code   RO         2378    i.HAL_GPIO_Init     stm32h7xx_hal_gpio.o
    0x08001628   0x08001628   0x00000010   Code   RO         2381    i.HAL_GPIO_TogglePin  stm32h7xx_hal_gpio.o
    0x08001638   0x08001638   0x0000000a   Code   RO         2382    i.HAL_GPIO_WritePin  stm32h7xx_hal_gpio.o
    0x08001642   0x08001642   0x00000002   PAD
    0x08001644   0x08001644   0x0000000c   Code   RO         1101    i.HAL_GetREVID      stm32h7xx_hal.o
    0x08001650   0x08001650   0x0000000c   Code   RO         1102    i.HAL_GetTick       stm32h7xx_hal.o
    0x0800165c   0x0800165c   0x00000010   Code   RO         1108    i.HAL_IncTick       stm32h7xx_hal.o
    0x0800166c   0x0800166c   0x0000005c   Code   RO         1109    i.HAL_Init          stm32h7xx_hal.o
    0x080016c8   0x080016c8   0x00000040   Code   RO         1110    i.HAL_InitTick      stm32h7xx_hal.o
    0x08001708   0x08001708   0x0000001c   Code   RO         1059    i.HAL_MspInit       stm32h7xx_hal_msp.o
    0x08001724   0x08001724   0x0000001a   Code   RO         1491    i.HAL_NVIC_EnableIRQ  stm32h7xx_hal_cortex.o
    0x0800173e   0x0800173e   0x00000002   PAD
    0x08001740   0x08001740   0x00000040   Code   RO         1497    i.HAL_NVIC_SetPriority  stm32h7xx_hal_cortex.o
    0x08001780   0x08001780   0x00000024   Code   RO         1498    i.HAL_NVIC_SetPriorityGrouping  stm32h7xx_hal_cortex.o
    0x080017a4   0x080017a4   0x00000054   Code   RO         3727    i.HAL_PWREx_ConfigSupply  stm32h7xx_hal_pwr_ex.o
    0x080017f8   0x080017f8   0x00000024   Code   RO         4132    i.HAL_RCCEx_GetD3PCLK1Freq  stm32h7xx_hal_rcc_ex.o
    0x0800181c   0x0800181c   0x00000148   Code   RO         4133    i.HAL_RCCEx_GetPLL1ClockFreq  stm32h7xx_hal_rcc_ex.o
    0x08001964   0x08001964   0x00000144   Code   RO         4134    i.HAL_RCCEx_GetPLL2ClockFreq  stm32h7xx_hal_rcc_ex.o
    0x08001aa8   0x08001aa8   0x00000144   Code   RO         4135    i.HAL_RCCEx_GetPLL3ClockFreq  stm32h7xx_hal_rcc_ex.o
    0x08001bec   0x08001bec   0x0000026c   Code   RO         4137    i.HAL_RCCEx_GetPeriphCLKFreq  stm32h7xx_hal_rcc_ex.o
    0x08001e58   0x08001e58   0x000008d2   Code   RO         4141    i.HAL_RCCEx_PeriphCLKConfig  stm32h7xx_hal_rcc_ex.o
    0x0800272a   0x0800272a   0x00000002   PAD
    0x0800272c   0x0800272c   0x0000025c   Code   RO         4017    i.HAL_RCC_ClockConfig  stm32h7xx_hal_rcc.o
    0x08002988   0x08002988   0x00000044   Code   RO         4022    i.HAL_RCC_GetHCLKFreq  stm32h7xx_hal_rcc.o
    0x080029cc   0x080029cc   0x00000024   Code   RO         4024    i.HAL_RCC_GetPCLK1Freq  stm32h7xx_hal_rcc.o
    0x080029f0   0x080029f0   0x00000024   Code   RO         4025    i.HAL_RCC_GetPCLK2Freq  stm32h7xx_hal_rcc.o
    0x08002a14   0x08002a14   0x00000138   Code   RO         4026    i.HAL_RCC_GetSysClockFreq  stm32h7xx_hal_rcc.o
    0x08002b4c   0x08002b4c   0x00000530   Code   RO         4029    i.HAL_RCC_OscConfig  stm32h7xx_hal_rcc.o
    0x0800307c   0x0800307c   0x00000002   Code   RO         4410    i.HAL_SDEx_Read_DMADoubleBuf0CpltCallback  stm32h7xx_hal_sd.o
    0x0800307e   0x0800307e   0x00000002   Code   RO         4411    i.HAL_SDEx_Read_DMADoubleBuf1CpltCallback  stm32h7xx_hal_sd.o
    0x08003080   0x08003080   0x00000002   Code   RO         4412    i.HAL_SDEx_Write_DMADoubleBuf0CpltCallback  stm32h7xx_hal_sd.o
    0x08003082   0x08003082   0x00000002   Code   RO         4413    i.HAL_SDEx_Write_DMADoubleBuf1CpltCallback  stm32h7xx_hal_sd.o
    0x08003084   0x08003084   0x00000050   Code   RO         4693    i.HAL_SDRAM_Init    stm32h7xx_hal_sdram.o
    0x080030d4   0x080030d4   0x00000004   Code   RO          391    i.HAL_SDRAM_MspInit  sdram.o
    0x080030d8   0x080030d8   0x0000002e   Code   RO         4696    i.HAL_SDRAM_ProgramRefreshRate  stm32h7xx_hal_sdram.o
    0x08003106   0x08003106   0x00000002   PAD
    0x08003108   0x08003108   0x0000003c   Code   RO         4702    i.HAL_SDRAM_SendCommand  stm32h7xx_hal_sdram.o
    0x08003144   0x08003144   0x000000b4   Code   RO         4417    i.HAL_SD_ConfigSpeedBusOperation  stm32h7xx_hal_sd.o
    0x080031f8   0x080031f8   0x00000188   Code   RO         4418    i.HAL_SD_ConfigWideBusOperation  stm32h7xx_hal_sd.o
    0x08003380   0x08003380   0x000000c4   Code   RO         4420    i.HAL_SD_Erase      stm32h7xx_hal_sd.o
    0x08003444   0x08003444   0x00000002   Code   RO         4421    i.HAL_SD_ErrorCallback  stm32h7xx_hal_sd.o
    0x08003446   0x08003446   0x00000002   PAD
    0x08003448   0x08003448   0x000001bc   Code   RO         4423    i.HAL_SD_GetCardCSD  stm32h7xx_hal_sd.o
    0x08003604   0x08003604   0x0000002c   Code   RO         4425    i.HAL_SD_GetCardState  stm32h7xx_hal_sd.o
    0x08003630   0x08003630   0x000000cc   Code   RO         4426    i.HAL_SD_GetCardStatus  stm32h7xx_hal_sd.o
    0x080036fc   0x080036fc   0x00000240   Code   RO         4429    i.HAL_SD_IRQHandler  stm32h7xx_hal_sd.o
    0x0800393c   0x0800393c   0x0000009a   Code   RO         4430    i.HAL_SD_Init       stm32h7xx_hal_sd.o
    0x080039d6   0x080039d6   0x00000002   PAD
    0x080039d8   0x080039d8   0x000000a4   Code   RO         4431    i.HAL_SD_InitCard   stm32h7xx_hal_sd.o
    0x08003a7c   0x08003a7c   0x00000002   Code   RO         4433    i.HAL_SD_MspInit    stm32h7xx_hal_sd.o
    0x08003a7e   0x08003a7e   0x00000002   PAD
    0x08003a80   0x08003a80   0x000001c4   Code   RO         4434    i.HAL_SD_ReadBlocks  stm32h7xx_hal_sd.o
    0x08003c44   0x08003c44   0x00000018   Code   RO          236    i.HAL_SD_RxCpltCallback  sdmmc_sd.o
    0x08003c5c   0x08003c5c   0x00000018   Code   RO          237    i.HAL_SD_TxCpltCallback  sdmmc_sd.o
    0x08003c74   0x08003c74   0x000001dc   Code   RO         4439    i.HAL_SD_WriteBlocks  stm32h7xx_hal_sd.o
    0x08003e50   0x08003e50   0x00000158   Code   RO         4959    i.HAL_SPI_Init      stm32h7xx_hal_spi.o
    0x08003fa8   0x08003fa8   0x000000f0   Code   RO          491    i.HAL_SPI_MspInit   lcd_spi_169.o
    0x08004098   0x08004098   0x00000238   Code   RO         4967    i.HAL_SPI_Transmit  stm32h7xx_hal_spi.o
    0x080042d0   0x080042d0   0x00000026   Code   RO         1502    i.HAL_SYSTICK_Config  stm32h7xx_hal_cortex.o
    0x080042f6   0x080042f6   0x00000040   Code   RO         5763    i.HAL_UARTEx_DisableFifoMode  stm32h7xx_hal_uart_ex.o
    0x08004336   0x08004336   0x00000002   Code   RO         5352    i.HAL_UARTEx_RxEventCallback  stm32h7xx_hal_uart.o
    0x08004338   0x08004338   0x00000002   Code   RO         5770    i.HAL_UARTEx_RxFifoFullCallback  stm32h7xx_hal_uart_ex.o
    0x0800433a   0x0800433a   0x0000004c   Code   RO         5771    i.HAL_UARTEx_SetRxFifoThreshold  stm32h7xx_hal_uart_ex.o
    0x08004386   0x08004386   0x0000004c   Code   RO         5772    i.HAL_UARTEx_SetTxFifoThreshold  stm32h7xx_hal_uart_ex.o
    0x080043d2   0x080043d2   0x00000002   Code   RO         5774    i.HAL_UARTEx_TxFifoEmptyCallback  stm32h7xx_hal_uart_ex.o
    0x080043d4   0x080043d4   0x00000002   Code   RO         5775    i.HAL_UARTEx_WakeupCallback  stm32h7xx_hal_uart_ex.o
    0x080043d6   0x080043d6   0x00000002   Code   RO         5368    i.HAL_UART_ErrorCallback  stm32h7xx_hal_uart.o
    0x080043d8   0x080043d8   0x00000360   Code   RO         5371    i.HAL_UART_IRQHandler  stm32h7xx_hal_uart.o
    0x08004738   0x08004738   0x0000006a   Code   RO         5372    i.HAL_UART_Init     stm32h7xx_hal_uart.o
    0x080047a2   0x080047a2   0x00000002   PAD
    0x080047a4   0x080047a4   0x00000084   Code   RO          170    i.HAL_UART_MspInit  usart.o
    0x08004828   0x08004828   0x000000fe   Code   RO         5375    i.HAL_UART_Receive  stm32h7xx_hal_uart.o
    0x08004926   0x08004926   0x000000be   Code   RO         5381    i.HAL_UART_Transmit  stm32h7xx_hal_uart.o
    0x080049e4   0x080049e4   0x00000002   Code   RO         5384    i.HAL_UART_TxCpltCallback  stm32h7xx_hal_uart.o
    0x080049e6   0x080049e6   0x00000002   Code   RO          981    i.HardFault_Handler  stm32h7xx_it.o
    0x080049e8   0x080049e8   0x00000058   Code   RO          492    i.LCD_Clear         lcd_spi_169.o
    0x08004a40   0x08004a40   0x000000b4   Code   RO          495    i.LCD_DisplayChar   lcd_spi_169.o
    0x08004af4   0x08004af4   0x0000003c   Code   RO          498    i.LCD_DisplayNumber  lcd_spi_169.o
    0x08004b30   0x08004b30   0x0000003c   Code   RO          499    i.LCD_DisplayString  lcd_spi_169.o
    0x08004b6c   0x08004b6c   0x00000054   Code   RO          510    i.LCD_FillRect      lcd_spi_169.o
    0x08004bc0   0x08004bc0   0x000000bc   Code   RO          511    i.LCD_SPI_CloseTransfer  lcd_spi_169.o
    0x08004c7c   0x08004c7c   0x00000158   Code   RO          512    i.LCD_SPI_Transmit  lcd_spi_169.o
    0x08004dd4   0x08004dd4   0x00000042   Code   RO          514    i.LCD_SPI_WaitOnFlagUntilTimeout  lcd_spi_169.o
    0x08004e16   0x08004e16   0x00000002   PAD
    0x08004e18   0x08004e18   0x00000054   Code   RO          515    i.LCD_SetAddress    lcd_spi_169.o
    0x08004e6c   0x08004e6c   0x00000024   Code   RO          517    i.LCD_SetBackColor  lcd_spi_169.o
    0x08004e90   0x08004e90   0x00000024   Code   RO          518    i.LCD_SetColor      lcd_spi_169.o
    0x08004eb4   0x08004eb4   0x00000070   Code   RO          519    i.LCD_SetDirection  lcd_spi_169.o
    0x08004f24   0x08004f24   0x00000040   Code   RO          522    i.LCD_WriteBuff     lcd_spi_169.o
    0x08004f64   0x08004f64   0x00000028   Code   RO          523    i.LCD_WriteCommand  lcd_spi_169.o
    0x08004f8c   0x08004f8c   0x0000003c   Code   RO          524    i.LCD_WriteData_16bit  lcd_spi_169.o
    0x08004fc8   0x08004fc8   0x00000024   Code   RO          525    i.LCD_WriteData_8bit  lcd_spi_169.o
    0x08004fec   0x08004fec   0x00000050   Code   RO           13    i.LED_Init          led.o
    0x0800503c   0x0800503c   0x00000070   Code   RO          392    i.MX_FMC_Init       sdram.o
    0x080050ac   0x080050ac   0x0000002c   Code   RO          238    i.MX_SDMMC1_SD_Init  sdmmc_sd.o
    0x080050d8   0x080050d8   0x00000050   Code   RO          526    i.MX_SPI5_Init      lcd_spi_169.o
    0x08005128   0x08005128   0x00000002   Code   RO          982    i.MemManage_Handler  stm32h7xx_it.o
    0x0800512a   0x0800512a   0x00000002   Code   RO          983    i.NMI_Handler       stm32h7xx_it.o
    0x0800512c   0x0800512c   0x00000120   Code   RO         4144    i.RCCEx_PLL2_Config  stm32h7xx_hal_rcc_ex.o
    0x0800524c   0x0800524c   0x00000120   Code   RO         4145    i.RCCEx_PLL3_Config  stm32h7xx_hal_rcc_ex.o
    0x0800536c   0x0800536c   0x00000006   Code   RO          984    i.SDMMC1_IRQHandler  stm32h7xx_it.o
    0x08005372   0x08005372   0x00000034   Code   RO         6225    i.SDMMC_CmdAppCommand  stm32h7xx_ll_sdmmc.o
    0x080053a6   0x080053a6   0x0000002e   Code   RO         6226    i.SDMMC_CmdAppOperCommand  stm32h7xx_ll_sdmmc.o
    0x080053d4   0x080053d4   0x00000032   Code   RO         6227    i.SDMMC_CmdBlockLength  stm32h7xx_ll_sdmmc.o
    0x08005406   0x08005406   0x00000034   Code   RO         6228    i.SDMMC_CmdBusWidth  stm32h7xx_ll_sdmmc.o
    0x0800543a   0x0800543a   0x00000034   Code   RO         6229    i.SDMMC_CmdErase    stm32h7xx_ll_sdmmc.o
    0x0800546e   0x0800546e   0x00000002   PAD
    0x08005470   0x08005470   0x00000054   Code   RO         6232    i.SDMMC_CmdGoIdleState  stm32h7xx_ll_sdmmc.o
    0x080054c4   0x080054c4   0x00000028   Code   RO         6234    i.SDMMC_CmdOperCond  stm32h7xx_ll_sdmmc.o
    0x080054ec   0x080054ec   0x00000034   Code   RO         6235    i.SDMMC_CmdReadMultiBlock  stm32h7xx_ll_sdmmc.o
    0x08005520   0x08005520   0x00000034   Code   RO         6236    i.SDMMC_CmdReadSingleBlock  stm32h7xx_ll_sdmmc.o
    0x08005554   0x08005554   0x00000034   Code   RO         6237    i.SDMMC_CmdSDEraseEndAdd  stm32h7xx_ll_sdmmc.o
    0x08005588   0x08005588   0x00000032   Code   RO         6238    i.SDMMC_CmdSDEraseStartAdd  stm32h7xx_ll_sdmmc.o
    0x080055ba   0x080055ba   0x00000034   Code   RO         6239    i.SDMMC_CmdSelDesel  stm32h7xx_ll_sdmmc.o
    0x080055ee   0x080055ee   0x0000002c   Code   RO         6240    i.SDMMC_CmdSendCID  stm32h7xx_ll_sdmmc.o
    0x0800561a   0x0800561a   0x00000030   Code   RO         6241    i.SDMMC_CmdSendCSD  stm32h7xx_ll_sdmmc.o
    0x0800564a   0x0800564a   0x00000032   Code   RO         6243    i.SDMMC_CmdSendSCR  stm32h7xx_ll_sdmmc.o
    0x0800567c   0x0800567c   0x00000034   Code   RO         6244    i.SDMMC_CmdSendStatus  stm32h7xx_ll_sdmmc.o
    0x080056b0   0x080056b0   0x00000032   Code   RO         6245    i.SDMMC_CmdSetRelAdd  stm32h7xx_ll_sdmmc.o
    0x080056e2   0x080056e2   0x00000032   Code   RO         6248    i.SDMMC_CmdStatusRegister  stm32h7xx_ll_sdmmc.o
    0x08005714   0x08005714   0x00000054   Code   RO         6249    i.SDMMC_CmdStopTransfer  stm32h7xx_ll_sdmmc.o
    0x08005768   0x08005768   0x00000034   Code   RO         6250    i.SDMMC_CmdSwitch   stm32h7xx_ll_sdmmc.o
    0x0800579c   0x0800579c   0x00000034   Code   RO         6252    i.SDMMC_CmdWriteMultiBlock  stm32h7xx_ll_sdmmc.o
    0x080057d0   0x080057d0   0x00000034   Code   RO         6253    i.SDMMC_CmdWriteSingleBlock  stm32h7xx_ll_sdmmc.o
    0x08005804   0x08005804   0x00000026   Code   RO         6254    i.SDMMC_ConfigData  stm32h7xx_ll_sdmmc.o
    0x0800582a   0x0800582a   0x00000002   PAD
    0x0800582c   0x0800582c   0x00000124   Code   RO         6255    i.SDMMC_GetCmdResp1  stm32h7xx_ll_sdmmc.o
    0x08005950   0x08005950   0x00000054   Code   RO         6256    i.SDMMC_GetCmdResp2  stm32h7xx_ll_sdmmc.o
    0x080059a4   0x080059a4   0x00000048   Code   RO         6257    i.SDMMC_GetCmdResp3  stm32h7xx_ll_sdmmc.o
    0x080059ec   0x080059ec   0x0000008c   Code   RO         6258    i.SDMMC_GetCmdResp6  stm32h7xx_ll_sdmmc.o
    0x08005a78   0x08005a78   0x00000058   Code   RO         6259    i.SDMMC_GetCmdResp7  stm32h7xx_ll_sdmmc.o
    0x08005ad0   0x08005ad0   0x00000008   Code   RO         6263    i.SDMMC_GetPowerState  stm32h7xx_ll_sdmmc.o
    0x08005ad8   0x08005ad8   0x00000006   Code   RO         6264    i.SDMMC_GetResponse  stm32h7xx_ll_sdmmc.o
    0x08005ade   0x08005ade   0x00000002   PAD
    0x08005ae0   0x08005ae0   0x00000020   Code   RO         6265    i.SDMMC_Init        stm32h7xx_ll_sdmmc.o
    0x08005b00   0x08005b00   0x0000000c   Code   RO         6268    i.SDMMC_PowerState_ON  stm32h7xx_ll_sdmmc.o
    0x08005b0c   0x08005b0c   0x00000006   Code   RO         6269    i.SDMMC_ReadFIFO    stm32h7xx_ll_sdmmc.o
    0x08005b12   0x08005b12   0x00000002   PAD
    0x08005b14   0x08005b14   0x00000028   Code   RO         6270    i.SDMMC_SendCommand  stm32h7xx_ll_sdmmc.o
    0x08005b3c   0x08005b3c   0x0000000a   Code   RO         6272    i.SDMMC_WriteFIFO   stm32h7xx_ll_sdmmc.o
    0x08005b46   0x08005b46   0x0000007a   Code   RO          393    i.SDRAM_Initialization_Sequence  sdram.o
    0x08005bc0   0x08005bc0   0x000000e4   Code   RO         4442    i.SD_FindSCR        stm32h7xx_hal_sd.o
    0x08005ca4   0x08005ca4   0x000000f4   Code   RO         4443    i.SD_HighSpeed      stm32h7xx_hal_sd.o
    0x08005d98   0x08005d98   0x000000f6   Code   RO         4444    i.SD_InitCard       stm32h7xx_hal_sd.o
    0x08005e8e   0x08005e8e   0x00000002   PAD
    0x08005e90   0x08005e90   0x0000009c   Code   RO          240    i.SD_MspInit        sdmmc_sd.o
    0x08005f2c   0x08005f2c   0x000000b4   Code   RO         4445    i.SD_PowerON        stm32h7xx_hal_sd.o
    0x08005fe0   0x08005fe0   0x000000e4   Code   RO         4446    i.SD_SendSDStatus   stm32h7xx_hal_sd.o
    0x080060c4   0x080060c4   0x000000bc   Code   RO         4978    i.SPI_CloseTransfer  stm32h7xx_hal_spi.o
    0x08006180   0x08006180   0x000001bc   Code   RO          527    i.SPI_LCD_Init      lcd_spi_169.o
    0x0800633c   0x0800633c   0x00000042   Code   RO         4995    i.SPI_WaitOnFlagUntilTimeout  stm32h7xx_hal_spi.o
    0x0800637e   0x0800637e   0x00000018   Code   RO          985    i.SysTick_Handler   stm32h7xx_it.o
    0x08006396   0x08006396   0x00000002   PAD
    0x08006398   0x08006398   0x0000010c   Code   RO          895    i.SystemClock_Config  main.o
    0x080064a4   0x080064a4   0x000000dc   Code   RO         6568    i.SystemInit        system_stm32h7xx.o
    0x08006580   0x08006580   0x00000044   Code   RO         5776    i.UARTEx_SetNbDataToProcess  stm32h7xx_hal_uart_ex.o
    0x080065c4   0x080065c4   0x000000c8   Code   RO         5386    i.UART_AdvFeatureConfig  stm32h7xx_hal_uart.o
    0x0800668c   0x0800668c   0x00000060   Code   RO         5387    i.UART_CheckIdleState  stm32h7xx_hal_uart.o
    0x080066ec   0x080066ec   0x00000014   Code   RO         5388    i.UART_DMAAbortOnError  stm32h7xx_hal_uart.o
    0x08006700   0x08006700   0x00000054   Code   RO         5398    i.UART_EndRxTransfer  stm32h7xx_hal_uart.o
    0x08006754   0x08006754   0x000003ac   Code   RO         5404    i.UART_SetConfig    stm32h7xx_hal_uart.o
    0x08006b00   0x08006b00   0x000000ca   Code   RO         5411    i.UART_WaitOnFlagUntilTimeout  stm32h7xx_hal_uart.o
    0x08006bca   0x08006bca   0x00000002   PAD
    0x08006bcc   0x08006bcc   0x0000000c   Code   RO          986    i.USART1_IRQHandler  stm32h7xx_it.o
    0x08006bd8   0x08006bd8   0x0000004c   Code   RO          171    i.USART1_Init       usart.o
    0x08006c24   0x08006c24   0x00000002   Code   RO          987    i.UsageFault_Handler  stm32h7xx_it.o
    0x08006c26   0x08006c26   0x00000002   PAD
    0x08006c28   0x08006c28   0x00000020   Code   RO         8216    i.__0printf         mc_w.l(printfa.o)
    0x08006c48   0x08006c48   0x00000028   Code   RO         8218    i.__0sprintf        mc_w.l(printfa.o)
    0x08006c70   0x08006c70   0x00000022   Code   RO         1504    i.__NVIC_SetPriority  stm32h7xx_hal_cortex.o
    0x08006c92   0x08006c92   0x0000000e   Code   RO         8284    i.__scatterload_copy  mc_w.l(handlers.o)
    0x08006ca0   0x08006ca0   0x00000002   Code   RO         8285    i.__scatterload_null  mc_w.l(handlers.o)
    0x08006ca2   0x08006ca2   0x0000000e   Code   RO         8286    i.__scatterload_zeroinit  mc_w.l(handlers.o)
    0x08006cb0   0x08006cb0   0x00000184   Code   RO         8223    i._fp_digits        mc_w.l(printfa.o)
    0x08006e34   0x08006e34   0x000006dc   Code   RO         8224    i._printf_core      mc_w.l(printfa.o)
    0x08007510   0x08007510   0x00000024   Code   RO         8225    i._printf_post_padding  mc_w.l(printfa.o)
    0x08007534   0x08007534   0x0000002e   Code   RO         8226    i._printf_pre_padding  mc_w.l(printfa.o)
    0x08007562   0x08007562   0x0000000a   Code   RO         8228    i._sputc            mc_w.l(printfa.o)
    0x0800756c   0x0800756c   0x0000002c   Code   RO          746    i.device_testing_TaskCode  rtos_task.o
    0x08007598   0x08007598   0x00000018   Code   RO          172    i.fputc             usart.o
    0x080075b0   0x080075b0   0x00000038   Code   RO          747    i.lcd_TaskCode      rtos_task.o
    0x080075e8   0x080075e8   0x0000001c   Code   RO          748    i.led_TaskCode      rtos_task.o
    0x08007604   0x08007604   0x00000090   Code   RO          896    i.main              main.o
    0x08007694   0x08007694   0x00000094   Code   RO         6789    i.prvAddCurrentTaskToDelayedList  tasks.o
    0x08007728   0x08007728   0x000000f0   Code   RO         6790    i.prvAddNewTaskToReadyList  tasks.o
    0x08007818   0x08007818   0x00000050   Code   RO         6602    i.prvCheckForValidListAndQueue  timers.o
    0x08007868   0x08007868   0x0000003c   Code   RO         6791    i.prvCheckTasksWaitingTermination  tasks.o
    0x080078a4   0x080078a4   0x00000026   Code   RO         7378    i.prvCopyDataFromQueue  queue.o
    0x080078ca   0x080078ca   0x0000006c   Code   RO         7379    i.prvCopyDataToQueue  queue.o
    0x08007936   0x08007936   0x00000014   Code   RO         6792    i.prvDeleteTCB      tasks.o
    0x0800794a   0x0800794a   0x00000002   PAD
    0x0800794c   0x0800794c   0x00000048   Code   RO         7855    i.prvHeapInit       heap_4.o
    0x08007994   0x08007994   0x00000028   Code   RO         6793    i.prvIdleTask       tasks.o
    0x080079bc   0x080079bc   0x000000cc   Code   RO         6794    i.prvInitialiseNewTask  tasks.o
    0x08007a88   0x08007a88   0x000000b8   Code   RO         7856    i.prvInsertBlockIntoFreeList  heap_4.o
    0x08007b40   0x08007b40   0x0000003c   Code   RO         6603    i.prvInsertTimerInActiveList  timers.o
    0x08007b7c   0x08007b7c   0x0000001c   Code   RO         7380    i.prvIsQueueEmpty   queue.o
    0x08007b98   0x08007b98   0x000000a8   Code   RO         7381    i.prvNotifyQueueSetContainer  queue.o
    0x08007c40   0x08007c40   0x00000040   Code   RO         6604    i.prvProcessExpiredTimer  timers.o
    0x08007c80   0x08007c80   0x00000128   Code   RO         6605    i.prvProcessReceivedCommands  timers.o
    0x08007da8   0x08007da8   0x0000006c   Code   RO         6606    i.prvProcessTimerOrBlockTask  timers.o
    0x08007e14   0x08007e14   0x00000028   Code   RO         6607    i.prvReloadTimer    timers.o
    0x08007e3c   0x08007e3c   0x0000001c   Code   RO         6796    i.prvResetNextTaskUnblockTime  tasks.o
    0x08007e58   0x08007e58   0x00000048   Code   RO         6608    i.prvSampleTimeNow  timers.o
    0x08007ea0   0x08007ea0   0x00000074   Code   RO         7775    i.prvTaskExitError  port.o
    0x08007f14   0x08007f14   0x00000024   Code   RO         6609    i.prvTimerTask      timers.o
    0x08007f38   0x08007f38   0x00000076   Code   RO         7382    i.prvUnlockQueue    queue.o
    0x08007fae   0x08007fae   0x00000002   PAD
    0x08007fb0   0x08007fb0   0x0000017c   Code   RO         7858    i.pvPortMalloc      heap_4.o
    0x0800812c   0x0800812c   0x00000014   Code   RO         6798    i.pvTaskIncrementMutexHeldCount  tasks.o
    0x08008140   0x08008140   0x00000030   Code   RO         7776    i.pxPortInitialiseStack  port.o
    0x08008170   0x08008170   0x00000064   Code   RO          749    i.recv_usart_TaskCode  rtos_task.o
    0x080081d4   0x080081d4   0x00000288   Code   RO          750    i.sd_test           rtos_task.o
    0x0800845c   0x0800845c   0x00000264   Code   RO          751    i.sdram_test        rtos_task.o
    0x080086c0   0x080086c0   0x00000068   Code   RO          752    i.sys_init          rtos_task.o
    0x08008728   0x08008728   0x00000048   Code   RO          753    i.usart_TaskCode    rtos_task.o
    0x08008770   0x08008770   0x00000024   Code   RO         7625    i.uxListRemove      list.o
    0x08008794   0x08008794   0x0000000c   Code   RO         6803    i.uxTaskGetNumberOfTasks  tasks.o
    0x080087a0   0x080087a0   0x00000016   Code   RO         7626    i.vListInitialise   list.o
    0x080087b6   0x080087b6   0x00000006   Code   RO         7627    i.vListInitialiseItem  list.o
    0x080087bc   0x080087bc   0x00000030   Code   RO         7628    i.vListInsert       list.o
    0x080087ec   0x080087ec   0x00000088   Code   RO         7778    i.vPortEnterCritical  port.o
    0x08008874   0x08008874   0x00000070   Code   RO         7779    i.vPortExitCritical  port.o
    0x080088e4   0x080088e4   0x000000c8   Code   RO         7859    i.vPortFree         heap_4.o
    0x080089ac   0x080089ac   0x00000024   Code   RO         7780    i.vPortSetupTimerInterrupt  port.o
    0x080089d0   0x080089d0   0x0000007c   Code   RO         7390    i.vQueueAddToRegistry  queue.o
    0x08008a4c   0x08008a4c   0x00000044   Code   RO         7394    i.vQueueWaitForMessageRestricted  queue.o
    0x08008a90   0x08008a90   0x00000074   Code   RO         6809    i.vTaskDelay        tasks.o
    0x08008b04   0x08008b04   0x00000010   Code   RO         6814    i.vTaskInternalSetTimeOutState  tasks.o
    0x08008b14   0x08008b14   0x0000000c   Code   RO         6816    i.vTaskMissedYield  tasks.o
    0x08008b20   0x08008b20   0x0000005c   Code   RO         6817    i.vTaskPlaceOnEventList  tasks.o
    0x08008b7c   0x08008b7c   0x00000080   Code   RO         6818    i.vTaskPlaceOnEventListRestricted  tasks.o
    0x08008bfc   0x08008bfc   0x000000f4   Code   RO         6820    i.vTaskPriorityDisinheritAfterTimeout  tasks.o
    0x08008cf0   0x08008cf0   0x000000b4   Code   RO         6827    i.vTaskStartScheduler  tasks.o
    0x08008da4   0x08008da4   0x00000010   Code   RO         6829    i.vTaskSuspendAll   tasks.o
    0x08008db4   0x08008db4   0x0000008c   Code   RO         6830    i.vTaskSwitchContext  tasks.o
    0x08008e40   0x08008e40   0x00000108   Code   RO         7782    i.xPortStartScheduler  port.o
    0x08008f48   0x08008f48   0x00000030   Code   RO         7783    i.xPortSysTickHandler  port.o
    0x08008f78   0x08008f78   0x00000024   Code   RO         7397    i.xQueueCreateMutex  queue.o
    0x08008f9c   0x08008f9c   0x00000090   Code   RO         7399    i.xQueueGenericCreate  queue.o
    0x0800902c   0x0800902c   0x000000e4   Code   RO         7400    i.xQueueGenericReset  queue.o
    0x08009110   0x08009110   0x00000194   Code   RO         7401    i.xQueueGenericSend  queue.o
    0x080092a4   0x080092a4   0x00000158   Code   RO         7409    i.xQueueReceive     queue.o
    0x080093fc   0x080093fc   0x0000018c   Code   RO         7414    i.xQueueSemaphoreTake  queue.o
    0x08009588   0x08009588   0x00000098   Code   RO         6832    i.xTaskCheckForTimeOut  tasks.o
    0x08009620   0x08009620   0x0000005c   Code   RO         6833    i.xTaskCreate       tasks.o
    0x0800967c   0x0800967c   0x0000001c   Code   RO         6841    i.xTaskGetSchedulerState  tasks.o
    0x08009698   0x08009698   0x0000000c   Code   RO         6842    i.xTaskGetTickCount  tasks.o
    0x080096a4   0x080096a4   0x0000015c   Code   RO         6844    i.xTaskIncrementTick  tasks.o
    0x08009800   0x08009800   0x000000e0   Code   RO         6845    i.xTaskPriorityDisinherit  tasks.o
    0x080098e0   0x080098e0   0x000000b8   Code   RO         6846    i.xTaskPriorityInherit  tasks.o
    0x08009998   0x08009998   0x00000108   Code   RO         6847    i.xTaskRemoveFromEventList  tasks.o
    0x08009aa0   0x08009aa0   0x00000174   Code   RO         6848    i.xTaskResumeAll    tasks.o
    0x08009c14   0x08009c14   0x0000007c   Code   RO         6618    i.xTimerCreateTimerTask  timers.o
    0x08009c90   0x08009c90   0x000011d0   Data   RO          448    .constdata          lcd_fonts.o
    0x0800ae60   0x0800ae60   0x00000018   Data   RO         5412    .constdata          stm32h7xx_hal_uart.o
    0x0800ae78   0x0800ae78   0x00000010   Data   RO         5777    .constdata          stm32h7xx_hal_uart_ex.o
    0x0800ae88   0x0800ae88   0x00000010   Data   RO         6569    .constdata          system_stm32h7xx.o
    0x0800ae98   0x0800ae98   0x00000048   Data   RO          755    .conststring        rtos_task.o
    0x0800aee0   0x0800aee0   0x00000020   Data   RO         8282    Region$$Table       anon$$obj.o


    Execution Region RW_IRAM1 (Exec base: 0x20000000, Load base: 0x0800af00, Size: 0x00019220, Max: 0x00020000, ABSOLUTE)

    Exec Addr    Load Addr    Size         Type   Attr      Idx    E Section Name        Object

    0x20000000   0x0800af00   0x0000000c   Data   RW          458    .data               lcd_fonts.o
    0x2000000c   0x0800af0c   0x00000008   Data   RW          529    .data               lcd_spi_169.o
    0x20000014   0x0800af14   0x0000001c   Data   RW          756    .data               rtos_task.o
    0x20000030   0x0800af30   0x0000000c   Data   RW         1131    .data               stm32h7xx_hal.o
    0x2000003c   0x0800af3c   0x00000008   Data   RW         6570    .data               system_stm32h7xx.o
    0x20000044   0x0800af44   0x00000014   Data   RW         6629    .data               timers.o
    0x20000058   0x0800af58   0x00000040   Data   RW         6851    .data               tasks.o
    0x20000098   0x0800af98   0x0000000c   Data   RW         7784    .data               port.o
    0x200000a4   0x0800afa4   0x0000001c   Data   RW         7866    .data               heap_4.o
    0x200000c0   0x0800afc0   0x00000004   Data   RW         8258    .data               mc_w.l(stdout.o)
    0x200000c4        -       0x00000090   Zero   RW          173    .bss                usart.o
    0x20000154        -       0x0000007c   Zero   RW          241    .bss                sdmmc_sd.o
    0x200001d0        -       0x00000044   Zero   RW          394    .bss                sdram.o
    0x20000214        -       0x00000898   Zero   RW          528    .bss                lcd_spi_169.o
    0x20000aac        -       0x00010028   Zero   RW          754    .bss                rtos_task.o
    0x20010ad4        -       0x00000028   Zero   RW         6628    .bss                timers.o
    0x20010afc        -       0x000002e4   Zero   RW         6850    .bss                tasks.o
    0x20010de0        -       0x00000040   Zero   RW         7416    .bss                queue.o
    0x20010e20        -       0x00008000   Zero   RW         7865    .bss                heap_4.o
    0x20018e20        -       0x00000400   Zero   RW            1    STACK               startup_stm32h750xx.o


==============================================================================

Image component sizes


      Code (inc. data)   RO Data    RW Data    ZI Data      Debug   Object Name

        78          0          0          0          0       1643   freegui.o
       836        240          0         28      32768       5527   heap_4.o
         0          0       4560         12          0       2031   lcd_fonts.o
      2302        162          0          8       2200      15860   lcd_spi_169.o
        80         10          0          0          0    1325007   led.o
       112          0          0          0          0       2849   list.o
       412         20          0          0          0      37971   main.o
       954        360          0         12          0      10512   port.o
      2204        334          0          0         64      17205   queue.o
      1956        958         72         28      65576      30709   rtos_task.o
       500         58          0          0        124       8334   sdmmc_sd.o
       510         36          0          0         68       3296   sdram.o
        36          8        664          0       1024        832   startup_stm32h750xx.o
       232         44          0         12          0      23392   stm32h7xx_hal.o
       198         12          0          0          0      39579   stm32h7xx_hal_cortex.o
      1508         70          0          0          0       3903   stm32h7xx_hal_dma.o
       582         50          0          0          0       2945   stm32h7xx_hal_gpio.o
        28          6          0          0          0        922   stm32h7xx_hal_msp.o
        84          6          0          0          0        785   stm32h7xx_hal_pwr_ex.o
      2384        108          0          0          0       7116   stm32h7xx_hal_rcc.o
      4466        172          0          0          0      10439   stm32h7xx_hal_rcc_ex.o
      4420         94          0          0          0      23180   stm32h7xx_hal_sd.o
       186          4          0          0          0       2952   stm32h7xx_hal_sdram.o
      1166         14          0          0          0       4874   stm32h7xx_hal_spi.o
      2962        138         24          0          0      32263   stm32h7xx_hal_uart.o
       290          6         16          0          0       5478   stm32h7xx_hal_uart_ex.o
        54          6          0          0          0       4211   stm32h7xx_it.o
       338         12          0          0          0       4296   stm32h7xx_ll_fmc.o
      1996         72          0          0          0      27449   stm32h7xx_ll_sdmmc.o
         0          0          0          0          0      12888   stream_buffer.o
       220         40         16          8          0       1486   system_stm32h7xx.o
      3392        726          0         64        740      38130   tasks.o
       880        180          0         20         40      13576   timers.o
       232         28          0          0        144       3646   usart.o

    ----------------------------------------------------------------------
     35642       3974       5384        192     102748    1725286   Object Totals
         0          0         32          0          0          0   (incl. Generated)
        44          0          0          0          0          0   (incl. Padding)

    ----------------------------------------------------------------------

      Code (inc. data)   RO Data    RW Data    ZI Data      Debug   Library Member Name

         0          0          0          0          0          0   entry.o
         0          0          0          0          0          0   entry10a.o
         0          0          0          0          0          0   entry11a.o
         8          4          0          0          0          0   entry2.o
         4          0          0          0          0          0   entry5.o
         0          0          0          0          0          0   entry7b.o
         0          0          0          0          0          0   entry8b.o
         8          4          0          0          0          0   entry9a.o
        30          0          0          0          0          0   handlers.o
        36          8          0          0          0         68   init.o
         0          0          0          0          0          0   iusefp.o
        30          0          0          0          0         68   llshl.o
        36          0          0          0          0         68   llsshr.o
        32          0          0          0          0         68   llushr.o
        36          0          0          0          0         68   memcpya.o
        36          0          0          0          0        108   memseta.o
      2308         96          0          0          0        604   printfa.o
         0          0          0          4          0          0   stdout.o
        44          0          0          0          0         80   uidiv.o
        98          0          0          0          0         92   uldiv.o
        48          0          0          0          0         68   cdrcmple.o
       334          0          0          0          0        148   dadd.o
       222          0          0          0          0        100   ddiv.o
       186          0          0          0          0        176   depilogue.o
        48          0          0          0          0         68   dfixul.o
       228          0          0          0          0         96   dmul.o

    ----------------------------------------------------------------------
      3774        112          0          4          0       1880   Library Totals
         2          0          0          0          0          0   (incl. Padding)

    ----------------------------------------------------------------------

      Code (inc. data)   RO Data    RW Data    ZI Data      Debug   Library Name

      2706        112          0          4          0       1224   mc_w.l
      1066          0          0          0          0        656   mf_w.l

    ----------------------------------------------------------------------
      3774        112          0          4          0       1880   Library Totals

    ----------------------------------------------------------------------

==============================================================================


      Code (inc. data)   RO Data    RW Data    ZI Data      Debug   

     39416       4086       5384        196     102748    1702682   Grand Totals
     39416       4086       5384        196     102748    1702682   ELF Image Totals
     39416       4086       5384        196          0          0   ROM Totals

==============================================================================

    Total RO  Size (Code + RO Data)                44800 (  43.75kB)
    Total RW  Size (RW Data + ZI Data)            102944 ( 100.53kB)
    Total ROM Size (Code + RO Data + RW Data)      44996 (  43.94kB)

==============================================================================

