<html>
<body>
<pre>
<h1>礦ision Build Log</h1>
<h2>Tool Versions:</h2>
IDE-Version: μVision V5.41.0.0
Copyright (C) 2024 ARM Ltd and ARM Germany GmbH. All rights reserved.
License Information:  ,  , LIC=65ISZ-J4BQW-EVK1R-KPV6C-SJ4C4-AM6SZ
 
Tool Versions:
Toolchain:       MDK-ARM Plus  Version: 5.41.0.0
Toolchain Path:  C:\APP\Keil_v5\ARM\ARMCC\Bin
C Compiler:      Armcc.exe V5.06 update 6 (build 750)
Assembler:       Armasm.exe V5.06 update 6 (build 750)
Linker/Locator:  ArmLink.exe V5.06 update 6 (build 750)
Library Manager: ArmAr.exe V5.06 update 6 (build 750)
Hex Converter:   FromElf.exe V5.06 update 6 (build 750)
CPU DLL:         SARMCM3.DLL V5.41.0.0
Dialog DLL:      DCM.DLL V1.17.5.0
Target DLL:      CMSIS_AGDI.dll V1.33.21.0
Dialog DLL:      TCM.DLL V1.56.4.0
 
<h2>Project:</h2>
C:\Users\ZhangHang\Desktop\xbh6\MDK-ARM\STM32H750XBH6.uvprojx
Project File Date:  01/12/2025

<h2>Output:</h2>
*** Using Compiler 'V5.06 update 6 (build 750)', folder: 'C:\APP\Keil_v5\ARM\ARMCC\Bin'
Build target 'EXT_Flash_SPI'
compiling lv_obj_class.c...
compiling lv_disp.c...
compiling lv_obj_draw.c...
..\Drivers\LVGL\src\core\lv_obj_draw.c(392): warning:  #188-D: enumerated type mixed with another type
      if(obj->spec_attr) return obj->spec_attr->layer_type;
..\Drivers\LVGL\src\core\lv_obj_draw.c: 1 warning, 0 errors
compiling lv_group.c...
compiling lv_event.c...
..\Drivers\LVGL\src\core\lv_event.c(117): warning:  #188-D: enumerated type mixed with another type
      return e->code & ~LV_EVENT_PREPROCESS;
..\Drivers\LVGL\src\core\lv_event.c: 1 warning, 0 errors
compiling lv_indev_scroll.c...
compiling lv_obj_style.c...
compiling lv_indev.c...
compiling lv_obj.c...
compiling lv_obj_scroll.c...
compiling lv_obj_style_gen.c...
compiling rtos_task.c...
compiling lv_draw.c...
compiling lv_obj_pos.c...
compiling stm32h7xx_it.c...
compiling lv_obj_tree.c...
compiling main.c...
compiling lv_theme.c...
compiling lv_draw_arc.c...
compiling lv_draw_line.c...
compiling lv_draw_layer.c...
compiling lv_draw_img.c...
compiling lcd_spi_169.c...
..\Drivers\User\Src\lcd_spi_169.c(203): warning:  #550-D: variable "res"  was set but never used
  	uint16_t res=0;
..\Drivers\User\Src\lcd_spi_169.c(228): warning:  #550-D: variable "res"  was set but never used
  	uint16_t res=0;
..\Drivers\User\Src\lcd_spi_169.c(254): warning:  #550-D: variable "res"  was set but never used
  	uint16_t res=0;    // 数据发送区
..\Drivers\User\Src\lcd_spi_169.c(283): warning:  #550-D: variable "res"  was set but never used
  	uint16_t res=0;    // 数据发送区
..\Drivers\User\Src\lcd_spi_169.c(312): warning:  #550-D: variable "res"  was set but never used
  	uint16_t res=0;
..\Drivers\User\Src\lcd_spi_169.c(1822): warning:  #177-D: variable "y"  was declared but never referenced
  	uint32_t y=0; 
..\Drivers\User\Src\lcd_spi_169.c: 6 warnings, 0 errors
compiling lv_draw_label.c...
compiling lv_refr.c...
compiling lv_draw_rect.c...
compiling lv_draw_transform.c...
compiling lv_img_cache.c...
compiling lv_draw_triangle.c...
compiling lv_gpu_arm2d.c...
compiling lv_draw_pxp.c...
compiling lv_img_buf.c...
compiling lv_gpu_nxp_pxp.c...
compiling lv_gpu_nxp_pxp_osa.c...
compiling lv_draw_pxp_blend.c...
compiling lv_img_decoder.c...
compiling lv_draw_vglite.c...
compiling lv_draw_vglite_arc.c...
compiling lv_draw_mask.c...
compiling lv_draw_vglite_blend.c...
compiling lv_draw_vglite_line.c...
compiling lv_draw_vglite_rect.c...
compiling lv_vglite_buf.c...
compiling lv_draw_sdl.c...
compiling lv_vglite_utils.c...
compiling lv_draw_sdl_arc.c...
compiling lv_draw_sdl_bg.c...
compiling lv_gpu_d2_draw_label.c...
compiling lv_gpu_d2_ra6m3.c...
compiling lv_draw_sdl_composite.c...
compiling lv_draw_sdl_img.c...
compiling lv_draw_sdl_label.c...
compiling lv_draw_sdl_line.c...
compiling lv_draw_sdl_layer.c...
compiling lv_draw_sdl_mask.c...
compiling lv_draw_sdl_polygon.c...
compiling lv_draw_sdl_rect.c...
compiling lv_draw_sdl_stack_blur.c...
compiling lv_draw_sdl_texture_cache.c...
compiling lv_draw_sdl_utils.c...
compiling lv_draw_sw.c...
compiling lv_gpu_stm32_dma2d.c...
compiling lv_draw_sw_dither.c...
compiling lv_draw_sw_gradient.c...
compiling lv_draw_sw_arc.c...
compiling lv_draw_sw_img.c...
compiling lv_draw_sw_layer.c...
compiling lv_draw_sw_blend.c...
compiling lv_gpu_swm341_dma2d.c...
compiling lv_draw_sw_polygon.c...
compiling lv_draw_sw_letter.c...
compiling lv_draw_sw_line.c...
compiling lv_extra.c...
compiling lv_draw_sw_transform.c...
compiling lv_grid.c...
..\Drivers\LVGL\src\extra\layouts\grid\lv_grid.c(583): warning:  #188-D: enumerated type mixed with another type
      lv_grid_align_t col_align = get_cell_col_align(item);
..\Drivers\LVGL\src\extra\layouts\grid\lv_grid.c(584): warning:  #188-D: enumerated type mixed with another type
      lv_grid_align_t row_align = get_cell_row_align(item);
..\Drivers\LVGL\src\extra\layouts\grid\lv_grid.c: 2 warnings, 0 errors
compiling lv_flex.c...
compiling lv_calendar_header_arrow.c...
compiling lv_theme_basic.c...
compiling lv_animimg.c...
compiling lv_calendar_header_dropdown.c...
compiling lv_calendar.c...
compiling lv_theme_mono.c...
compiling lv_keyboard.c...
compiling lv_imgbtn.c...
compiling lv_draw_sw_rect.c...
..\Drivers\LVGL\src\draw\sw\lv_draw_sw_rect.c(234): warning:  #546-D: transfer of control bypasses initialization of:
            variable "mask_any_center"  (declared at line 280)
          goto bg_clean_up;
          ^
..\Drivers\LVGL\src\draw\sw\lv_draw_sw_rect.c: 1 warning, 0 errors
compiling lv_led.c...
compiling lv_list.c...
compiling lv_colorwheel.c...
compiling lv_menu.c...
compiling lv_spinner.c...
compiling lv_tileview.c...
compiling lv_msgbox.c...
compiling lv_spinbox.c...
compiling lv_font.c...
compiling lv_theme_default.c...
..\Drivers\LVGL\src\extra\themes\default\lv_theme_default.c(211): warning:  #188-D: enumerated type mixed with another type
..\Drivers\LVGL\src\extra\themes\default\lv_theme_default.c: 1 warning, 0 errors
compiling lv_font_fmt_txt.c...
..\Drivers\LVGL\src\font\lv_font_fmt_txt.c(137): warning:  #111-D: statement is unreachable
      return NULL;
..\Drivers\LVGL\src\font\lv_font_fmt_txt.c: 1 warning, 0 errors
compiling lv_win.c...
compiling lv_tabview.c...
compiling lv_meter.c...
compiling lv_font_dejavu_16_persian_hebrew.c...
compiling lv_span.c...
..\Drivers\LVGL\src\extra\widgets\span\lv_span.c(901): warning:  #546-D: transfer of control bypasses initialization of:
            variable "align"  (declared at line 905)
              goto Next_line_init;
              ^
..\Drivers\LVGL\src\extra\widgets\span\lv_span.c: 1 warning, 0 errors
compiling lv_chart.c...
compiling lv_font_montserrat_8.c...
compiling lv_font_montserrat_10.c...
compiling lv_font_loader.c...
compiling lv_font_montserrat_12.c...
compiling lv_font_montserrat_12_subpx.c...
compiling lv_font_montserrat_14.c...
compiling lv_font_montserrat_16.c...
compiling lv_font_montserrat_18.c...
compiling lv_font_montserrat_20.c...
compiling lv_font_montserrat_22.c...
compiling lv_font_montserrat_28.c...
compiling lv_font_montserrat_26.c...
compiling lv_font_montserrat_24.c...
compiling lv_font_montserrat_28_compressed.c...
compiling lv_font_montserrat_30.c...
compiling lv_font_montserrat_32.c...
compiling lv_font_montserrat_36.c...
compiling lv_font_montserrat_34.c...
compiling lv_font_montserrat_38.c...
compiling lv_font_montserrat_40.c...
compiling lv_font_montserrat_44.c...
compiling lv_font_montserrat_42.c...
compiling lv_font_montserrat_46.c...
compiling lv_hal_tick.c...
..\Drivers\LVGL\src\hal\lv_hal_tick.c(77): warning:  #223-D: function "xTaskGetTickCount" declared implicitly
      return LV_TICK_CUSTOM_SYS_TIME_EXPR;
..\Drivers\LVGL\src\hal\lv_hal_tick.c: 1 warning, 0 errors
compiling lv_font_montserrat_48.c...
compiling lv_hal_indev.c...
compiling lv_font_simsun_16_cjk.c...
compiling lv_font_unscii_8.c...
compiling lv_anim_timeline.c...
compiling lv_font_unscii_16.c...
compiling lv_anim.c...
compiling lv_hal_disp.c...
..\Drivers\LVGL\src\hal\lv_hal_disp.c(582): warning:  #188-D: enumerated type mixed with another type
      return disp->driver->rotated;
..\Drivers\LVGL\src\hal\lv_hal_disp.c: 1 warning, 0 errors
compiling lv_bidi.c...
compiling lv_async.c...
compiling lv_gc.c...
compiling lv_area.c...
compiling lv_color.c...
compiling lv_ll.c...
compiling lv_fs.c...
compiling lv_log.c...
compiling lv_math.c...
compiling lv_lru.c...
..\Drivers\LVGL\src\misc\lv_lru.c(238): warning:  #68-D: integer conversion resulted in a change of sign
      uint32_t i = 0, min_index = -1;
..\Drivers\LVGL\src\misc\lv_lru.c(239): warning:  #68-D: integer conversion resulted in a change of sign
      uint64_t min_access_count = -1;
..\Drivers\LVGL\src\misc\lv_lru.c: 2 warnings, 0 errors
compiling lv_timer.c...
compiling lv_mem.c...
..\Drivers\LVGL\src\misc\lv_mem.c(324): warning:  #111-D: statement is unreachable
      return NULL;
..\Drivers\LVGL\src\misc\lv_mem.c: 1 warning, 0 errors
compiling lv_style.c...
..\Drivers\LVGL\src\misc\lv_style.c(214): warning:  #188-D: enumerated type mixed with another type
      return last_custom_prop_id;
..\Drivers\LVGL\src\misc\lv_style.c(219): warning:  #188-D: enumerated type mixed with another type
      return last_custom_prop_id - _LV_STYLE_LAST_BUILT_IN_PROP;
..\Drivers\LVGL\src\misc\lv_style.c(290): warning:  #188-D: enumerated type mixed with another type
      lv_style_set_prop_internal(style, prop | meta, null_style_value, lv_style_set_prop_meta_helper);
..\Drivers\LVGL\src\misc\lv_style.c: 3 warnings, 0 errors
compiling lv_style_gen.c...
compiling lv_printf.c...
compiling lv_tlsf.c...
..\Drivers\LVGL\src\misc\lv_tlsf.c(897): warning:  #68-D: integer conversion resulted in a change of sign
          offset_to_block(pool, -(int)block_header_overhead);
..\Drivers\LVGL\src\misc\lv_tlsf.c(999): warning:  #68-D: integer conversion resulted in a change of sign
      block = offset_to_block(mem, -(tlsfptr_t)block_header_overhead);
..\Drivers\LVGL\src\misc\lv_tlsf.c(1017): warning:  #68-D: integer conversion resulted in a change of sign
      block_header_t * block = offset_to_block(pool, -(int)block_header_overhead);
..\Drivers\LVGL\src\misc\lv_tlsf.c: 3 warnings, 0 errors
compiling lv_txt_ap.c...
compiling lv_txt.c...
compiling lv_btn.c...
compiling lv_checkbox.c...
compiling lv_bar.c...
compiling lv_arc.c...
compiling lv_canvas.c...
compiling lv_line.c...
compiling lv_img.c...
compiling lv_switch.c...
compiling lv_dropdown.c...
compiling lv_btnmatrix.c...
compiling lv_slider.c...
compiling lv_roller.c...
compiling lv_label.c...
compiling lv_textarea.c...
compiling lv_table.c...
compiling lv_port_disp.c...
linking...
Program Size: Code=192472 RO-data=23516 RW-data=740 ZI-data=89244  
FromELF: creating hex file...
"STM32H750XBH6\STM32H750XBH6.axf" - 0 Error(s), 25 Warning(s).

<h2>Software Packages used:</h2>

Package Vendor: ARM
                https://www.keil.com/pack/ARM.CMSIS.6.1.0.pack
                ARM::CMSIS@6.1.0
                CMSIS (Common Microcontroller Software Interface Standard)
   * Component: CORE Version: 6.1.0

Package Vendor: Keil
                https://www.keil.com/pack/Keil.STM32H7xx_DFP.4.0.0.pack
                Keil::STM32H7xx_DFP@4.0.0
                STMicroelectronics STM32H7 Series Device Support

<h2>Collection of Component include folders:</h2>
  ./RTE/_EXT_Flash_SPI
  C:/APP/Keil_v5/Packs/ARM/CMSIS/6.1.0/CMSIS/Core/Include

<h2>Collection of Component Files used:</h2>

   * Component: ARM::CMSIS:CORE@6.1.0
      Include file:  CMSIS/Core/Include/tz_context.h
Build Time Elapsed:  00:00:07
</pre>
</body>
</html>
