Component: ARM Compiler 5.06 update 6 (build 750) Tool: armlink [4d35ed]

==============================================================================

Section Cross References

    startup_stm32h750xx.o(RESET) refers to startup_stm32h750xx.o(STACK) for __initial_sp
    startup_stm32h750xx.o(RESET) refers to startup_stm32h750xx.o(.text) for Reset_Handler
    startup_stm32h750xx.o(RESET) refers to stm32h7xx_it.o(i.NMI_Handler) for NMI_Handler
    startup_stm32h750xx.o(RESET) refers to stm32h7xx_it.o(i.HardFault_Handler) for HardFault_Handler
    startup_stm32h750xx.o(RESET) refers to stm32h7xx_it.o(i.MemManage_Handler) for MemManage_Handler
    startup_stm32h750xx.o(RESET) refers to stm32h7xx_it.o(i.BusFault_Handler) for BusFault_Handler
    startup_stm32h750xx.o(RESET) refers to stm32h7xx_it.o(i.UsageFault_Handler) for UsageFault_Handler
    startup_stm32h750xx.o(RESET) refers to port.o(.emb_text) for SVC_Handler
    startup_stm32h750xx.o(RESET) refers to stm32h7xx_it.o(i.DebugMon_Handler) for DebugMon_Handler
    startup_stm32h750xx.o(RESET) refers to stm32h7xx_it.o(i.SysTick_Handler) for SysTick_Handler
    startup_stm32h750xx.o(RESET) refers to stm32h7xx_it.o(i.USART1_IRQHandler) for USART1_IRQHandler
    startup_stm32h750xx.o(RESET) refers to stm32h7xx_it.o(i.USART2_IRQHandler) for USART2_IRQHandler
    startup_stm32h750xx.o(RESET) refers to stm32h7xx_it.o(i.SDMMC1_IRQHandler) for SDMMC1_IRQHandler
    startup_stm32h750xx.o(.text) refers to system_stm32h7xx.o(i.SystemInit) for SystemInit
    startup_stm32h750xx.o(.text) refers to entry.o(.ARM.Collect$$$$00000000) for __main
    led.o(i.LED_Init) refers to memseta.o(.text) for __aeabi_memclr4
    led.o(i.LED_Init) refers to stm32h7xx_hal_gpio.o(i.HAL_GPIO_WritePin) for HAL_GPIO_WritePin
    led.o(i.LED_Init) refers to stm32h7xx_hal_gpio.o(i.HAL_GPIO_Init) for HAL_GPIO_Init
    usart.o(i.HAL_UART_MspInit) refers to memseta.o(.text) for __aeabi_memclr4
    usart.o(i.HAL_UART_MspInit) refers to stm32h7xx_hal_gpio.o(i.HAL_GPIO_Init) for HAL_GPIO_Init
    usart.o(i.USART1_Init) refers to stm32h7xx_hal_uart.o(i.HAL_UART_Init) for HAL_UART_Init
    usart.o(i.USART1_Init) refers to stm32h7xx_hal_uart_ex.o(i.HAL_UARTEx_SetTxFifoThreshold) for HAL_UARTEx_SetTxFifoThreshold
    usart.o(i.USART1_Init) refers to stm32h7xx_hal_uart_ex.o(i.HAL_UARTEx_SetRxFifoThreshold) for HAL_UARTEx_SetRxFifoThreshold
    usart.o(i.USART1_Init) refers to stm32h7xx_hal_uart_ex.o(i.HAL_UARTEx_DisableFifoMode) for HAL_UARTEx_DisableFifoMode
    usart.o(i.USART1_Init) refers to usart.o(.bss) for .bss
    usart.o(i.fputc) refers to stm32h7xx_hal_uart.o(i.HAL_UART_Transmit) for HAL_UART_Transmit
    usart.o(i.fputc) refers to usart.o(.bss) for .bss
    sdmmc_sd.o(i.BSP_SD_DETECT_IRQHandler) refers to stm32h7xx_hal_exti.o(i.HAL_EXTI_IRQHandler) for HAL_EXTI_IRQHandler
    sdmmc_sd.o(i.BSP_SD_DETECT_IRQHandler) refers to sdmmc_sd.o(.data) for .data
    sdmmc_sd.o(i.BSP_SD_DeInit) refers to stm32h7xx_hal_sd.o(i.HAL_SD_DeInit) for HAL_SD_DeInit
    sdmmc_sd.o(i.BSP_SD_DeInit) refers to stm32h7xx_hal_cortex.o(i.HAL_NVIC_DisableIRQ) for HAL_NVIC_DisableIRQ
    sdmmc_sd.o(i.BSP_SD_DeInit) refers to stm32h7xx_hal_gpio.o(i.HAL_GPIO_DeInit) for HAL_GPIO_DeInit
    sdmmc_sd.o(i.BSP_SD_DeInit) refers to sdmmc_sd.o(.bss) for .bss
    sdmmc_sd.o(i.BSP_SD_DetectITConfig) refers to stm32h7xx_hal_exti.o(i.HAL_EXTI_GetHandle) for HAL_EXTI_GetHandle
    sdmmc_sd.o(i.BSP_SD_DetectITConfig) refers to stm32h7xx_hal_exti.o(i.HAL_EXTI_RegisterCallback) for HAL_EXTI_RegisterCallback
    sdmmc_sd.o(i.BSP_SD_DetectITConfig) refers to sdmmc_sd.o(.constdata) for .constdata
    sdmmc_sd.o(i.BSP_SD_DetectITConfig) refers to sdmmc_sd.o(.data) for .data
    sdmmc_sd.o(i.BSP_SD_Erase) refers to stm32h7xx_hal_sd.o(i.HAL_SD_Erase) for HAL_SD_Erase
    sdmmc_sd.o(i.BSP_SD_Erase) refers to sdmmc_sd.o(.bss) for .bss
    sdmmc_sd.o(i.BSP_SD_GetCardInfo) refers to stm32h7xx_hal_sd.o(i.HAL_SD_GetCardInfo) for HAL_SD_GetCardInfo
    sdmmc_sd.o(i.BSP_SD_GetCardInfo) refers to sdmmc_sd.o(.bss) for .bss
    sdmmc_sd.o(i.BSP_SD_GetCardState) refers to stm32h7xx_hal_sd.o(i.HAL_SD_GetCardState) for HAL_SD_GetCardState
    sdmmc_sd.o(i.BSP_SD_GetCardState) refers to sdmmc_sd.o(.bss) for .bss
    sdmmc_sd.o(i.BSP_SD_IRQHandler) refers to stm32h7xx_hal_sd.o(i.HAL_SD_IRQHandler) for HAL_SD_IRQHandler
    sdmmc_sd.o(i.BSP_SD_IRQHandler) refers to sdmmc_sd.o(.bss) for .bss
    sdmmc_sd.o(i.BSP_SD_Init) refers to sdmmc_sd.o(i.BSP_SD_IsDetected) for BSP_SD_IsDetected
    sdmmc_sd.o(i.BSP_SD_Init) refers to sdmmc_sd.o(i.SD_MspInit) for SD_MspInit
    sdmmc_sd.o(i.BSP_SD_Init) refers to sdmmc_sd.o(i.MX_SDMMC1_SD_Init) for MX_SDMMC1_SD_Init
    sdmmc_sd.o(i.BSP_SD_Init) refers to stm32h7xx_hal_sd.o(i.HAL_SD_ConfigWideBusOperation) for HAL_SD_ConfigWideBusOperation
    sdmmc_sd.o(i.BSP_SD_Init) refers to stm32h7xx_hal_sd.o(i.HAL_SD_ConfigSpeedBusOperation) for HAL_SD_ConfigSpeedBusOperation
[...]
    BDMA_Channel0_IRQHandler                 0x0800038b   Thumb Code     0  startup_stm32h750xx.o(.text)
    BDMA_Channel1_IRQHandler                 0x0800038b   Thumb Code     0  startup_stm32h750xx.o(.text)
    BDMA_Channel2_IRQHandler                 0x0800038b   Thumb Code     0  startup_stm32h750xx.o(.text)
    BDMA_Channel3_IRQHandler                 0x0800038b   Thumb Code     0  startup_stm32h750xx.o(.text)
    BDMA_Channel4_IRQHandler                 0x0800038b   Thumb Code     0  startup_stm32h750xx.o(.text)
    BDMA_Channel5_IRQHandler                 0x0800038b   Thumb Code     0  startup_stm32h750xx.o(.text)
    BDMA_Channel6_IRQHandler                 0x0800038b   Thumb Code     0  startup_stm32h750xx.o(.text)
    BDMA_Channel7_IRQHandler                 0x0800038b   Thumb Code     0  startup_stm32h750xx.o(.text)
    CEC_IRQHandler                           0x0800038b   Thumb Code     0  startup_stm32h750xx.o(.text)
    COMP1_IRQHandler                         0x0800038b   Thumb Code     0  startup_stm32h750xx.o(.text)
    CRS_IRQHandler                           0x0800038b   Thumb Code     0  startup_stm32h750xx.o(.text)
    CRYP_IRQHandler                          0x0800038b   Thumb Code     0  startup_stm32h750xx.o(.text)
    DCMI_IRQHandler                          0x0800038b   Thumb Code     0  startup_stm32h750xx.o(.text)
    DFSDM1_FLT0_IRQHandler                   0x0800038b   Thumb Code     0  startup_stm32h750xx.o(.text)
    DFSDM1_FLT1_IRQHandler                   0x0800038b   Thumb Code     0  startup_stm32h750xx.o(.text)
    DFSDM1_FLT2_IRQHandler                   0x0800038b   Thumb Code     0  startup_stm32h750xx.o(.text)
    DFSDM1_FLT3_IRQHandler                   0x0800038b   Thumb Code     0  startup_stm32h750xx.o(.text)
    DMA1_Stream0_IRQHandler                  0x0800038b   Thumb Code     0  startup_stm32h750xx.o(.text)
    DMA1_Stream1_IRQHandler                  0x0800038b   Thumb Code     0  startup_stm32h750xx.o(.text)
    DMA1_Stream2_IRQHandler                  0x0800038b   Thumb Code     0  startup_stm32h750xx.o(.text)
    DMA1_Stream3_IRQHandler                  0x0800038b   Thumb Code     0  startup_stm32h750xx.o(.text)
    DMA1_Stream4_IRQHandler                  0x0800038b   Thumb Code     0  startup_stm32h750xx.o(.text)
    DMA1_Stream5_IRQHandler                  0x0800038b   Thumb Code     0  startup_stm32h750xx.o(.text)
    DMA1_Stream6_IRQHandler                  0x0800038b   Thumb Code     0  startup_stm32h750xx.o(.text)
    DMA1_Stream7_IRQHandler                  0x0800038b   Thumb Code     0  startup_stm32h750xx.o(.text)
    DMA2D_IRQHandler                         0x0800038b   Thumb Code     0  startup_stm32h750xx.o(.text)
    DMA2_Stream0_IRQHandler                  0x0800038b   Thumb Code     0  startup_stm32h750xx.o(.text)
    DMA2_Stream1_IRQHandler                  0x0800038b   Thumb Code     0  startup_stm32h750xx.o(.text)
    DMA2_Stream2_IRQHandler                  0x0800038b   Thumb Code     0  startup_stm32h750xx.o(.text)
    DMA2_Stream3_IRQHandler                  0x0800038b   Thumb Code     0  startup_stm32h750xx.o(.text)
    DMA2_Stream4_IRQHandler                  0x0800038b   Thumb Code     0  startup_stm32h750xx.o(.text)
    DMA2_Stream5_IRQHandler                  0x0800038b   Thumb Code     0  startup_stm32h750xx.o(.text)
    DMA2_Stream6_IRQHandler                  0x0800038b   Thumb Code     0  startup_stm32h750xx.o(.text)
    DMA2_Stream7_IRQHandler                  0x0800038b   Thumb Code     0  startup_stm32h750xx.o(.text)
    DMAMUX1_OVR_IRQHandler                   0x0800038b   Thumb Code     0  startup_stm32h750xx.o(.text)
    DMAMUX2_OVR_IRQHandler                   0x0800038b   Thumb Code     0  startup_stm32h750xx.o(.text)
    ECC_IRQHandler                           0x0800038b   Thumb Code     0  startup_stm32h750xx.o(.text)
    ETH_IRQHandler                           0x0800038b   Thumb Code     0  startup_stm32h750xx.o(.text)
    ETH_WKUP_IRQHandler                      0x0800038b   Thumb Code     0  startup_stm32h750xx.o(.text)
    EXTI0_IRQHandler                         0x0800038b   Thumb Code     0  startup_stm32h750xx.o(.text)
    EXTI15_10_IRQHandler                     0x0800038b   Thumb Code     0  startup_stm32h750xx.o(.text)
    EXTI1_IRQHandler                         0x0800038b   Thumb Code     0  startup_stm32h750xx.o(.text)
    EXTI2_IRQHandler                         0x0800038b   Thumb Code     0  startup_stm32h750xx.o(.text)
    EXTI3_IRQHandler                         0x0800038b   Thumb Code     0  startup_stm32h750xx.o(.text)
    EXTI4_IRQHandler                         0x0800038b   Thumb Code     0  startup_stm32h750xx.o(.text)
    EXTI9_5_IRQHandler                       0x0800038b   Thumb Code     0  startup_stm32h750xx.o(.text)
    FDCAN1_IT0_IRQHandler                    0x0800038b   Thumb Code     0  startup_stm32h750xx.o(.text)
    FDCAN1_IT1_IRQHandler                    0x0800038b   Thumb Code     0  startup_stm32h750xx.o(.text)
    FDCAN2_IT0_IRQHandler                    0x0800038b   Thumb Code     0  startup_stm32h750xx.o(.text)
    FDCAN2_IT1_IRQHandler                    0x0800038b   Thumb Code     0  startup_stm32h750xx.o(.text)
    FDCAN_CAL_IRQHandler                     0x0800038b   Thumb Code     0  startup_stm32h750xx.o(.text)
    FLASH_IRQHandler                         0x0800038b   Thumb Code     0  startup_stm32h750xx.o(.text)
    FMC_IRQHandler                           0x0800038b   Thumb Code     0  startup_stm32h750xx.o(.text)
    FPU_IRQHandler                           0x0800038b   Thumb Code     0  startup_stm32h750xx.o(.text)
    HASH_RNG_IRQHandler                      0x0800038b   Thumb Code     0  startup_stm32h750xx.o(.text)
    HRTIM1_FLT_IRQHandler                    0x0800038b   Thumb Code     0  startup_stm32h750xx.o(.text)
    HRTIM1_Master_IRQHandler                 0x0800038b   Thumb Code     0  startup_stm32h750xx.o(.text)
    HRTIM1_TIMA_IRQHandler                   0x0800038b   Thumb Code     0  startup_stm32h750xx.o(.text)
    HRTIM1_TIMB_IRQHandler                   0x0800038b   Thumb Code     0  startup_stm32h750xx.o(.text)
    HRTIM1_TIMC_IRQHandler                   0x0800038b   Thumb Code     0  startup_stm32h750xx.o(.text)
    HRTIM1_TIMD_IRQHandler                   0x0800038b   Thumb Code     0  startup_stm32h750xx.o(.text)
    HRTIM1_TIME_IRQHandler                   0x0800038b   Thumb Code     0  startup_stm32h750xx.o(.text)
    HSEM1_IRQHandler                         0x0800038b   Thumb Code     0  startup_stm32h750xx.o(.text)
    I2C1_ER_IRQHandler                       0x0800038b   Thumb Code     0  startup_stm32h750xx.o(.text)
    I2C1_EV_IRQHandler                       0x0800038b   Thumb Code     0  startup_stm32h750xx.o(.text)
    I2C2_ER_IRQHandler                       0x0800038b   Thumb Code     0  startup_stm32h750xx.o(.text)
    I2C2_EV_IRQHandler                       0x0800038b   Thumb Code     0  startup_stm32h750xx.o(.text)
    I2C3_ER_IRQHandler                       0x0800038b   Thumb Code     0  startup_stm32h750xx.o(.text)
    I2C3_EV_IRQHandler                       0x0800038b   Thumb Code     0  startup_stm32h750xx.o(.text)
    I2C4_ER_IRQHandler                       0x0800038b   Thumb Code     0  startup_stm32h750xx.o(.text)
    I2C4_EV_IRQHandler                       0x0800038b   Thumb Code     0  startup_stm32h750xx.o(.text)
    JPEG_IRQHandler                          0x0800038b   Thumb Code     0  startup_stm32h750xx.o(.text)
    LPTIM1_IRQHandler                        0x0800038b   Thumb Code     0  startup_stm32h750xx.o(.text)
    LPTIM2_IRQHandler                        0x0800038b   Thumb Code     0  startup_stm32h750xx.o(.text)
    LPTIM3_IRQHandler                        0x0800038b   Thumb Code     0  startup_stm32h750xx.o(.text)
    LPTIM4_IRQHandler                        0x0800038b   Thumb Code     0  startup_stm32h750xx.o(.text)
    LPTIM5_IRQHandler                        0x0800038b   Thumb Code     0  startup_stm32h750xx.o(.text)
    LPUART1_IRQHandler                       0x0800038b   Thumb Code     0  startup_stm32h750xx.o(.text)
    LTDC_ER_IRQHandler                       0x0800038b   Thumb Code     0  startup_stm32h750xx.o(.text)
    LTDC_IRQHandler                          0x0800038b   Thumb Code     0  startup_stm32h750xx.o(.text)
    MDIOS_IRQHandler                         0x0800038b   Thumb Code     0  startup_stm32h750xx.o(.text)
    MDIOS_WKUP_IRQHandler                    0x0800038b   Thumb Code     0  startup_stm32h750xx.o(.text)
    MDMA_IRQHandler                          0x0800038b   Thumb Code     0  startup_stm32h750xx.o(.text)
    OTG_FS_EP1_IN_IRQHandler                 0x0800038b   Thumb Code     0  startup_stm32h750xx.o(.text)
    OTG_FS_EP1_OUT_IRQHandler                0x0800038b   Thumb Code     0  startup_stm32h750xx.o(.text)
    OTG_FS_IRQHandler                        0x0800038b   Thumb Code     0  startup_stm32h750xx.o(.text)
    OTG_FS_WKUP_IRQHandler                   0x0800038b   Thumb Code     0  startup_stm32h750xx.o(.text)
    OTG_HS_EP1_IN_IRQHandler                 0x0800038b   Thumb Code     0  startup_stm32h750xx.o(.text)
    OTG_HS_EP1_OUT_IRQHandler                0x0800038b   Thumb Code     0  startup_stm32h750xx.o(.text)
    OTG_HS_IRQHandler                        0x0800038b   Thumb Code     0  startup_stm32h750xx.o(.text)
    OTG_HS_WKUP_IRQHandler                   0x0800038b   Thumb Code     0  startup_stm32h750xx.o(.text)
    PVD_AVD_IRQHandler                       0x0800038b   Thumb Code     0  startup_stm32h750xx.o(.text)
    QUADSPI_IRQHandler                       0x0800038b   Thumb Code     0  startup_stm32h750xx.o(.text)
    RCC_IRQHandler                           0x0800038b   Thumb Code     0  startup_stm32h750xx.o(.text)
    RTC_Alarm_IRQHandler                     0x0800038b   Thumb Code     0  startup_stm32h750xx.o(.text)
    RTC_WKUP_IRQHandler                      0x0800038b   Thumb Code     0  startup_stm32h750xx.o(.text)
    SAI1_IRQHandler                          0x0800038b   Thumb Code     0  startup_stm32h750xx.o(.text)
    SAI2_IRQHandler                          0x0800038b   Thumb Code     0  startup_stm32h750xx.o(.text)
    SAI3_IRQHandler                          0x0800038b   Thumb Code     0  startup_stm32h750xx.o(.text)
    SAI4_IRQHandler                          0x0800038b   Thumb Code     0  startup_stm32h750xx.o(.text)
    SDMMC2_IRQHandler                        0x0800038b   Thumb Code     0  startup_stm32h750xx.o(.text)
    SPDIF_RX_IRQHandler                      0x0800038b   Thumb Code     0  startup_stm32h750xx.o(.text)
    SPI1_IRQHandler                          0x0800038b   Thumb Code     0  startup_stm32h750xx.o(.text)
    SPI2_IRQHandler                          0x0800038b   Thumb Code     0  startup_stm32h750xx.o(.text)
    SPI3_IRQHandler                          0x0800038b   Thumb Code     0  startup_stm32h750xx.o(.text)
    SPI4_IRQHandler                          0x0800038b   Thumb Code     0  startup_stm32h750xx.o(.text)
    SPI5_IRQHandler                          0x0800038b   Thumb Code     0  startup_stm32h750xx.o(.text)
    SPI6_IRQHandler                          0x0800038b   Thumb Code     0  startup_stm32h750xx.o(.text)
    SWPMI1_IRQHandler                        0x0800038b   Thumb Code     0  startup_stm32h750xx.o(.text)
    TAMP_STAMP_IRQHandler                    0x0800038b   Thumb Code     0  startup_stm32h750xx.o(.text)
    TIM15_IRQHandler                         0x0800038b   Thumb Code     0  startup_stm32h750xx.o(.text)
    TIM16_IRQHandler                         0x0800038b   Thumb Code     0  startup_stm32h750xx.o(.text)
    TIM17_IRQHandler                         0x0800038b   Thumb Code     0  startup_stm32h750xx.o(.text)
    TIM1_BRK_IRQHandler                      0x0800038b   Thumb Code     0  startup_stm32h750xx.o(.text)
    TIM1_CC_IRQHandler                       0x0800038b   Thumb Code     0  startup_stm32h750xx.o(.text)
    TIM1_TRG_COM_IRQHandler                  0x0800038b   Thumb Code     0  startup_stm32h750xx.o(.text)
    TIM1_UP_IRQHandler                       0x0800038b   Thumb Code     0  startup_stm32h750xx.o(.text)
    TIM2_IRQHandler                          0x0800038b   Thumb Code     0  startup_stm32h750xx.o(.text)
    TIM3_IRQHandler                          0x0800038b   Thumb Code     0  startup_stm32h750xx.o(.text)
    TIM4_IRQHandler                          0x0800038b   Thumb Code     0  startup_stm32h750xx.o(.text)
    TIM5_IRQHandler                          0x0800038b   Thumb Code     0  startup_stm32h750xx.o(.text)
    TIM6_DAC_IRQHandler                      0x0800038b   Thumb Code     0  startup_stm32h750xx.o(.text)
    TIM7_IRQHandler                          0x0800038b   Thumb Code     0  startup_stm32h750xx.o(.text)
    TIM8_BRK_TIM12_IRQHandler                0x0800038b   Thumb Code     0  startup_stm32h750xx.o(.text)
    TIM8_CC_IRQHandler                       0x0800038b   Thumb Code     0  startup_stm32h750xx.o(.text)
    TIM8_TRG_COM_TIM14_IRQHandler            0x0800038b   Thumb Code     0  startup_stm32h750xx.o(.text)
    TIM8_UP_TIM13_IRQHandler                 0x0800038b   Thumb Code     0  startup_stm32h750xx.o(.text)
    UART4_IRQHandler                         0x0800038b   Thumb Code     0  startup_stm32h750xx.o(.text)
    UART5_IRQHandler                         0x0800038b   Thumb Code     0  startup_stm32h750xx.o(.text)
    UART7_IRQHandler                         0x0800038b   Thumb Code     0  startup_stm32h750xx.o(.text)
    UART8_IRQHandler                         0x0800038b   Thumb Code     0  startup_stm32h750xx.o(.text)
    USART3_IRQHandler                        0x0800038b   Thumb Code     0  startup_stm32h750xx.o(.text)
    USART6_IRQHandler                        0x0800038b   Thumb Code     0  startup_stm32h750xx.o(.text)
    WAKEUP_PIN_IRQHandler                    0x0800038b   Thumb Code     0  startup_stm32h750xx.o(.text)
    WWDG_IRQHandler                          0x0800038b   Thumb Code     0  startup_stm32h750xx.o(.text)
    __aeabi_uldivmod                         0x08000395   Thumb Code    98  uldiv.o(.text)
    __aeabi_memcpy                           0x080003f7   Thumb Code    36  memcpya.o(.text)
    __aeabi_memcpy4                          0x080003f7   Thumb Code     0  memcpya.o(.text)
    __aeabi_memcpy8                          0x080003f7   Thumb Code     0  memcpya.o(.text)
    __aeabi_memset                           0x0800041b   Thumb Code    14  memseta.o(.text)
    __aeabi_memset4                          0x0800041b   Thumb Code     0  memseta.o(.text)
    __aeabi_memset8                          0x0800041b   Thumb Code     0  memseta.o(.text)
    __aeabi_memclr                           0x08000429   Thumb Code     4  memseta.o(.text)
    __aeabi_memclr4                          0x08000429   Thumb Code     0  memseta.o(.text)
    __aeabi_memclr8                          0x08000429   Thumb Code     0  memseta.o(.text)
    memset                                   0x0800042d   Thumb Code    18  memseta.o(.text)
    strchr                                   0x0800043f   Thumb Code    20  strchr.o(.text)
    memcmp                                   0x08000453   Thumb Code    26  memcmp.o(.text)
    __aeabi_uidiv                            0x0800046d   Thumb Code     0  uidiv.o(.text)
    __aeabi_uidivmod                         0x0800046d   Thumb Code    44  uidiv.o(.text)
    __aeabi_llsl                             0x08000499   Thumb Code    30  llshl.o(.text)
    _ll_shift_l                              0x08000499   Thumb Code     0  llshl.o(.text)
    __aeabi_llsr                             0x080004b7   Thumb Code    32  llushr.o(.text)
    _ll_ushift_r                             0x080004b7   Thumb Code     0  llushr.o(.text)
    __I$use$fp                               0x080004d7   Thumb Code     0  iusefp.o(.text)
    __aeabi_dadd                             0x080004d7   Thumb Code   322  dadd.o(.text)
    __aeabi_dsub                             0x08000619   Thumb Code     6  dadd.o(.text)
    __aeabi_drsub                            0x0800061f   Thumb Code     6  dadd.o(.text)
    __aeabi_dmul                             0x08000625   Thumb Code   228  dmul.o(.text)
    __aeabi_ddiv                             0x08000709   Thumb Code   222  ddiv.o(.text)
    __aeabi_d2ulz                            0x080007e7   Thumb Code    48  dfixul.o(.text)
    __aeabi_cdrcmple                         0x08000819   Thumb Code    48  cdrcmple.o(.text)
    __scatterload                            0x08000849   Thumb Code    28  init.o(.text)
    __scatterload_rt2                        0x08000849   Thumb Code     0  init.o(.text)
    __aeabi_lasr                             0x0800086d   Thumb Code    36  llsshr.o(.text)
    _ll_sshift_r                             0x0800086d   Thumb Code     0  llsshr.o(.text)
    _double_round                            0x08000891   Thumb Code    30  depilogue.o(.text)
    _double_epilogue                         0x080008af   Thumb Code   156  depilogue.o(.text)
    BSP_SD_GetCardState                      0x0800094d   Thumb Code    28  sdmmc_sd.o(i.BSP_SD_GetCardState)
    BSP_SD_Init                              0x0800096d   Thumb Code    74  sdmmc_sd.o(i.BSP_SD_Init)
    BSP_SD_IsDetected                        0x080009bd   Thumb Code    12  sdmmc_sd.o(i.BSP_SD_IsDetected)
    BSP_SD_ReadBlocks                        0x080009c9   Thumb Code    38  sdmmc_sd.o(i.BSP_SD_ReadBlocks)
    BSP_SD_ReadCpltCallback                  0x080009f5   Thumb Code     2  sdmmc_sd.o(i.BSP_SD_ReadCpltCallback)
    BSP_SD_WriteBlocks                       0x080009f9   Thumb Code    38  sdmmc_sd.o(i.BSP_SD_WriteBlocks)
    BSP_SD_WriteCpltCallback                 0x08000a25   Thumb Code     2  sdmmc_sd.o(i.BSP_SD_WriteCpltCallback)
    BusFault_Handler                         0x08000a27   Thumb Code     2  stm32h7xx_it.o(i.BusFault_Handler)
    DebugMon_Handler                         0x08000a29   Thumb Code     2  stm32h7xx_it.o(i.DebugMon_Handler)
    Error_Handler                            0x08000a2b   Thumb Code     4  main.o(i.Error_Handler)
    FMC_SDRAM_Init                           0x08000a2f   Thumb Code   106  stm32h7xx_ll_fmc.o(i.FMC_SDRAM_Init)
    FMC_SDRAM_ProgramRefreshRate             0x08000a99   Thumb Code    18  stm32h7xx_ll_fmc.o(i.FMC_SDRAM_ProgramRefreshRate)
    FMC_SDRAM_SendCommand                    0x08000aab   Thumb Code    38  stm32h7xx_ll_fmc.o(i.FMC_SDRAM_SendCommand)
    FMC_SDRAM_Timing_Init                    0x08000ad1   Thumb Code   164  stm32h7xx_ll_fmc.o(i.FMC_SDRAM_Timing_Init)
    FreeRTOS_Start                           0x08000b81   Thumb Code   194  rtos_task.o(i.FreeRTOS_Start)
    HAL_DMA_Abort                            0x08000cd5   Thumb Code   836  stm32h7xx_hal_dma.o(i.HAL_DMA_Abort)
    HAL_DMA_Abort_IT                         0x08001035   Thumb Code   602  stm32h7xx_hal_dma.o(i.HAL_DMA_Abort_IT)
    HAL_Delay                                0x080012b9   Thumb Code    32  stm32h7xx_hal.o(i.HAL_Delay)
    HAL_GPIO_Init                            0x080013ed   Thumb Code   506  stm32h7xx_hal_gpio.o(i.HAL_GPIO_Init)
    HAL_GPIO_TogglePin                       0x08001619   Thumb Code    16  stm32h7xx_hal_gpio.o(i.HAL_GPIO_TogglePin)
    HAL_GPIO_WritePin                        0x08001629   Thumb Code    10  stm32h7xx_hal_gpio.o(i.HAL_GPIO_WritePin)
    HAL_GetREVID                             0x08001635   Thumb Code     8  stm32h7xx_hal.o(i.HAL_GetREVID)
    HAL_GetTick                              0x08001641   Thumb Code     6  stm32h7xx_hal.o(i.HAL_GetTick)
    HAL_IncTick                              0x0800164d   Thumb Code    12  stm32h7xx_hal.o(i.HAL_IncTick)
    HAL_Init                                 0x0800165d   Thumb Code    74  stm32h7xx_hal.o(i.HAL_Init)
    HAL_InitTick                             0x080016b9   Thumb Code    56  stm32h7xx_hal.o(i.HAL_InitTick)
    HAL_MspInit                              0x080016f9   Thumb Code    22  stm32h7xx_hal_msp.o(i.HAL_MspInit)
    HAL_NVIC_EnableIRQ                       0x08001715   Thumb Code    26  stm32h7xx_hal_cortex.o(i.HAL_NVIC_EnableIRQ)
    HAL_NVIC_SetPriority                     0x08001731   Thumb Code    60  stm32h7xx_hal_cortex.o(i.HAL_NVIC_SetPriority)
    HAL_NVIC_SetPriorityGrouping             0x08001771   Thumb Code    28  stm32h7xx_hal_cortex.o(i.HAL_NVIC_SetPriorityGrouping)
    HAL_PWREx_ConfigSupply                   0x08001795   Thumb Code    78  stm32h7xx_hal_pwr_ex.o(i.HAL_PWREx_ConfigSupply)
    HAL_RCCEx_GetD3PCLK1Freq                 0x080017e9   Thumb Code    26  stm32h7xx_hal_rcc_ex.o(i.HAL_RCCEx_GetD3PCLK1Freq)
    HAL_RCCEx_GetPLL1ClockFreq               0x0800180d   Thumb Code   298  stm32h7xx_hal_rcc_ex.o(i.HAL_RCCEx_GetPLL1ClockFreq)
    HAL_RCCEx_GetPLL2ClockFreq               0x08001955   Thumb Code   296  stm32h7xx_hal_rcc_ex.o(i.HAL_RCCEx_GetPLL2ClockFreq)
    HAL_RCCEx_GetPLL3ClockFreq               0x08001a99   Thumb Code   296  stm32h7xx_hal_rcc_ex.o(i.HAL_RCCEx_GetPLL3ClockFreq)
    HAL_RCCEx_GetPeriphCLKFreq               0x08001bdd   Thumb Code   596  stm32h7xx_hal_rcc_ex.o(i.HAL_RCCEx_GetPeriphCLKFreq)
    HAL_RCCEx_PeriphCLKConfig                0x08001e49   Thumb Code  2258  stm32h7xx_hal_rcc_ex.o(i.HAL_RCCEx_PeriphCLKConfig)
    HAL_RCC_ClockConfig                      0x0800271d   Thumb Code   580  stm32h7xx_hal_rcc.o(i.HAL_RCC_ClockConfig)
    HAL_RCC_GetHCLKFreq                      0x08002979   Thumb Code    52  stm32h7xx_hal_rcc.o(i.HAL_RCC_GetHCLKFreq)
    HAL_RCC_GetPCLK1Freq                     0x080029bd   Thumb Code    26  stm32h7xx_hal_rcc.o(i.HAL_RCC_GetPCLK1Freq)
    HAL_RCC_GetPCLK2Freq                     0x080029e1   Thumb Code    26  stm32h7xx_hal_rcc.o(i.HAL_RCC_GetPCLK2Freq)
    HAL_RCC_GetSysClockFreq                  0x08002a05   Thumb Code   278  stm32h7xx_hal_rcc.o(i.HAL_RCC_GetSysClockFreq)
    HAL_RCC_OscConfig                        0x08002b3d   Thumb Code  1322  stm32h7xx_hal_rcc.o(i.HAL_RCC_OscConfig)
    HAL_SDEx_Read_DMADoubleBuf0CpltCallback  0x0800306d   Thumb Code     2  stm32h7xx_hal_sd.o(i.HAL_SDEx_Read_DMADoubleBuf0CpltCallback)
    HAL_SDEx_Read_DMADoubleBuf1CpltCallback  0x0800306f   Thumb Code     2  stm32h7xx_hal_sd.o(i.HAL_SDEx_Read_DMADoubleBuf1CpltCallback)
    HAL_SDEx_Write_DMADoubleBuf0CpltCallback 0x08003071   Thumb Code     2  stm32h7xx_hal_sd.o(i.HAL_SDEx_Write_DMADoubleBuf0CpltCallback)
    HAL_SDEx_Write_DMADoubleBuf1CpltCallback 0x08003073   Thumb Code     2  stm32h7xx_hal_sd.o(i.HAL_SDEx_Write_DMADoubleBuf1CpltCallback)
    HAL_SDRAM_Init                           0x08003075   Thumb Code    76  stm32h7xx_hal_sdram.o(i.HAL_SDRAM_Init)
    HAL_SDRAM_MspInit                        0x080030c5   Thumb Code     4  sdram.o(i.HAL_SDRAM_MspInit)
    HAL_SDRAM_ProgramRefreshRate             0x080030c9   Thumb Code    46  stm32h7xx_hal_sdram.o(i.HAL_SDRAM_ProgramRefreshRate)
    HAL_SDRAM_SendCommand                    0x080030f9   Thumb Code    60  stm32h7xx_hal_sdram.o(i.HAL_SDRAM_SendCommand)
    HAL_SD_ConfigSpeedBusOperation           0x08003135   Thumb Code   176  stm32h7xx_hal_sd.o(i.HAL_SD_ConfigSpeedBusOperation)
    HAL_SD_ConfigWideBusOperation            0x080031e9   Thumb Code   378  stm32h7xx_hal_sd.o(i.HAL_SD_ConfigWideBusOperation)
    HAL_SD_ErrorCallback                     0x08003371   Thumb Code     2  stm32h7xx_hal_sd.o(i.HAL_SD_ErrorCallback)
    HAL_SD_GetCardCSD                        0x08003375   Thumb Code   440  stm32h7xx_hal_sd.o(i.HAL_SD_GetCardCSD)
    HAL_SD_GetCardState                      0x08003531   Thumb Code    44  stm32h7xx_hal_sd.o(i.HAL_SD_GetCardState)
    HAL_SD_GetCardStatus                     0x0800355d   Thumb Code   200  stm32h7xx_hal_sd.o(i.HAL_SD_GetCardStatus)
    HAL_SD_IRQHandler                        0x08003629   Thumb Code   570  stm32h7xx_hal_sd.o(i.HAL_SD_IRQHandler)
    HAL_SD_Init                              0x08003869   Thumb Code   154  stm32h7xx_hal_sd.o(i.HAL_SD_Init)
    HAL_SD_InitCard                          0x08003905   Thumb Code   150  stm32h7xx_hal_sd.o(i.HAL_SD_InitCard)
    HAL_SD_MspInit                           0x080039a9   Thumb Code     2  stm32h7xx_hal_sd.o(i.HAL_SD_MspInit)
    HAL_SD_ReadBlocks                        0x080039ad   Thumb Code   444  stm32h7xx_hal_sd.o(i.HAL_SD_ReadBlocks)
    HAL_SD_RxCpltCallback                    0x08003b71   Thumb Code    20  sdmmc_sd.o(i.HAL_SD_RxCpltCallback)
    HAL_SD_TxCpltCallback                    0x08003b89   Thumb Code    20  sdmmc_sd.o(i.HAL_SD_TxCpltCallback)
    HAL_SD_WriteBlocks                       0x08003ba1   Thumb Code   466  stm32h7xx_hal_sd.o(i.HAL_SD_WriteBlocks)
    HAL_SPI_Init                             0x08003d7d   Thumb Code   330  stm32h7xx_hal_spi.o(i.HAL_SPI_Init)
    HAL_SPI_MspInit                          0x08003ed5   Thumb Code   220  lcd_spi_169.o(i.HAL_SPI_MspInit)
    HAL_SPI_Transmit                         0x08003fc5   Thumb Code   568  stm32h7xx_hal_spi.o(i.HAL_SPI_Transmit)
    HAL_SYSTICK_Config                       0x080041fd   Thumb Code    38  stm32h7xx_hal_cortex.o(i.HAL_SYSTICK_Config)
    HAL_UARTEx_DisableFifoMode               0x08004223   Thumb Code    64  stm32h7xx_hal_uart_ex.o(i.HAL_UARTEx_DisableFifoMode)
    HAL_UARTEx_RxEventCallback               0x08004263   Thumb Code     2  stm32h7xx_hal_uart.o(i.HAL_UARTEx_RxEventCallback)
    HAL_UARTEx_RxFifoFullCallback            0x08004265   Thumb Code     2  stm32h7xx_hal_uart_ex.o(i.HAL_UARTEx_RxFifoFullCallback)
    HAL_UARTEx_SetRxFifoThreshold            0x08004267   Thumb Code    76  stm32h7xx_hal_uart_ex.o(i.HAL_UARTEx_SetRxFifoThreshold)
    HAL_UARTEx_SetTxFifoThreshold            0x080042b3   Thumb Code    76  stm32h7xx_hal_uart_ex.o(i.HAL_UARTEx_SetTxFifoThreshold)
    HAL_UARTEx_TxFifoEmptyCallback           0x080042ff   Thumb Code     2  stm32h7xx_hal_uart_ex.o(i.HAL_UARTEx_TxFifoEmptyCallback)
    HAL_UARTEx_WakeupCallback                0x08004301   Thumb Code     2  stm32h7xx_hal_uart_ex.o(i.HAL_UARTEx_WakeupCallback)
    HAL_UART_ErrorCallback                   0x08004303   Thumb Code     2  stm32h7xx_hal_uart.o(i.HAL_UART_ErrorCallback)
    HAL_UART_IRQHandler                      0x08004305   Thumb Code   838  stm32h7xx_hal_uart.o(i.HAL_UART_IRQHandler)
    HAL_UART_Init                            0x08004665   Thumb Code   106  stm32h7xx_hal_uart.o(i.HAL_UART_Init)
    HAL_UART_MspInit                         0x080046d1   Thumb Code   120  usart.o(i.HAL_UART_MspInit)
    HAL_UART_Receive                         0x08004755   Thumb Code   254  stm32h7xx_hal_uart.o(i.HAL_UART_Receive)
    HAL_UART_Receive_IT                      0x08004855   Thumb Code    80  stm32h7xx_hal_uart.o(i.HAL_UART_Receive_IT)
    HAL_UART_RxCpltCallback                  0x080048a9   Thumb Code    92  rtos_task.o(i.HAL_UART_RxCpltCallback)
    HAL_UART_Transmit                        0x08004931   Thumb Code   190  stm32h7xx_hal_uart.o(i.HAL_UART_Transmit)
    HAL_UART_TxCpltCallback                  0x080049ef   Thumb Code     2  stm32h7xx_hal_uart.o(i.HAL_UART_TxCpltCallback)
    HAL_USART2_MspInit                       0x080049f1   Thumb Code   130  usart2.o(i.HAL_USART2_MspInit)
    HardFault_Handler                        0x08004a81   Thumb Code     2  stm32h7xx_it.o(i.HardFault_Handler)
    LCD_Clear                                0x08004a85   Thumb Code    78  lcd_spi_169.o(i.LCD_Clear)
    LCD_DisplayChar                          0x08004add   Thumb Code   166  lcd_spi_169.o(i.LCD_DisplayChar)
    LCD_DisplayNumber                        0x08004b91   Thumb Code    42  lcd_spi_169.o(i.LCD_DisplayNumber)
    LCD_DisplayString                        0x08004bcd   Thumb Code    50  lcd_spi_169.o(i.LCD_DisplayString)
    LCD_SPI_CloseTransfer                    0x08004c09   Thumb Code   188  lcd_spi_169.o(i.LCD_SPI_CloseTransfer)
    LCD_SPI_Transmit                         0x08004cc5   Thumb Code   344  lcd_spi_169.o(i.LCD_SPI_Transmit)
    LCD_SPI_WaitOnFlagUntilTimeout           0x08004e1d   Thumb Code    66  lcd_spi_169.o(i.LCD_SPI_WaitOnFlagUntilTimeout)
    LCD_SetAddress                           0x08004e61   Thumb Code    78  lcd_spi_169.o(i.LCD_SetAddress)
    LCD_SetBackColor                         0x08004eb5   Thumb Code    30  lcd_spi_169.o(i.LCD_SetBackColor)
    LCD_SetColor                             0x08004ed9   Thumb Code    30  lcd_spi_169.o(i.LCD_SetColor)
    LCD_SetDirection                         0x08004efd   Thumb Code   106  lcd_spi_169.o(i.LCD_SetDirection)
    LCD_WriteBuff                            0x08004f6d   Thumb Code    56  lcd_spi_169.o(i.LCD_WriteBuff)
    LCD_WriteCommand                         0x08004fad   Thumb Code    30  lcd_spi_169.o(i.LCD_WriteCommand)
    LCD_WriteData_16bit                      0x08004fd5   Thumb Code    52  lcd_spi_169.o(i.LCD_WriteData_16bit)
    LCD_WriteData_8bit                       0x08005011   Thumb Code    28  lcd_spi_169.o(i.LCD_WriteData_8bit)
    LED_Init                                 0x08005035   Thumb Code    70  led.o(i.LED_Init)
    MX_FMC_Init                              0x08005085   Thumb Code   104  sdram.o(i.MX_FMC_Init)
    MX_SDMMC1_SD_Init                        0x080050f5   Thumb Code    38  sdmmc_sd.o(i.MX_SDMMC1_SD_Init)
    MX_SPI5_Init                             0x08005121   Thumb Code    72  lcd_spi_169.o(i.MX_SPI5_Init)
    MX_USART2_UART_Init                      0x08005171   Thumb Code   100  usart2.o(i.MX_USART2_UART_Init)
    MemManage_Handler                        0x080051dd   Thumb Code     2  stm32h7xx_it.o(i.MemManage_Handler)
    NMI_Handler                              0x080051df   Thumb Code     2  stm32h7xx_it.o(i.NMI_Handler)
    SDMMC1_IRQHandler                        0x08005421   Thumb Code     6  stm32h7xx_it.o(i.SDMMC1_IRQHandler)
    SDMMC_CmdAppCommand                      0x08005427   Thumb Code    52  stm32h7xx_ll_sdmmc.o(i.SDMMC_CmdAppCommand)
    SDMMC_CmdAppOperCommand                  0x0800545b   Thumb Code    46  stm32h7xx_ll_sdmmc.o(i.SDMMC_CmdAppOperCommand)
    SDMMC_CmdBlockLength                     0x08005489   Thumb Code    50  stm32h7xx_ll_sdmmc.o(i.SDMMC_CmdBlockLength)
    SDMMC_CmdBusWidth                        0x080054bb   Thumb Code    52  stm32h7xx_ll_sdmmc.o(i.SDMMC_CmdBusWidth)
    SDMMC_CmdGoIdleState                     0x080054f1   Thumb Code    74  stm32h7xx_ll_sdmmc.o(i.SDMMC_CmdGoIdleState)
    SDMMC_CmdOperCond                        0x08005545   Thumb Code    40  stm32h7xx_ll_sdmmc.o(i.SDMMC_CmdOperCond)
    SDMMC_CmdReadMultiBlock                  0x0800556d   Thumb Code    52  stm32h7xx_ll_sdmmc.o(i.SDMMC_CmdReadMultiBlock)
    SDMMC_CmdReadSingleBlock                 0x080055a1   Thumb Code    52  stm32h7xx_ll_sdmmc.o(i.SDMMC_CmdReadSingleBlock)
    SDMMC_CmdSelDesel                        0x080055d5   Thumb Code    52  stm32h7xx_ll_sdmmc.o(i.SDMMC_CmdSelDesel)
    SDMMC_CmdSendCID                         0x08005609   Thumb Code    44  stm32h7xx_ll_sdmmc.o(i.SDMMC_CmdSendCID)
    SDMMC_CmdSendCSD                         0x08005635   Thumb Code    48  stm32h7xx_ll_sdmmc.o(i.SDMMC_CmdSendCSD)
    SDMMC_CmdSendSCR                         0x08005665   Thumb Code    50  stm32h7xx_ll_sdmmc.o(i.SDMMC_CmdSendSCR)
    SDMMC_CmdSendStatus                      0x08005697   Thumb Code    52  stm32h7xx_ll_sdmmc.o(i.SDMMC_CmdSendStatus)
    SDMMC_CmdSetRelAdd                       0x080056cb   Thumb Code    50  stm32h7xx_ll_sdmmc.o(i.SDMMC_CmdSetRelAdd)
    SDMMC_CmdStatusRegister                  0x080056fd   Thumb Code    50  stm32h7xx_ll_sdmmc.o(i.SDMMC_CmdStatusRegister)
    SDMMC_CmdStopTransfer                    0x08005731   Thumb Code    78  stm32h7xx_ll_sdmmc.o(i.SDMMC_CmdStopTransfer)
    SDMMC_CmdSwitch                          0x08005785   Thumb Code    52  stm32h7xx_ll_sdmmc.o(i.SDMMC_CmdSwitch)
    SDMMC_CmdWriteMultiBlock                 0x080057b9   Thumb Code    52  stm32h7xx_ll_sdmmc.o(i.SDMMC_CmdWriteMultiBlock)
    SDMMC_CmdWriteSingleBlock                0x080057ed   Thumb Code    52  stm32h7xx_ll_sdmmc.o(i.SDMMC_CmdWriteSingleBlock)
    SDMMC_ConfigData                         0x08005821   Thumb Code    38  stm32h7xx_ll_sdmmc.o(i.SDMMC_ConfigData)
    SDMMC_GetCmdResp1                        0x08005849   Thumb Code   280  stm32h7xx_ll_sdmmc.o(i.SDMMC_GetCmdResp1)
    SDMMC_GetCmdResp2                        0x0800596d   Thumb Code    76  stm32h7xx_ll_sdmmc.o(i.SDMMC_GetCmdResp2)
    SDMMC_GetCmdResp3                        0x080059c1   Thumb Code    62  stm32h7xx_ll_sdmmc.o(i.SDMMC_GetCmdResp3)
    SDMMC_GetCmdResp6                        0x08005a09   Thumb Code   130  stm32h7xx_ll_sdmmc.o(i.SDMMC_GetCmdResp6)
    SDMMC_GetCmdResp7                        0x08005a95   Thumb Code    82  stm32h7xx_ll_sdmmc.o(i.SDMMC_GetCmdResp7)
    SDMMC_GetPowerState                      0x08005aed   Thumb Code     8  stm32h7xx_ll_sdmmc.o(i.SDMMC_GetPowerState)
    SDMMC_GetResponse                        0x08005af5   Thumb Code     6  stm32h7xx_ll_sdmmc.o(i.SDMMC_GetResponse)
    SDMMC_Init                               0x08005afd   Thumb Code    28  stm32h7xx_ll_sdmmc.o(i.SDMMC_Init)
    SDMMC_PowerState_ON                      0x08005b1d   Thumb Code    12  stm32h7xx_ll_sdmmc.o(i.SDMMC_PowerState_ON)
    SDMMC_ReadFIFO                           0x08005b29   Thumb Code     6  stm32h7xx_ll_sdmmc.o(i.SDMMC_ReadFIFO)
    SDMMC_SendCommand                        0x08005b31   Thumb Code    34  stm32h7xx_ll_sdmmc.o(i.SDMMC_SendCommand)
    SDMMC_WriteFIFO                          0x08005b59   Thumb Code    10  stm32h7xx_ll_sdmmc.o(i.SDMMC_WriteFIFO)
    SDRAM_Initialization_Sequence            0x08005b63   Thumb Code   122  sdram.o(i.SDRAM_Initialization_Sequence)
    SPI_LCD_Init                             0x0800619d   Thumb Code   428  lcd_spi_169.o(i.SPI_LCD_Init)
    SysTick_Handler                          0x0800639b   Thumb Code    24  stm32h7xx_it.o(i.SysTick_Handler)
    SystemClock_Config                       0x080063b5   Thumb Code   256  main.o(i.SystemClock_Config)
    SystemInit                               0x080064c1   Thumb Code   180  system_stm32h7xx.o(i.SystemInit)
    UART_AdvFeatureConfig                    0x080065e1   Thumb Code   200  stm32h7xx_hal_uart.o(i.UART_AdvFeatureConfig)
    UART_CheckIdleState                      0x080066a9   Thumb Code    96  stm32h7xx_hal_uart.o(i.UART_CheckIdleState)
    UART_SetConfig                           0x08006ba1   Thumb Code   876  stm32h7xx_hal_uart.o(i.UART_SetConfig)
    UART_Start_Receive_IT                    0x08006f4d   Thumb Code   262  stm32h7xx_hal_uart.o(i.UART_Start_Receive_IT)
    UART_WaitOnFlagUntilTimeout              0x08007065   Thumb Code   202  stm32h7xx_hal_uart.o(i.UART_WaitOnFlagUntilTimeout)
    USART1_IRQHandler                        0x08007131   Thumb Code     6  stm32h7xx_it.o(i.USART1_IRQHandler)
    USART1_Init                              0x0800713d   Thumb Code    66  usart.o(i.USART1_Init)
    USART2_IRQHandler                        0x08007189   Thumb Code     6  stm32h7xx_it.o(i.USART2_IRQHandler)
    UsageFault_Handler                       0x08007195   Thumb Code     2  stm32h7xx_it.o(i.UsageFault_Handler)
    __0printf                                0x08007199   Thumb Code    22  printfa.o(i.__0printf)
    __1printf                                0x08007199   Thumb Code     0  printfa.o(i.__0printf)
    __2printf                                0x08007199   Thumb Code     0  printfa.o(i.__0printf)
    __c89printf                              0x08007199   Thumb Code     0  printfa.o(i.__0printf)
    printf                                   0x08007199   Thumb Code     0  printfa.o(i.__0printf)
    __0sprintf                               0x080071b9   Thumb Code    34  printfa.o(i.__0sprintf)
    __1sprintf                               0x080071b9   Thumb Code     0  printfa.o(i.__0sprintf)
    __2sprintf                               0x080071b9   Thumb Code     0  printfa.o(i.__0sprintf)
    __c89sprintf                             0x080071b9   Thumb Code     0  printfa.o(i.__0sprintf)
    sprintf                                  0x080071b9   Thumb Code     0  printfa.o(i.__0sprintf)
    __scatterload_copy                       0x08007203   Thumb Code    14  handlers.o(i.__scatterload_copy)
    __scatterload_null                       0x08007211   Thumb Code     2  handlers.o(i.__scatterload_null)
    __scatterload_zeroinit                   0x08007213   Thumb Code    14  handlers.o(i.__scatterload_zeroinit)
    ble_Task_TaskCode                        0x08007add   Thumb Code    38  rtos_task.o(i.ble_Task_TaskCode)
    device_testing_TaskCode                  0x08007f2d   Thumb Code    40  rtos_task.o(i.device_testing_TaskCode)
    disk_initialize                          0x0800814d   Thumb Code    40  diskio.o(i.disk_initialize)
    disk_ioctl                               0x080081a5   Thumb Code    10  diskio.o(i.disk_ioctl)
    disk_read                                0x080081af   Thumb Code    16  diskio.o(i.disk_read)
    disk_status                              0x080081bf   Thumb Code    16  diskio.o(i.disk_status)
    disk_write                               0x080081cf   Thumb Code    16  diskio.o(i.disk_write)
    f_close                                  0x080081df   Thumb Code    30  ff.o(i.f_close)
    f_mkfs                                   0x080081fd   Thumb Code  1396  ff.o(i.f_mkfs)
    f_mount                                  0x08008775   Thumb Code    72  ff.o(i.f_mount)
    f_open                                   0x080087c1   Thumb Code   430  ff.o(i.f_open)
    f_read                                   0x08008975   Thumb Code   326  ff.o(i.f_read)
    f_sync                                   0x08008abd   Thumb Code   138  ff.o(i.f_sync)
    f_write                                  0x08008b4d   Thumb Code   384  ff.o(i.f_write)
    fatfs_test                               0x08008ccd   Thumb Code   318  rtos_task.o(i.fatfs_test)
    fputc                                    0x08009155   Thumb Code    18  usart.o(i.fputc)
    lcd_TaskCode                             0x08009267   Thumb Code    28  rtos_task.o(i.lcd_TaskCode)
    led_TaskCode                             0x080092c9   Thumb Code    22  rtos_task.o(i.led_TaskCode)
    main                                     0x080092e5   Thumb Code   136  main.o(i.main)
    pvPortMalloc                             0x0800a009   Thumb Code   304  heap_4.o(i.pvPortMalloc)
    pvTaskIncrementMutexHeldCount            0x0800a185   Thumb Code    16  tasks.o(i.pvTaskIncrementMutexHeldCount)
    pxPortInitialiseStack                    0x0800a199   Thumb Code    42  port.o(i.pxPortInitialiseStack)
    recv_usart_TaskCode                      0x0800a1c9   Thumb Code    66  rtos_task.o(i.recv_usart_TaskCode)
    sdram_test                               0x0800a2b9   Thumb Code   272  rtos_task.o(i.sdram_test)
    sys_init                                 0x0800a62d   Thumb Code    54  rtos_task.o(i.sys_init)
    usart_TaskCode                           0x0800a699   Thumb Code    50  rtos_task.o(i.usart_TaskCode)
    uxListRemove                             0x0800a6e1   Thumb Code    36  list.o(i.uxListRemove)
    uxTaskGetNumberOfTasks                   0x0800a705   Thumb Code     6  tasks.o(i.uxTaskGetNumberOfTasks)
    vListInitialise                          0x0800a711   Thumb Code    22  list.o(i.vListInitialise)
    vListInitialiseItem                      0x0800a727   Thumb Code     6  list.o(i.vListInitialiseItem)
    vListInsert                              0x0800a72d   Thumb Code    48  list.o(i.vListInsert)
    vPortEnterCritical                       0x0800a75d   Thumb Code    54  port.o(i.vPortEnterCritical)
    vPortExitCritical                        0x0800a7e5   Thumb Code    34  port.o(i.vPortExitCritical)
    vPortFree                                0x0800a855   Thumb Code   122  heap_4.o(i.vPortFree)
    vPortSetupTimerInterrupt                 0x0800a91d   Thumb Code    32  port.o(i.vPortSetupTimerInterrupt)
    vQueueAddToRegistry                      0x0800a941   Thumb Code    74  queue.o(i.vQueueAddToRegistry)
    vQueueWaitForMessageRestricted           0x0800a9bd   Thumb Code    68  queue.o(i.vQueueWaitForMessageRestricted)
    vTaskDelay                               0x0800aa01   Thumb Code    64  tasks.o(i.vTaskDelay)
    vTaskInternalSetTimeOutState             0x0800aa75   Thumb Code    12  tasks.o(i.vTaskInternalSetTimeOutState)
    vTaskMissedYield                         0x0800aa85   Thumb Code     8  tasks.o(i.vTaskMissedYield)
    vTaskPlaceOnEventList                    0x0800aa91   Thumb Code    44  tasks.o(i.vTaskPlaceOnEventList)
    vTaskPlaceOnEventListRestricted          0x0800aaed   Thumb Code    78  tasks.o(i.vTaskPlaceOnEventListRestricted)
    vTaskPriorityDisinheritAfterTimeout      0x0800ab6d   Thumb Code   190  tasks.o(i.vTaskPriorityDisinheritAfterTimeout)
    vTaskStartScheduler                      0x0800ac61   Thumb Code   120  tasks.o(i.vTaskStartScheduler)
    vTaskSuspendAll                          0x0800ad15   Thumb Code    10  tasks.o(i.vTaskSuspendAll)
    vTaskSwitchContext                       0x0800ad25   Thumb Code    86  tasks.o(i.vTaskSwitchContext)
    xPortStartScheduler                      0x0800ade5   Thumb Code   174  port.o(i.xPortStartScheduler)
    xPortSysTickHandler                      0x0800aeed   Thumb Code    42  port.o(i.xPortSysTickHandler)
    xQueueCreateMutex                        0x0800af1d   Thumb Code    36  queue.o(i.xQueueCreateMutex)
    xQueueGenericCreate                      0x0800af41   Thumb Code    98  queue.o(i.xQueueGenericCreate)
    xQueueGenericReset                       0x0800afd1   Thumb Code   178  queue.o(i.xQueueGenericReset)
    xQueueGenericSend                        0x0800b0b5   Thumb Code   356  queue.o(i.xQueueGenericSend)
    xQueueReceive                            0x0800b249   Thumb Code   296  queue.o(i.xQueueReceive)
    xQueueSemaphoreTake                      0x0800b3a1   Thumb Code   348  queue.o(i.xQueueSemaphoreTake)
    xTaskCheckForTimeOut                     0x0800b52d   Thumb Code   104  tasks.o(i.xTaskCheckForTimeOut)
    xTaskCreate                              0x0800b5c5   Thumb Code    92  tasks.o(i.xTaskCreate)
    xTaskGetSchedulerState                   0x0800b621   Thumb Code    22  tasks.o(i.xTaskGetSchedulerState)
    xTaskGetTickCount                        0x0800b63d   Thumb Code     6  tasks.o(i.xTaskGetTickCount)
    xTaskIncrementTick                       0x0800b649   Thumb Code   296  tasks.o(i.xTaskIncrementTick)
    xTaskPriorityDisinherit                  0x0800b7a5   Thumb Code   170  tasks.o(i.xTaskPriorityDisinherit)
    xTaskPriorityInherit                     0x0800b885   Thumb Code   174  tasks.o(i.xTaskPriorityInherit)
    xTaskRemoveFromEventList                 0x0800b93d   Thumb Code   208  tasks.o(i.xTaskRemoveFromEventList)
    xTaskResumeAll                           0x0800ba45   Thumb Code   312  tasks.o(i.xTaskResumeAll)
    xTimerCreateTimerTask                    0x0800bbb9   Thumb Code    58  timers.o(i.xTimerCreateTimerTask)
    ASCII_2412_Table                         0x0800bc34   Data        4560  lcd_fonts.o(.constdata)
    UARTPrescTable                           0x0800ce04   Data          24  stm32h7xx_hal_uart.o(.constdata)
    D1CorePrescTable                         0x0800ce2c   Data          16  system_stm32h7xx.o(.constdata)
    Region$$Table$$Base                      0x0800ceb0   Number         0  anon$$obj.o(Region$$Table)
    Region$$Table$$Limit                     0x0800ced0   Number         0  anon$$obj.o(Region$$Table)
    ASCII_Font24                             0x20000000   Data          12  lcd_fonts.o(.data)
    recv_uart_buf                            0x20000014   Data           1  rtos_task.o(.data)
    recv_uart2_buf                           0x20000015   Data           1  rtos_task.o(.data)
    MyFile_Res                               0x20000016   Data           1  rtos_task.o(.data)
    BufferSize                               0x20000018   Data           2  rtos_task.o(.data)
    ledHandle                                0x2000001c   Data           4  rtos_task.o(.data)
    usartHandle                              0x20000020   Data           4  rtos_task.o(.data)
    lcdtHandle                               0x20000024   Data           4  rtos_task.o(.data)
    device_testingramtHandle                 0x20000028   Data           4  rtos_task.o(.data)
    bleHandle                                0x2000002c   Data           4  rtos_task.o(.data)
    recv_uart2_len                           0x20000030   Data           4  rtos_task.o(.data)
    MyFile_WriteBuffer                       0x20000034   Data           4  rtos_task.o(.data)
    SD_Status                                0x20000038   Data           4  rtos_task.o(.data)
    MyFile_Num                               0x2000003c   Data           4  rtos_task.o(.data)
    usart_Semaphore                          0x20000040   Data           4  rtos_task.o(.data)
    uwTickFreq                               0x20000044   Data           1  stm32h7xx_hal.o(.data)
    uwTickPrio                               0x20000048   Data           4  stm32h7xx_hal.o(.data)
    uwTick                                   0x2000004c   Data           4  stm32h7xx_hal.o(.data)
    SystemCoreClock                          0x20000050   Data           4  system_stm32h7xx.o(.data)
    SystemD2Clock                            0x20000054   Data           4  system_stm32h7xx.o(.data)
    pxCurrentTCB                             0x2000006c   Data           4  tasks.o(.data)
    __stdout                                 0x200000dc   Data           4  stdout.o(.data)
    huart1                                   0x200000e0   Data         144  usart.o(.bss)
    hsd_sdmmc                                0x20000170   Data         124  sdmmc_sd.o(.bss)
    hsdram1                                  0x200001ec   Data          52  sdram.o(.bss)
    command                                  0x20000220   Data          16  sdram.o(.bss)
    hspi5                                    0x20000230   Data         136  lcd_spi_169.o(.bss)
    LCD_Buff                                 0x200002b8   Data        2048  lcd_spi_169.o(.bss)
    LCD                                      0x20000ab8   Data          16  lcd_spi_169.o(.bss)
    Returned                                 0x20000ac8   Data          40  rtos_task.o(.bss)
    SD_WriteBuffer                           0x20000af0   Data       32768  rtos_task.o(.bss)
    SD_ReadBuffer                            0x20008af0   Data       32768  rtos_task.o(.bss)
    recv_uart2                               0x20010af0   Data         200  rtos_task.o(.bss)
    SD_FatFs                                 0x20010bb8   Data         560  rtos_task.o(.bss)
    MyFile                                   0x20010de8   Data         552  rtos_task.o(.bss)
    MyFile_ReadBuffer                        0x20011010   Data         512  rtos_task.o(.bss)
    huart2                                   0x20011210   Data         144  usart2.o(.bss)
    xQueueRegistry                           0x200115ac   Data          64  queue.o(.bss)
    __initial_sp                             0x200199f0   Data           0  startup_stm32h750xx.o(STACK)



==============================================================================

Memory Map of the image

  Image Entry point : 0x08000299

  Load Region LR_IROM1 (Base: 0x08000000, Size: 0x0000cfb0, Max: 0x00020000, ABSOLUTE)

    Execution Region ER_IROM1 (Exec base: 0x08000000, Load base: 0x08000000, Size: 0x0000ced0, Max: 0x00020000, ABSOLUTE)

    Exec Addr    Load Addr    Size         Type   Attr      Idx    E Section Name        Object

    0x08000000   0x08000000   0x00000298   Data   RO            3    RESET               startup_stm32h750xx.o
    0x08000298   0x08000298   0x00000000   Code   RO         8261  * .ARM.Collect$$$$00000000  mc_w.l(entry.o)
    0x08000298   0x08000298   0x00000004   Code   RO         8543    .ARM.Collect$$$$00000001  mc_w.l(entry2.o)
    0x0800029c   0x0800029c   0x00000004   Code   RO         8546    .ARM.Collect$$$$00000004  mc_w.l(entry5.o)
    0x080002a0   0x080002a0   0x00000000   Code   RO         8548    .ARM.Collect$$$$00000008  mc_w.l(entry7b.o)
    0x080002a0   0x080002a0   0x00000000   Code   RO         8550    .ARM.Collect$$$$0000000A  mc_w.l(entry8b.o)
    0x080002a0   0x080002a0   0x00000008   Code   RO         8551    .ARM.Collect$$$$0000000B  mc_w.l(entry9a.o)
    0x080002a8   0x080002a8   0x00000000   Code   RO         8553    .ARM.Collect$$$$0000000D  mc_w.l(entry10a.o)
    0x080002a8   0x080002a8   0x00000000   Code   RO         8555    .ARM.Collect$$$$0000000F  mc_w.l(entry11a.o)
    0x080002a8   0x080002a8   0x00000004   Code   RO         8544    .ARM.Collect$$$$00002712  mc_w.l(entry2.o)
    0x080002ac   0x080002ac   0x000000c2   Code   RO         7802    .emb_text           port.o
    0x0800036e   0x0800036e   0x00000002   PAD
    0x08000370   0x08000370   0x00000024   Code   RO            4    .text               startup_stm32h750xx.o
    0x08000394   0x08000394   0x00000062   Code   RO         8264    .text               mc_w.l(uldiv.o)
    0x080003f6   0x080003f6   0x00000024   Code   RO         8266    .text               mc_w.l(memcpya.o)
    0x0800041a   0x0800041a   0x00000024   Code   RO         8270    .text               mc_w.l(memseta.o)
    0x0800043e   0x0800043e   0x00000014   Code   RO         8272    .text               mc_w.l(strchr.o)
    0x08000452   0x08000452   0x0000001a   Code   RO         8276    .text               mc_w.l(memcmp.o)
    0x0800046c   0x0800046c   0x0000002c   Code   RO         8558    .text               mc_w.l(uidiv.o)
    0x08000498   0x08000498   0x0000001e   Code   RO         8560    .text               mc_w.l(llshl.o)
    0x080004b6   0x080004b6   0x00000020   Code   RO         8562    .text               mc_w.l(llushr.o)
    0x080004d6   0x080004d6   0x00000000   Code   RO         8564    .text               mc_w.l(iusefp.o)
    0x080004d6   0x080004d6   0x0000014e   Code   RO         8565    .text               mf_w.l(dadd.o)
    0x08000624   0x08000624   0x000000e4   Code   RO         8567    .text               mf_w.l(dmul.o)
    0x08000708   0x08000708   0x000000de   Code   RO         8569    .text               mf_w.l(ddiv.o)
    0x080007e6   0x080007e6   0x00000030   Code   RO         8571    .text               mf_w.l(dfixul.o)
    0x08000816   0x08000816   0x00000002   PAD
    0x08000818   0x08000818   0x00000030   Code   RO         8573    .text               mf_w.l(cdrcmple.o)
    0x08000848   0x08000848   0x00000024   Code   RO         8575    .text               mc_w.l(init.o)
    0x0800086c   0x0800086c   0x00000024   Code   RO         8577    .text               mc_w.l(llsshr.o)
    0x08000890   0x08000890   0x000000ba   Code   RO         8579    .text               mf_w.l(depilogue.o)
    0x0800094a   0x0800094a   0x00000002   PAD
    0x0800094c   0x0800094c   0x00000020   Code   RO          223    i.BSP_SD_GetCardState  sdmmc_sd.o
    0x0800096c   0x0800096c   0x00000050   Code   RO          225    i.BSP_SD_Init       sdmmc_sd.o
    0x080009bc   0x080009bc   0x0000000c   Code   RO          226    i.BSP_SD_IsDetected  sdmmc_sd.o
    0x080009c8   0x080009c8   0x0000002c   Code   RO          227    i.BSP_SD_ReadBlocks  sdmmc_sd.o
    0x080009f4   0x080009f4   0x00000002   Code   RO          230    i.BSP_SD_ReadCpltCallback  sdmmc_sd.o
    0x080009f6   0x080009f6   0x00000002   PAD
    0x080009f8   0x080009f8   0x0000002c   Code   RO          231    i.BSP_SD_WriteBlocks  sdmmc_sd.o
    0x08000a24   0x08000a24   0x00000002   Code   RO          234    i.BSP_SD_WriteCpltCallback  sdmmc_sd.o
    0x08000a26   0x08000a26   0x00000002   Code   RO         1001    i.BusFault_Handler  stm32h7xx_it.o
    0x08000a28   0x08000a28   0x00000002   Code   RO         1002    i.DebugMon_Handler  stm32h7xx_it.o
    0x08000a2a   0x08000a2a   0x00000004   Code   RO          948    i.Error_Handler     main.o
    0x08000a2e   0x08000a2e   0x0000006a   Code   RO         6063    i.FMC_SDRAM_Init    stm32h7xx_ll_fmc.o
    0x08000a98   0x08000a98   0x00000012   Code   RO         6064    i.FMC_SDRAM_ProgramRefreshRate  stm32h7xx_ll_fmc.o
    0x08000aaa   0x08000aaa   0x00000026   Code   RO         6065    i.FMC_SDRAM_SendCommand  stm32h7xx_ll_fmc.o
    0x08000ad0   0x08000ad0   0x000000b0   Code   RO         6067    i.FMC_SDRAM_Timing_Init  stm32h7xx_ll_fmc.o
    0x08000b80   0x08000b80   0x00000154   Code   RO          744    i.FreeRTOS_Start    rtos_task.o
    0x08000cd4   0x08000cd4   0x00000360   Code   RO         1821    i.HAL_DMA_Abort     stm32h7xx_hal_dma.o
    0x08001034   0x08001034   0x00000284   Code   RO         1822    i.HAL_DMA_Abort_IT  stm32h7xx_hal_dma.o
    0x080012b8   0x080012b8   0x00000024   Code   RO         1118    i.HAL_Delay         stm32h7xx_hal.o
    0x080012dc   0x080012dc   0x00000110   Code   RO          390    i.HAL_FMC_MspInit   sdram.o
    0x080013ec   0x080013ec   0x0000022c   Code   RO         2406    i.HAL_GPIO_Init     stm32h7xx_hal_gpio.o
    0x08001618   0x08001618   0x00000010   Code   RO         2409    i.HAL_GPIO_TogglePin  stm32h7xx_hal_gpio.o
    0x08001628   0x08001628   0x0000000a   Code   RO         2410    i.HAL_GPIO_WritePin  stm32h7xx_hal_gpio.o
    0x08001632   0x08001632   0x00000002   PAD
    0x08001634   0x08001634   0x0000000c   Code   RO         1129    i.HAL_GetREVID      stm32h7xx_hal.o
    0x08001640   0x08001640   0x0000000c   Code   RO         1130    i.HAL_GetTick       stm32h7xx_hal.o
    0x0800164c   0x0800164c   0x00000010   Code   RO         1136    i.HAL_IncTick       stm32h7xx_hal.o
    0x0800165c   0x0800165c   0x0000005c   Code   RO         1137    i.HAL_Init          stm32h7xx_hal.o
    0x080016b8   0x080016b8   0x00000040   Code   RO         1138    i.HAL_InitTick      stm32h7xx_hal.o
    0x080016f8   0x080016f8   0x0000001c   Code   RO         1087    i.HAL_MspInit       stm32h7xx_hal_msp.o
    0x08001714   0x08001714   0x0000001a   Code   RO         1519    i.HAL_NVIC_EnableIRQ  stm32h7xx_hal_cortex.o
    0x0800172e   0x0800172e   0x00000002   PAD
    0x08001730   0x08001730   0x00000040   Code   RO         1525    i.HAL_NVIC_SetPriority  stm32h7xx_hal_cortex.o
    0x08001770   0x08001770   0x00000024   Code   RO         1526    i.HAL_NVIC_SetPriorityGrouping  stm32h7xx_hal_cortex.o
    0x08001794   0x08001794   0x00000054   Code   RO         3755    i.HAL_PWREx_ConfigSupply  stm32h7xx_hal_pwr_ex.o
    0x080017e8   0x080017e8   0x00000024   Code   RO         4160    i.HAL_RCCEx_GetD3PCLK1Freq  stm32h7xx_hal_rcc_ex.o
    0x0800180c   0x0800180c   0x00000148   Code   RO         4161    i.HAL_RCCEx_GetPLL1ClockFreq  stm32h7xx_hal_rcc_ex.o
    0x08001954   0x08001954   0x00000144   Code   RO         4162    i.HAL_RCCEx_GetPLL2ClockFreq  stm32h7xx_hal_rcc_ex.o
    0x08001a98   0x08001a98   0x00000144   Code   RO         4163    i.HAL_RCCEx_GetPLL3ClockFreq  stm32h7xx_hal_rcc_ex.o
    0x08001bdc   0x08001bdc   0x0000026c   Code   RO         4165    i.HAL_RCCEx_GetPeriphCLKFreq  stm32h7xx_hal_rcc_ex.o
    0x08001e48   0x08001e48   0x000008d2   Code   RO         4169    i.HAL_RCCEx_PeriphCLKConfig  stm32h7xx_hal_rcc_ex.o
    0x0800271a   0x0800271a   0x00000002   PAD
    0x0800271c   0x0800271c   0x0000025c   Code   RO         4045    i.HAL_RCC_ClockConfig  stm32h7xx_hal_rcc.o
    0x08002978   0x08002978   0x00000044   Code   RO         4050    i.HAL_RCC_GetHCLKFreq  stm32h7xx_hal_rcc.o
    0x080029bc   0x080029bc   0x00000024   Code   RO         4052    i.HAL_RCC_GetPCLK1Freq  stm32h7xx_hal_rcc.o
    0x080029e0   0x080029e0   0x00000024   Code   RO         4053    i.HAL_RCC_GetPCLK2Freq  stm32h7xx_hal_rcc.o
    0x08002a04   0x08002a04   0x00000138   Code   RO         4054    i.HAL_RCC_GetSysClockFreq  stm32h7xx_hal_rcc.o
    0x08002b3c   0x08002b3c   0x00000530   Code   RO         4057    i.HAL_RCC_OscConfig  stm32h7xx_hal_rcc.o
    0x0800306c   0x0800306c   0x00000002   Code   RO         4438    i.HAL_SDEx_Read_DMADoubleBuf0CpltCallback  stm32h7xx_hal_sd.o
    0x0800306e   0x0800306e   0x00000002   Code   RO         4439    i.HAL_SDEx_Read_DMADoubleBuf1CpltCallback  stm32h7xx_hal_sd.o
    0x08003070   0x08003070   0x00000002   Code   RO         4440    i.HAL_SDEx_Write_DMADoubleBuf0CpltCallback  stm32h7xx_hal_sd.o
    0x08003072   0x08003072   0x00000002   Code   RO         4441    i.HAL_SDEx_Write_DMADoubleBuf1CpltCallback  stm32h7xx_hal_sd.o
    0x08003074   0x08003074   0x00000050   Code   RO         4721    i.HAL_SDRAM_Init    stm32h7xx_hal_sdram.o
    0x080030c4   0x080030c4   0x00000004   Code   RO          391    i.HAL_SDRAM_MspInit  sdram.o
    0x080030c8   0x080030c8   0x0000002e   Code   RO         4724    i.HAL_SDRAM_ProgramRefreshRate  stm32h7xx_hal_sdram.o
    0x080030f6   0x080030f6   0x00000002   PAD
    0x080030f8   0x080030f8   0x0000003c   Code   RO         4730    i.HAL_SDRAM_SendCommand  stm32h7xx_hal_sdram.o
    0x08003134   0x08003134   0x000000b4   Code   RO         4445    i.HAL_SD_ConfigSpeedBusOperation  stm32h7xx_hal_sd.o
    0x080031e8   0x080031e8   0x00000188   Code   RO         4446    i.HAL_SD_ConfigWideBusOperation  stm32h7xx_hal_sd.o
    0x08003370   0x08003370   0x00000002   Code   RO         4449    i.HAL_SD_ErrorCallback  stm32h7xx_hal_sd.o
    0x08003372   0x08003372   0x00000002   PAD
    0x08003374   0x08003374   0x000001bc   Code   RO         4451    i.HAL_SD_GetCardCSD  stm32h7xx_hal_sd.o
    0x08003530   0x08003530   0x0000002c   Code   RO         4453    i.HAL_SD_GetCardState  stm32h7xx_hal_sd.o
    0x0800355c   0x0800355c   0x000000cc   Code   RO         4454    i.HAL_SD_GetCardStatus  stm32h7xx_hal_sd.o
    0x08003628   0x08003628   0x00000240   Code   RO         4457    i.HAL_SD_IRQHandler  stm32h7xx_hal_sd.o
    0x08003868   0x08003868   0x0000009a   Code   RO         4458    i.HAL_SD_Init       stm32h7xx_hal_sd.o
    0x08003902   0x08003902   0x00000002   PAD
    0x08003904   0x08003904   0x000000a4   Code   RO         4459    i.HAL_SD_InitCard   stm32h7xx_hal_sd.o
    0x080039a8   0x080039a8   0x00000002   Code   RO         4461    i.HAL_SD_MspInit    stm32h7xx_hal_sd.o
    0x080039aa   0x080039aa   0x00000002   PAD
    0x080039ac   0x080039ac   0x000001c4   Code   RO         4462    i.HAL_SD_ReadBlocks  stm32h7xx_hal_sd.o
    0x08003b70   0x08003b70   0x00000018   Code   RO          236    i.HAL_SD_RxCpltCallback  sdmmc_sd.o
    0x08003b88   0x08003b88   0x00000018   Code   RO          237    i.HAL_SD_TxCpltCallback  sdmmc_sd.o
    0x08003ba0   0x08003ba0   0x000001dc   Code   RO         4467    i.HAL_SD_WriteBlocks  stm32h7xx_hal_sd.o
    0x08003d7c   0x08003d7c   0x00000158   Code   RO         4987    i.HAL_SPI_Init      stm32h7xx_hal_spi.o
    0x08003ed4   0x08003ed4   0x000000f0   Code   RO          491    i.HAL_SPI_MspInit   lcd_spi_169.o
    0x08003fc4   0x08003fc4   0x00000238   Code   RO         4995    i.HAL_SPI_Transmit  stm32h7xx_hal_spi.o
    0x080041fc   0x080041fc   0x00000026   Code   RO         1530    i.HAL_SYSTICK_Config  stm32h7xx_hal_cortex.o
    0x08004222   0x08004222   0x00000040   Code   RO         5791    i.HAL_UARTEx_DisableFifoMode  stm32h7xx_hal_uart_ex.o
    0x08004262   0x08004262   0x00000002   Code   RO         5380    i.HAL_UARTEx_RxEventCallback  stm32h7xx_hal_uart.o
    0x08004264   0x08004264   0x00000002   Code   RO         5798    i.HAL_UARTEx_RxFifoFullCallback  stm32h7xx_hal_uart_ex.o
    0x08004266   0x08004266   0x0000004c   Code   RO         5799    i.HAL_UARTEx_SetRxFifoThreshold  stm32h7xx_hal_uart_ex.o
    0x080042b2   0x080042b2   0x0000004c   Code   RO         5800    i.HAL_UARTEx_SetTxFifoThreshold  stm32h7xx_hal_uart_ex.o
    0x080042fe   0x080042fe   0x00000002   Code   RO         5802    i.HAL_UARTEx_TxFifoEmptyCallback  stm32h7xx_hal_uart_ex.o
    0x08004300   0x08004300   0x00000002   Code   RO         5803    i.HAL_UARTEx_WakeupCallback  stm32h7xx_hal_uart_ex.o
    0x08004302   0x08004302   0x00000002   Code   RO         5396    i.HAL_UART_ErrorCallback  stm32h7xx_hal_uart.o
    0x08004304   0x08004304   0x00000360   Code   RO         5399    i.HAL_UART_IRQHandler  stm32h7xx_hal_uart.o
    0x08004664   0x08004664   0x0000006a   Code   RO         5400    i.HAL_UART_Init     stm32h7xx_hal_uart.o
    0x080046ce   0x080046ce   0x00000002   PAD
    0x080046d0   0x080046d0   0x00000084   Code   RO          170    i.HAL_UART_MspInit  usart.o
    0x08004754   0x08004754   0x000000fe   Code   RO         5403    i.HAL_UART_Receive  stm32h7xx_hal_uart.o
    0x08004852   0x08004852   0x00000002   PAD
    0x08004854   0x08004854   0x00000054   Code   RO         5405    i.HAL_UART_Receive_IT  stm32h7xx_hal_uart.o
    0x080048a8   0x080048a8   0x00000088   Code   RO          745    i.HAL_UART_RxCpltCallback  rtos_task.o
    0x08004930   0x08004930   0x000000be   Code   RO         5409    i.HAL_UART_Transmit  stm32h7xx_hal_uart.o
    0x080049ee   0x080049ee   0x00000002   Code   RO         5412    i.HAL_UART_TxCpltCallback  stm32h7xx_hal_uart.o
    0x080049f0   0x080049f0   0x00000090   Code   RO          911    i.HAL_USART2_MspInit  usart2.o
    0x08004a80   0x08004a80   0x00000002   Code   RO         1003    i.HardFault_Handler  stm32h7xx_it.o
    0x08004a82   0x08004a82   0x00000002   PAD
    0x08004a84   0x08004a84   0x00000058   Code   RO          492    i.LCD_Clear         lcd_spi_169.o
    0x08004adc   0x08004adc   0x000000b4   Code   RO          495    i.LCD_DisplayChar   lcd_spi_169.o
    0x08004b90   0x08004b90   0x0000003c   Code   RO          498    i.LCD_DisplayNumber  lcd_spi_169.o
    0x08004bcc   0x08004bcc   0x0000003c   Code   RO          499    i.LCD_DisplayString  lcd_spi_169.o
    0x08004c08   0x08004c08   0x000000bc   Code   RO          511    i.LCD_SPI_CloseTransfer  lcd_spi_169.o
    0x08004cc4   0x08004cc4   0x00000158   Code   RO          512    i.LCD_SPI_Transmit  lcd_spi_169.o
    0x08004e1c   0x08004e1c   0x00000042   Code   RO          514    i.LCD_SPI_WaitOnFlagUntilTimeout  lcd_spi_169.o
    0x08004e5e   0x08004e5e   0x00000002   PAD
    0x08004e60   0x08004e60   0x00000054   Code   RO          515    i.LCD_SetAddress    lcd_spi_169.o
    0x08004eb4   0x08004eb4   0x00000024   Code   RO          517    i.LCD_SetBackColor  lcd_spi_169.o
    0x08004ed8   0x08004ed8   0x00000024   Code   RO          518    i.LCD_SetColor      lcd_spi_169.o
    0x08004efc   0x08004efc   0x00000070   Code   RO          519    i.LCD_SetDirection  lcd_spi_169.o
    0x08004f6c   0x08004f6c   0x00000040   Code   RO          522    i.LCD_WriteBuff     lcd_spi_169.o
    0x08004fac   0x08004fac   0x00000028   Code   RO          523    i.LCD_WriteCommand  lcd_spi_169.o
    0x08004fd4   0x08004fd4   0x0000003c   Code   RO          524    i.LCD_WriteData_16bit  lcd_spi_169.o
    0x08005010   0x08005010   0x00000024   Code   RO          525    i.LCD_WriteData_8bit  lcd_spi_169.o
    0x08005034   0x08005034   0x00000050   Code   RO           13    i.LED_Init          led.o
    0x08005084   0x08005084   0x00000070   Code   RO          392    i.MX_FMC_Init       sdram.o
    0x080050f4   0x080050f4   0x0000002c   Code   RO          238    i.MX_SDMMC1_SD_Init  sdmmc_sd.o
    0x08005120   0x08005120   0x00000050   Code   RO          526    i.MX_SPI5_Init      lcd_spi_169.o
    0x08005170   0x08005170   0x0000006c   Code   RO          912    i.MX_USART2_UART_Init  usart2.o
    0x080051dc   0x080051dc   0x00000002   Code   RO         1004    i.MemManage_Handler  stm32h7xx_it.o
    0x080051de   0x080051de   0x00000002   Code   RO         1005    i.NMI_Handler       stm32h7xx_it.o
    0x080051e0   0x080051e0   0x00000120   Code   RO         4172    i.RCCEx_PLL2_Config  stm32h7xx_hal_rcc_ex.o
    0x08005300   0x08005300   0x00000120   Code   RO         4173    i.RCCEx_PLL3_Config  stm32h7xx_hal_rcc_ex.o
    0x08005420   0x08005420   0x00000006   Code   RO         1006    i.SDMMC1_IRQHandler  stm32h7xx_it.o
    0x08005426   0x08005426   0x00000034   Code   RO         6253    i.SDMMC_CmdAppCommand  stm32h7xx_ll_sdmmc.o
    0x0800545a   0x0800545a   0x0000002e   Code   RO         6254    i.SDMMC_CmdAppOperCommand  stm32h7xx_ll_sdmmc.o
    0x08005488   0x08005488   0x00000032   Code   RO         6255    i.SDMMC_CmdBlockLength  stm32h7xx_ll_sdmmc.o
    0x080054ba   0x080054ba   0x00000034   Code   RO         6256    i.SDMMC_CmdBusWidth  stm32h7xx_ll_sdmmc.o
    0x080054ee   0x080054ee   0x00000002   PAD
    0x080054f0   0x080054f0   0x00000054   Code   RO         6260    i.SDMMC_CmdGoIdleState  stm32h7xx_ll_sdmmc.o
    0x08005544   0x08005544   0x00000028   Code   RO         6262    i.SDMMC_CmdOperCond  stm32h7xx_ll_sdmmc.o
    0x0800556c   0x0800556c   0x00000034   Code   RO         6263    i.SDMMC_CmdReadMultiBlock  stm32h7xx_ll_sdmmc.o
    0x080055a0   0x080055a0   0x00000034   Code   RO         6264    i.SDMMC_CmdReadSingleBlock  stm32h7xx_ll_sdmmc.o
    0x080055d4   0x080055d4   0x00000034   Code   RO         6267    i.SDMMC_CmdSelDesel  stm32h7xx_ll_sdmmc.o
    0x08005608   0x08005608   0x0000002c   Code   RO         6268    i.SDMMC_CmdSendCID  stm32h7xx_ll_sdmmc.o
    0x08005634   0x08005634   0x00000030   Code   RO         6269    i.SDMMC_CmdSendCSD  stm32h7xx_ll_sdmmc.o
    0x08005664   0x08005664   0x00000032   Code   RO         6271    i.SDMMC_CmdSendSCR  stm32h7xx_ll_sdmmc.o
    0x08005696   0x08005696   0x00000034   Code   RO         6272    i.SDMMC_CmdSendStatus  stm32h7xx_ll_sdmmc.o
    0x080056ca   0x080056ca   0x00000032   Code   RO         6273    i.SDMMC_CmdSetRelAdd  stm32h7xx_ll_sdmmc.o
    0x080056fc   0x080056fc   0x00000032   Code   RO         6276    i.SDMMC_CmdStatusRegister  stm32h7xx_ll_sdmmc.o
    0x0800572e   0x0800572e   0x00000002   PAD
    0x08005730   0x08005730   0x00000054   Code   RO         6277    i.SDMMC_CmdStopTransfer  stm32h7xx_ll_sdmmc.o
    0x08005784   0x08005784   0x00000034   Code   RO         6278    i.SDMMC_CmdSwitch   stm32h7xx_ll_sdmmc.o
    0x080057b8   0x080057b8   0x00000034   Code   RO         6280    i.SDMMC_CmdWriteMultiBlock  stm32h7xx_ll_sdmmc.o
    0x080057ec   0x080057ec   0x00000034   Code   RO         6281    i.SDMMC_CmdWriteSingleBlock  stm32h7xx_ll_sdmmc.o
    0x08005820   0x08005820   0x00000026   Code   RO         6282    i.SDMMC_ConfigData  stm32h7xx_ll_sdmmc.o
    0x08005846   0x08005846   0x00000002   PAD
    0x08005848   0x08005848   0x00000124   Code   RO         6283    i.SDMMC_GetCmdResp1  stm32h7xx_ll_sdmmc.o
    0x0800596c   0x0800596c   0x00000054   Code   RO         6284    i.SDMMC_GetCmdResp2  stm32h7xx_ll_sdmmc.o
    0x080059c0   0x080059c0   0x00000048   Code   RO         6285    i.SDMMC_GetCmdResp3  stm32h7xx_ll_sdmmc.o
    0x08005a08   0x08005a08   0x0000008c   Code   RO         6286    i.SDMMC_GetCmdResp6  stm32h7xx_ll_sdmmc.o
    0x08005a94   0x08005a94   0x00000058   Code   RO         6287    i.SDMMC_GetCmdResp7  stm32h7xx_ll_sdmmc.o
    0x08005aec   0x08005aec   0x00000008   Code   RO         6291    i.SDMMC_GetPowerState  stm32h7xx_ll_sdmmc.o
    0x08005af4   0x08005af4   0x00000006   Code   RO         6292    i.SDMMC_GetResponse  stm32h7xx_ll_sdmmc.o
    0x08005afa   0x08005afa   0x00000002   PAD
    0x08005afc   0x08005afc   0x00000020   Code   RO         6293    i.SDMMC_Init        stm32h7xx_ll_sdmmc.o
    0x08005b1c   0x08005b1c   0x0000000c   Code   RO         6296    i.SDMMC_PowerState_ON  stm32h7xx_ll_sdmmc.o
    0x08005b28   0x08005b28   0x00000006   Code   RO         6297    i.SDMMC_ReadFIFO    stm32h7xx_ll_sdmmc.o
    0x08005b2e   0x08005b2e   0x00000002   PAD
    0x08005b30   0x08005b30   0x00000028   Code   RO         6298    i.SDMMC_SendCommand  stm32h7xx_ll_sdmmc.o
    0x08005b58   0x08005b58   0x0000000a   Code   RO         6300    i.SDMMC_WriteFIFO   stm32h7xx_ll_sdmmc.o
    0x08005b62   0x08005b62   0x0000007a   Code   RO          393    i.SDRAM_Initialization_Sequence  sdram.o
    0x08005bdc   0x08005bdc   0x000000e4   Code   RO         4470    i.SD_FindSCR        stm32h7xx_hal_sd.o
    0x08005cc0   0x08005cc0   0x000000f4   Code   RO         4471    i.SD_HighSpeed      stm32h7xx_hal_sd.o
    0x08005db4   0x08005db4   0x000000f6   Code   RO         4472    i.SD_InitCard       stm32h7xx_hal_sd.o
    0x08005eaa   0x08005eaa   0x00000002   PAD
    0x08005eac   0x08005eac   0x0000009c   Code   RO          240    i.SD_MspInit        sdmmc_sd.o
    0x08005f48   0x08005f48   0x000000b4   Code   RO         4473    i.SD_PowerON        stm32h7xx_hal_sd.o
    0x08005ffc   0x08005ffc   0x000000e4   Code   RO         4474    i.SD_SendSDStatus   stm32h7xx_hal_sd.o
    0x080060e0   0x080060e0   0x000000bc   Code   RO         5006    i.SPI_CloseTransfer  stm32h7xx_hal_spi.o
    0x0800619c   0x0800619c   0x000001bc   Code   RO          527    i.SPI_LCD_Init      lcd_spi_169.o
    0x08006358   0x08006358   0x00000042   Code   RO         5023    i.SPI_WaitOnFlagUntilTimeout  stm32h7xx_hal_spi.o
    0x0800639a   0x0800639a   0x00000018   Code   RO         1007    i.SysTick_Handler   stm32h7xx_it.o
    0x080063b2   0x080063b2   0x00000002   PAD
    0x080063b4   0x080063b4   0x0000010c   Code   RO          949    i.SystemClock_Config  main.o
    0x080064c0   0x080064c0   0x000000dc   Code   RO         6596    i.SystemInit        system_stm32h7xx.o
    0x0800659c   0x0800659c   0x00000044   Code   RO         5804    i.UARTEx_SetNbDataToProcess  stm32h7xx_hal_uart_ex.o
    0x080065e0   0x080065e0   0x000000c8   Code   RO         5414    i.UART_AdvFeatureConfig  stm32h7xx_hal_uart.o
    0x080066a8   0x080066a8   0x00000060   Code   RO         5415    i.UART_CheckIdleState  stm32h7xx_hal_uart.o
    0x08006708   0x08006708   0x00000014   Code   RO         5416    i.UART_DMAAbortOnError  stm32h7xx_hal_uart.o
    0x0800671c   0x0800671c   0x00000054   Code   RO         5426    i.UART_EndRxTransfer  stm32h7xx_hal_uart.o
    0x08006770   0x08006770   0x000000a2   Code   RO         5428    i.UART_RxISR_16BIT  stm32h7xx_hal_uart.o
    0x08006812   0x08006812   0x00000002   PAD
    0x08006814   0x08006814   0x00000174   Code   RO         5429    i.UART_RxISR_16BIT_FIFOEN  stm32h7xx_hal_uart.o
    0x08006988   0x08006988   0x000000a2   Code   RO         5430    i.UART_RxISR_8BIT   stm32h7xx_hal_uart.o
    0x08006a2a   0x08006a2a   0x00000002   PAD
    0x08006a2c   0x08006a2c   0x00000174   Code   RO         5431    i.UART_RxISR_8BIT_FIFOEN  stm32h7xx_hal_uart.o
    0x08006ba0   0x08006ba0   0x000003ac   Code   RO         5432    i.UART_SetConfig    stm32h7xx_hal_uart.o
    0x08006f4c   0x08006f4c   0x00000118   Code   RO         5434    i.UART_Start_Receive_IT  stm32h7xx_hal_uart.o
    0x08007064   0x08007064   0x000000ca   Code   RO         5439    i.UART_WaitOnFlagUntilTimeout  stm32h7xx_hal_uart.o
    0x0800712e   0x0800712e   0x00000002   PAD
    0x08007130   0x08007130   0x0000000c   Code   RO         1008    i.USART1_IRQHandler  stm32h7xx_it.o
    0x0800713c   0x0800713c   0x0000004c   Code   RO          171    i.USART1_Init       usart.o
    0x08007188   0x08007188   0x0000000c   Code   RO         1009    i.USART2_IRQHandler  stm32h7xx_it.o
    0x08007194   0x08007194   0x00000002   Code   RO         1010    i.UsageFault_Handler  stm32h7xx_it.o
    0x08007196   0x08007196   0x00000002   PAD
    0x08007198   0x08007198   0x00000020   Code   RO         8515    i.__0printf         mc_w.l(printfa.o)
    0x080071b8   0x080071b8   0x00000028   Code   RO         8517    i.__0sprintf        mc_w.l(printfa.o)
    0x080071e0   0x080071e0   0x00000022   Code   RO         1532    i.__NVIC_SetPriority  stm32h7xx_hal_cortex.o
    0x08007202   0x08007202   0x0000000e   Code   RO         8583    i.__scatterload_copy  mc_w.l(handlers.o)
    0x08007210   0x08007210   0x00000002   Code   RO         8584    i.__scatterload_null  mc_w.l(handlers.o)
    0x08007212   0x08007212   0x0000000e   Code   RO         8585    i.__scatterload_zeroinit  mc_w.l(handlers.o)
    0x08007220   0x08007220   0x00000184   Code   RO         8522    i._fp_digits        mc_w.l(printfa.o)
    0x080073a4   0x080073a4   0x000006dc   Code   RO         8523    i._printf_core      mc_w.l(printfa.o)
    0x08007a80   0x08007a80   0x00000024   Code   RO         8524    i._printf_post_padding  mc_w.l(printfa.o)
    0x08007aa4   0x08007aa4   0x0000002e   Code   RO         8525    i._printf_pre_padding  mc_w.l(printfa.o)
    0x08007ad2   0x08007ad2   0x0000000a   Code   RO         8527    i._sputc            mc_w.l(printfa.o)
    0x08007adc   0x08007adc   0x00000040   Code   RO          746    i.ble_Task_TaskCode  rtos_task.o
    0x08007b1c   0x08007b1c   0x000000d0   Code   RO         8009    i.check_fs          ff.o
    0x08007bec   0x08007bec   0x00000018   Code   RO         8010    i.clst2sect         ff.o
    0x08007c04   0x08007c04   0x000000e0   Code   RO         8011    i.create_chain      ff.o
    0x08007ce4   0x08007ce4   0x000000f8   Code   RO         8012    i.create_name       ff.o
    0x08007ddc   0x08007ddc   0x00000150   Code   RO         8013    i.create_partition  ff.o
    0x08007f2c   0x08007f2c   0x0000002c   Code   RO          747    i.device_testing_TaskCode  rtos_task.o
    0x08007f58   0x08007f58   0x00000058   Code   RO         8014    i.dir_clear         ff.o
    0x08007fb0   0x08007fb0   0x000000ae   Code   RO         8015    i.dir_next          ff.o
    0x0800805e   0x0800805e   0x0000006c   Code   RO         8017    i.dir_register      ff.o
    0x080080ca   0x080080ca   0x00000082   Code   RO         8019    i.dir_sdi           ff.o
    0x0800814c   0x0800814c   0x00000058   Code   RO         7957    i.disk_initialize   diskio.o
    0x080081a4   0x080081a4   0x0000000a   Code   RO         7958    i.disk_ioctl        diskio.o
    0x080081ae   0x080081ae   0x00000010   Code   RO         7959    i.disk_read         diskio.o
    0x080081be   0x080081be   0x00000010   Code   RO         7960    i.disk_status       diskio.o
    0x080081ce   0x080081ce   0x00000010   Code   RO         7961    i.disk_write        diskio.o
    0x080081de   0x080081de   0x0000001e   Code   RO         8020    i.f_close           ff.o
    0x080081fc   0x080081fc   0x00000578   Code   RO         8025    i.f_mkfs            ff.o
    0x08008774   0x08008774   0x0000004c   Code   RO         8026    i.f_mount           ff.o
    0x080087c0   0x080087c0   0x000001b4   Code   RO         8027    i.f_open            ff.o
    0x08008974   0x08008974   0x00000146   Code   RO         8029    i.f_read            ff.o
    0x08008aba   0x08008aba   0x00000002   PAD
    0x08008abc   0x08008abc   0x00000090   Code   RO         8033    i.f_sync            ff.o
    0x08008b4c   0x08008b4c   0x00000180   Code   RO         8036    i.f_write           ff.o
    0x08008ccc   0x08008ccc   0x000003c8   Code   RO          748    i.fatfs_test        rtos_task.o
    0x08009094   0x08009094   0x000000be   Code   RO         8037    i.follow_path       ff.o
    0x08009152   0x08009152   0x00000002   PAD
    0x08009154   0x08009154   0x00000018   Code   RO          172    i.fputc             usart.o
    0x0800916c   0x0800916c   0x000000be   Code   RO         8038    i.get_fat           ff.o
    0x0800922a   0x0800922a   0x00000002   PAD
    0x0800922c   0x0800922c   0x0000003a   Code   RO         8040    i.get_ldnumber      ff.o
    0x08009266   0x08009266   0x0000001c   Code   RO          749    i.lcd_TaskCode      rtos_task.o
    0x08009282   0x08009282   0x00000026   Code   RO         8041    i.ld_clust          ff.o
    0x080092a8   0x080092a8   0x00000016   Code   RO         8042    i.ld_dword          ff.o
    0x080092be   0x080092be   0x0000000a   Code   RO         8043    i.ld_word           ff.o
    0x080092c8   0x080092c8   0x0000001c   Code   RO          750    i.led_TaskCode      rtos_task.o
    0x080092e4   0x080092e4   0x00000090   Code   RO          950    i.main              main.o
    0x08009374   0x08009374   0x00000254   Code   RO         8044    i.mount_volume      ff.o
    0x080095c8   0x080095c8   0x00000032   Code   RO         8045    i.move_window       ff.o
    0x080095fa   0x080095fa   0x00000002   PAD
    0x080095fc   0x080095fc   0x00000094   Code   RO         6817    i.prvAddCurrentTaskToDelayedList  tasks.o
    0x08009690   0x08009690   0x000000f0   Code   RO         6818    i.prvAddNewTaskToReadyList  tasks.o
    0x08009780   0x08009780   0x00000050   Code   RO         6630    i.prvCheckForValidListAndQueue  timers.o
    0x080097d0   0x080097d0   0x0000003c   Code   RO         6819    i.prvCheckTasksWaitingTermination  tasks.o
    0x0800980c   0x0800980c   0x00000026   Code   RO         7406    i.prvCopyDataFromQueue  queue.o
    0x08009832   0x08009832   0x0000006c   Code   RO         7407    i.prvCopyDataToQueue  queue.o
    0x0800989e   0x0800989e   0x00000014   Code   RO         6820    i.prvDeleteTCB      tasks.o
    0x080098b2   0x080098b2   0x00000002   PAD
    0x080098b4   0x080098b4   0x00000048   Code   RO         7883    i.prvHeapInit       heap_4.o
    0x080098fc   0x080098fc   0x00000028   Code   RO         6821    i.prvIdleTask       tasks.o
    0x08009924   0x08009924   0x000000cc   Code   RO         6822    i.prvInitialiseNewTask  tasks.o
    0x080099f0   0x080099f0   0x000000b8   Code   RO         7884    i.prvInsertBlockIntoFreeList  heap_4.o
    0x08009aa8   0x08009aa8   0x0000003c   Code   RO         6631    i.prvInsertTimerInActiveList  timers.o
    0x08009ae4   0x08009ae4   0x0000001c   Code   RO         7408    i.prvIsQueueEmpty   queue.o
    0x08009b00   0x08009b00   0x000000a8   Code   RO         7409    i.prvNotifyQueueSetContainer  queue.o
    0x08009ba8   0x08009ba8   0x00000040   Code   RO         6632    i.prvProcessExpiredTimer  timers.o
    0x08009be8   0x08009be8   0x00000128   Code   RO         6633    i.prvProcessReceivedCommands  timers.o
    0x08009d10   0x08009d10   0x0000006c   Code   RO         6634    i.prvProcessTimerOrBlockTask  timers.o
    0x08009d7c   0x08009d7c   0x00000028   Code   RO         6635    i.prvReloadTimer    timers.o
    0x08009da4   0x08009da4   0x0000001c   Code   RO         6824    i.prvResetNextTaskUnblockTime  tasks.o
    0x08009dc0   0x08009dc0   0x00000048   Code   RO         6636    i.prvSampleTimeNow  timers.o
    0x08009e08   0x08009e08   0x00000074   Code   RO         7803    i.prvTaskExitError  port.o
    0x08009e7c   0x08009e7c   0x00000024   Code   RO         6637    i.prvTimerTask      timers.o
    0x08009ea0   0x08009ea0   0x00000076   Code   RO         7410    i.prvUnlockQueue    queue.o
    0x08009f16   0x08009f16   0x000000f0   Code   RO         8046    i.put_fat           ff.o
    0x0800a006   0x0800a006   0x00000002   PAD
    0x0800a008   0x0800a008   0x0000017c   Code   RO         7886    i.pvPortMalloc      heap_4.o
    0x0800a184   0x0800a184   0x00000014   Code   RO         6826    i.pvTaskIncrementMutexHeldCount  tasks.o
    0x0800a198   0x0800a198   0x00000030   Code   RO         7804    i.pxPortInitialiseStack  port.o
    0x0800a1c8   0x0800a1c8   0x0000007c   Code   RO          751    i.recv_usart_TaskCode  rtos_task.o
    0x0800a244   0x0800a244   0x00000074   Code   RO         8047    i.remove_chain      ff.o
    0x0800a2b8   0x0800a2b8   0x00000264   Code   RO          753    i.sdram_test        rtos_task.o
    0x0800a51c   0x0800a51c   0x00000028   Code   RO         8048    i.st_clust          ff.o
    0x0800a544   0x0800a544   0x00000010   Code   RO         8049    i.st_dword          ff.o
    0x0800a554   0x0800a554   0x00000008   Code   RO         8050    i.st_word           ff.o
    0x0800a55c   0x0800a55c   0x00000088   Code   RO         8051    i.sync_fs           ff.o
    0x0800a5e4   0x0800a5e4   0x00000046   Code   RO         8052    i.sync_window       ff.o
    0x0800a62a   0x0800a62a   0x00000002   PAD
    0x0800a62c   0x0800a62c   0x0000006c   Code   RO          754    i.sys_init          rtos_task.o
    0x0800a698   0x0800a698   0x00000048   Code   RO          755    i.usart_TaskCode    rtos_task.o
    0x0800a6e0   0x0800a6e0   0x00000024   Code   RO         7653    i.uxListRemove      list.o
    0x0800a704   0x0800a704   0x0000000c   Code   RO         6831    i.uxTaskGetNumberOfTasks  tasks.o
    0x0800a710   0x0800a710   0x00000016   Code   RO         7654    i.vListInitialise   list.o
    0x0800a726   0x0800a726   0x00000006   Code   RO         7655    i.vListInitialiseItem  list.o
    0x0800a72c   0x0800a72c   0x00000030   Code   RO         7656    i.vListInsert       list.o
    0x0800a75c   0x0800a75c   0x00000088   Code   RO         7806    i.vPortEnterCritical  port.o
    0x0800a7e4   0x0800a7e4   0x00000070   Code   RO         7807    i.vPortExitCritical  port.o
    0x0800a854   0x0800a854   0x000000c8   Code   RO         7887    i.vPortFree         heap_4.o
    0x0800a91c   0x0800a91c   0x00000024   Code   RO         7808    i.vPortSetupTimerInterrupt  port.o
    0x0800a940   0x0800a940   0x0000007c   Code   RO         7418    i.vQueueAddToRegistry  queue.o
    0x0800a9bc   0x0800a9bc   0x00000044   Code   RO         7422    i.vQueueWaitForMessageRestricted  queue.o
    0x0800aa00   0x0800aa00   0x00000074   Code   RO         6837    i.vTaskDelay        tasks.o
    0x0800aa74   0x0800aa74   0x00000010   Code   RO         6842    i.vTaskInternalSetTimeOutState  tasks.o
    0x0800aa84   0x0800aa84   0x0000000c   Code   RO         6844    i.vTaskMissedYield  tasks.o
    0x0800aa90   0x0800aa90   0x0000005c   Code   RO         6845    i.vTaskPlaceOnEventList  tasks.o
    0x0800aaec   0x0800aaec   0x00000080   Code   RO         6846    i.vTaskPlaceOnEventListRestricted  tasks.o
    0x0800ab6c   0x0800ab6c   0x000000f4   Code   RO         6848    i.vTaskPriorityDisinheritAfterTimeout  tasks.o
    0x0800ac60   0x0800ac60   0x000000b4   Code   RO         6855    i.vTaskStartScheduler  tasks.o
    0x0800ad14   0x0800ad14   0x00000010   Code   RO         6857    i.vTaskSuspendAll   tasks.o
    0x0800ad24   0x0800ad24   0x0000008c   Code   RO         6858    i.vTaskSwitchContext  tasks.o
    0x0800adb0   0x0800adb0   0x00000034   Code   RO         8053    i.validate          ff.o
    0x0800ade4   0x0800ade4   0x00000108   Code   RO         7810    i.xPortStartScheduler  port.o
    0x0800aeec   0x0800aeec   0x00000030   Code   RO         7811    i.xPortSysTickHandler  port.o
    0x0800af1c   0x0800af1c   0x00000024   Code   RO         7425    i.xQueueCreateMutex  queue.o
    0x0800af40   0x0800af40   0x00000090   Code   RO         7427    i.xQueueGenericCreate  queue.o
    0x0800afd0   0x0800afd0   0x000000e4   Code   RO         7428    i.xQueueGenericReset  queue.o
    0x0800b0b4   0x0800b0b4   0x00000194   Code   RO         7429    i.xQueueGenericSend  queue.o
    0x0800b248   0x0800b248   0x00000158   Code   RO         7437    i.xQueueReceive     queue.o
    0x0800b3a0   0x0800b3a0   0x0000018c   Code   RO         7442    i.xQueueSemaphoreTake  queue.o
    0x0800b52c   0x0800b52c   0x00000098   Code   RO         6860    i.xTaskCheckForTimeOut  tasks.o
    0x0800b5c4   0x0800b5c4   0x0000005c   Code   RO         6861    i.xTaskCreate       tasks.o
    0x0800b620   0x0800b620   0x0000001c   Code   RO         6869    i.xTaskGetSchedulerState  tasks.o
    0x0800b63c   0x0800b63c   0x0000000c   Code   RO         6870    i.xTaskGetTickCount  tasks.o
    0x0800b648   0x0800b648   0x0000015c   Code   RO         6872    i.xTaskIncrementTick  tasks.o
    0x0800b7a4   0x0800b7a4   0x000000e0   Code   RO         6873    i.xTaskPriorityDisinherit  tasks.o
    0x0800b884   0x0800b884   0x000000b8   Code   RO         6874    i.xTaskPriorityInherit  tasks.o
    0x0800b93c   0x0800b93c   0x00000108   Code   RO         6875    i.xTaskRemoveFromEventList  tasks.o
    0x0800ba44   0x0800ba44   0x00000174   Code   RO         6876    i.xTaskResumeAll    tasks.o
    0x0800bbb8   0x0800bbb8   0x0000007c   Code   RO         6646    i.xTimerCreateTimerTask  timers.o
    0x0800bc34   0x0800bc34   0x000011d0   Data   RO          448    .constdata          lcd_fonts.o
    0x0800ce04   0x0800ce04   0x00000018   Data   RO         5440    .constdata          stm32h7xx_hal_uart.o
    0x0800ce1c   0x0800ce1c   0x00000010   Data   RO         5805    .constdata          stm32h7xx_hal_uart_ex.o
    0x0800ce2c   0x0800ce2c   0x00000010   Data   RO         6597    .constdata          system_stm32h7xx.o
    0x0800ce3c   0x0800ce3c   0x0000002c   Data   RO         8055    .constdata          ff.o
    0x0800ce68   0x0800ce68   0x00000048   Data   RO          757    .conststring        rtos_task.o
    0x0800ceb0   0x0800ceb0   0x00000020   Data   RO         8581    Region$$Table       anon$$obj.o


    Execution Region RW_IRAM1 (Exec base: 0x20000000, Load base: 0x0800ced0, Size: 0x000199f0, Max: 0x00020000, ABSOLUTE)

    Exec Addr    Load Addr    Size         Type   Attr      Idx    E Section Name        Object

    0x20000000   0x0800ced0   0x0000000c   Data   RW          458    .data               lcd_fonts.o
    0x2000000c   0x0800cedc   0x00000008   Data   RW          529    .data               lcd_spi_169.o
    0x20000014   0x0800cee4   0x00000030   Data   RW          758    .data               rtos_task.o
    0x20000044   0x0800cf14   0x0000000c   Data   RW         1159    .data               stm32h7xx_hal.o
    0x20000050   0x0800cf20   0x00000008   Data   RW         6598    .data               system_stm32h7xx.o
    0x20000058   0x0800cf28   0x00000014   Data   RW         6657    .data               timers.o
    0x2000006c   0x0800cf3c   0x00000040   Data   RW         6879    .data               tasks.o
    0x200000ac   0x0800cf7c   0x0000000c   Data   RW         7812    .data               port.o
    0x200000b8   0x0800cf88   0x0000001c   Data   RW         7894    .data               heap_4.o
    0x200000d4   0x0800cfa4   0x00000008   Data   RW         8056    .data               ff.o
    0x200000dc   0x0800cfac   0x00000004   Data   RW         8557    .data               mc_w.l(stdout.o)
    0x200000e0        -       0x00000090   Zero   RW          173    .bss                usart.o
    0x20000170        -       0x0000007c   Zero   RW          241    .bss                sdmmc_sd.o
    0x200001ec        -       0x00000044   Zero   RW          394    .bss                sdram.o
    0x20000230        -       0x00000898   Zero   RW          528    .bss                lcd_spi_169.o
    0x20000ac8        -       0x00010748   Zero   RW          756    .bss                rtos_task.o
    0x20011210        -       0x00000090   Zero   RW          913    .bss                usart2.o
    0x200112a0        -       0x00000028   Zero   RW         6656    .bss                timers.o
    0x200112c8        -       0x000002e4   Zero   RW         6878    .bss                tasks.o
    0x200115ac        -       0x00000040   Zero   RW         7444    .bss                queue.o
    0x200115ec        -       0x00008000   Zero   RW         7893    .bss                heap_4.o
    0x200195ec   0x0800cfb0   0x00000004   PAD
    0x200195f0        -       0x00000400   Zero   RW            1    STACK               startup_stm32h750xx.o


==============================================================================

Image component sizes


      Code (inc. data)   RO Data    RW Data    ZI Data      Debug   Object Name

       146         48          0          0          0       3826   diskio.o
      6168        160         44          8          0      47178   ff.o
       836        240          0         28      32768       5527   heap_4.o
         0          0       4560         12          0       2031   lcd_fonts.o
      2218        154          0          8       2200      15169   lcd_spi_169.o
        80         10          0          0          0    1325007   led.o
       112          0          0          0          0       2849   list.o
       416         20          0          0          0      38307   main.o
       954        360          0         12          0      10512   port.o
      2204        334          0          0         64      17205   queue.o
      2524       1350         72         48      67400      34470   rtos_task.o
       464         52          0          0        124       7667   sdmmc_sd.o
       510         36          0          0         68       3296   sdram.o
        36          8        664          0       1024        832   startup_stm32h750xx.o
       232         44          0         12          0      23392   stm32h7xx_hal.o
       198         12          0          0          0      39579   stm32h7xx_hal_cortex.o
      1508         70          0          0          0       3903   stm32h7xx_hal_dma.o
       582         50          0          0          0       2945   stm32h7xx_hal_gpio.o
        28          6          0          0          0        922   stm32h7xx_hal_msp.o
        84          6          0          0          0        785   stm32h7xx_hal_pwr_ex.o
      2384        108          0          0          0       7116   stm32h7xx_hal_rcc.o
      4466        172          0          0          0      10439   stm32h7xx_hal_rcc_ex.o
      4224         88          0          0          0      22133   stm32h7xx_hal_sd.o
       186          4          0          0          0       2952   stm32h7xx_hal_sdram.o
      1166         14          0          0          0       4874   stm32h7xx_hal_spi.o
      4394        176         24          0          0      38469   stm32h7xx_hal_uart.o
       290          6         16          0          0       5478   stm32h7xx_hal_uart_ex.o
        66         12          0          0          0       4675   stm32h7xx_it.o
       338         12          0          0          0       4296   stm32h7xx_ll_fmc.o
      1842         72          0          0          0      25176   stm32h7xx_ll_sdmmc.o
         0          0          0          0          0      12888   stream_buffer.o
       220         40         16          8          0       1486   system_stm32h7xx.o
      3392        726          0         64        740      38130   tasks.o
       880        180          0         20         40      13576   timers.o
       232         28          0          0        144       3646   usart.o
       252         22          0          0        144       2053   usart2.o

    ----------------------------------------------------------------------
     43694       4620       5428        220     104720    1782789   Object Totals
         0          0         32          0          0          0   (incl. Generated)
        62          0          0          0          4          0   (incl. Padding)

    ----------------------------------------------------------------------

      Code (inc. data)   RO Data    RW Data    ZI Data      Debug   Library Member Name

         0          0          0          0          0          0   entry.o
         0          0          0          0          0          0   entry10a.o
         0          0          0          0          0          0   entry11a.o
         8          4          0          0          0          0   entry2.o
         4          0          0          0          0          0   entry5.o
         0          0          0          0          0          0   entry7b.o
         0          0          0          0          0          0   entry8b.o
         8          4          0          0          0          0   entry9a.o
        30          0          0          0          0          0   handlers.o
        36          8          0          0          0         68   init.o
         0          0          0          0          0          0   iusefp.o
        30          0          0          0          0         68   llshl.o
        36          0          0          0          0         68   llsshr.o
        32          0          0          0          0         68   llushr.o
        26          0          0          0          0         80   memcmp.o
        36          0          0          0          0         68   memcpya.o
        36          0          0          0          0        108   memseta.o
      2308         96          0          0          0        604   printfa.o
         0          0          0          4          0          0   stdout.o
        20          0          0          0          0         68   strchr.o
        44          0          0          0          0         80   uidiv.o
        98          0          0          0          0         92   uldiv.o
        48          0          0          0          0         68   cdrcmple.o
       334          0          0          0          0        148   dadd.o
       222          0          0          0          0        100   ddiv.o
       186          0          0          0          0        176   depilogue.o
        48          0          0          0          0         68   dfixul.o
       228          0          0          0          0         96   dmul.o

    ----------------------------------------------------------------------
      3822        112          0          4          0       2028   Library Totals
         4          0          0          0          0          0   (incl. Padding)

    ----------------------------------------------------------------------

      Code (inc. data)   RO Data    RW Data    ZI Data      Debug   Library Name

      2752        112          0          4          0       1372   mc_w.l
      1066          0          0          0          0        656   mf_w.l

    ----------------------------------------------------------------------
      3822        112          0          4          0       2028   Library Totals

    ----------------------------------------------------------------------

==============================================================================


      Code (inc. data)   RO Data    RW Data    ZI Data      Debug   

     47516       4732       5428        224     104720    1756181   Grand Totals
     47516       4732       5428        224     104720    1756181   ELF Image Totals
     47516       4732       5428        224          0          0   ROM Totals

==============================================================================

    Total RO  Size (Code + RO Data)                52944 (  51.70kB)
    Total RW  Size (RW Data + ZI Data)            104944 ( 102.48kB)
    Total ROM Size (Code + RO Data + RW Data)      53168 (  51.92kB)

==============================================================================

